Archive member included to satisfy reference by file (symbol)

.\CortexM3\ARM_GCC_541\Debug\DelSig_16Channel01.a(Start_Reg.o)
                              .\CortexM3\ARM_GCC_541\Debug\main.o (Start_Reg_Write)
.\CortexM3\ARM_GCC_541\Debug\DelSig_16Channel01.a(LCD.o)
                              .\CortexM3\ARM_GCC_541\Debug\main.o (LCD_Start)
.\CortexM3\ARM_GCC_541\Debug\DelSig_16Channel01.a(DMA_1_dma.o)
                              .\CortexM3\ARM_GCC_541\Debug\main.o (DMA_1_DmaInitialize)
.\CortexM3\ARM_GCC_541\Debug\DelSig_16Channel01.a(Delay_PWM.o)
                              .\CortexM3\ARM_GCC_541\Debug\main.o (Delay_PWM_Start)
.\CortexM3\ARM_GCC_541\Debug\DelSig_16Channel01.a(ADC.o)
                              .\CortexM3\ARM_GCC_541\Debug\main.o (ADC_Start)
.\CortexM3\ARM_GCC_541\Debug\DelSig_16Channel01.a(ADC_INT.o)
                              .\CortexM3\ARM_GCC_541\Debug\DelSig_16Channel01.a(ADC.o) (ADC_ISR1)
.\CortexM3\ARM_GCC_541\Debug\DelSig_16Channel01.a(ADC_AMux.o)
                              .\CortexM3\ARM_GCC_541\Debug\DelSig_16Channel01.a(ADC.o) (ADC_AMux_Select)
.\CortexM3\ARM_GCC_541\Debug\DelSig_16Channel01.a(ADC_Ext_CP_Clk.o)
                              .\CortexM3\ARM_GCC_541\Debug\DelSig_16Channel01.a(ADC.o) (ADC_Ext_CP_Clk_SetDividerRegister)
.\CortexM3\ARM_GCC_541\Debug\DelSig_16Channel01.a(ADC_theACLK.o)
                              .\CortexM3\ARM_GCC_541\Debug\DelSig_16Channel01.a(ADC.o) (ADC_theACLK_SetDividerRegister)
.\CortexM3\ARM_GCC_541\Debug\DelSig_16Channel01.a(CyDmac.o)
                              .\CortexM3\ARM_GCC_541\Debug\Cm3Start.o (CyDmacConfigure)
.\CortexM3\ARM_GCC_541\Debug\DelSig_16Channel01.a(CyLib.o)
                              .\CortexM3\ARM_GCC_541\Debug\Cm3Start.o (CyResetStatus)
.\CortexM3\ARM_GCC_541\Debug\DelSig_16Channel01.a(cyPm.o)
                              .\CortexM3\ARM_GCC_541\Debug\DelSig_16Channel01.a(CyLib.o) (CyPmReadStatus)
.\CortexM3\ARM_GCC_541\Debug\DelSig_16Channel01.a(CyBootAsmGnu.o)
                              .\CortexM3\ARM_GCC_541\Debug\cyfitter_cfg.o (CyDelayCycles)
.\CortexM3\ARM_GCC_541\Debug\DelSig_16Channel01.a(CyFlash.o)
                              .\CortexM3\ARM_GCC_541\Debug\DelSig_16Channel01.a(cyPm.o) (CyFlash_SetWaitCycles)
.\CortexM3\ARM_GCC_541\Debug\DelSig_16Channel01.a(CySpc.o)
                              .\CortexM3\ARM_GCC_541\Debug\DelSig_16Channel01.a(CyFlash.o) (CySpcStart)
c:/program files (x86)/cypress/psoc creator/4.4/psoc creator/import/gnu/arm/5.4.1/bin/../lib/gcc/arm-none-eabi/5.4.1/armv7-m\libgcc.a(_arm_addsubdf3.o)
                              .\CortexM3\ARM_GCC_541\Debug\DelSig_16Channel01.a(ADC.o) (__aeabi_f2d)
c:/program files (x86)/cypress/psoc creator/4.4/psoc creator/import/gnu/arm/5.4.1/bin/../lib/gcc/arm-none-eabi/5.4.1/armv7-m\libgcc.a(_arm_cmpdf2.o)
                              .\CortexM3\ARM_GCC_541\Debug\DelSig_16Channel01.a(ADC.o) (__aeabi_dcmpgt)
c:/program files (x86)/cypress/psoc creator/4.4/psoc creator/import/gnu/arm/5.4.1/bin/../lib/gcc/arm-none-eabi/5.4.1/armv7-m\libgcc.a(_arm_addsubsf3.o)
                              .\CortexM3\ARM_GCC_541\Debug\DelSig_16Channel01.a(ADC.o) (__aeabi_ui2f)
c:/program files (x86)/cypress/psoc creator/4.4/psoc creator/import/gnu/arm/5.4.1/bin/../lib/gcc/arm-none-eabi/5.4.1/armv7-m\libgcc.a(_arm_muldivsf3.o)
                              .\CortexM3\ARM_GCC_541\Debug\DelSig_16Channel01.a(ADC.o) (__aeabi_fmul)
c:/program files (x86)/cypress/psoc creator/4.4/psoc creator/import/gnu/arm/5.4.1/bin/../lib/gcc/arm-none-eabi/5.4.1/armv7-m\libgcc.a(_arm_fixunssfsi.o)
                              .\CortexM3\ARM_GCC_541\Debug\DelSig_16Channel01.a(ADC.o) (__aeabi_f2uiz)
c:/program files (x86)/cypress/psoc creator/4.4/psoc creator/import/gnu/arm/5.4.1/bin/../lib/gcc/arm-none-eabi/5.4.1/../../../../arm-none-eabi/lib/armv7-m\libg_nano.a(lib_a-errno.o)
                              .\CortexM3\ARM_GCC_541\Debug\Cm3Start.o (__errno)
c:/program files (x86)/cypress/psoc creator/4.4/psoc creator/import/gnu/arm/5.4.1/bin/../lib/gcc/arm-none-eabi/5.4.1/../../../../arm-none-eabi/lib/armv7-m\libg_nano.a(lib_a-exit.o)
                              c:/program files (x86)/cypress/psoc creator/4.4/psoc creator/import/gnu/arm/5.4.1/bin/../lib/gcc/arm-none-eabi/5.4.1/../../../../arm-none-eabi/lib/armv7-m/crt0.o (exit)
c:/program files (x86)/cypress/psoc creator/4.4/psoc creator/import/gnu/arm/5.4.1/bin/../lib/gcc/arm-none-eabi/5.4.1/../../../../arm-none-eabi/lib/armv7-m\libg_nano.a(lib_a-impure.o)
                              c:/program files (x86)/cypress/psoc creator/4.4/psoc creator/import/gnu/arm/5.4.1/bin/../lib/gcc/arm-none-eabi/5.4.1/../../../../arm-none-eabi/lib/armv7-m\libg_nano.a(lib_a-exit.o) (_global_impure_ptr)
c:/program files (x86)/cypress/psoc creator/4.4/psoc creator/import/gnu/arm/5.4.1/bin/../lib/gcc/arm-none-eabi/5.4.1/../../../../arm-none-eabi/lib/armv7-m\libg_nano.a(lib_a-init.o)
                              c:/program files (x86)/cypress/psoc creator/4.4/psoc creator/import/gnu/arm/5.4.1/bin/../lib/gcc/arm-none-eabi/5.4.1/../../../../arm-none-eabi/lib/armv7-m/crt0.o (__libc_init_array)
c:/program files (x86)/cypress/psoc creator/4.4/psoc creator/import/gnu/arm/5.4.1/bin/../lib/gcc/arm-none-eabi/5.4.1/../../../../arm-none-eabi/lib/armv7-m\libg_nano.a(lib_a-memcpy-stub.o)
                              .\CortexM3\ARM_GCC_541\Debug\cyfitter_cfg.o (memcpy)
c:/program files (x86)/cypress/psoc creator/4.4/psoc creator/import/gnu/arm/5.4.1/bin/../lib/gcc/arm-none-eabi/5.4.1/../../../../arm-none-eabi/lib/armv7-m\libg_nano.a(lib_a-memset.o)
                              c:/program files (x86)/cypress/psoc creator/4.4/psoc creator/import/gnu/arm/5.4.1/bin/../lib/gcc/arm-none-eabi/5.4.1/../../../../arm-none-eabi/lib/armv7-m/crt0.o (memset)

Allocating common symbols
Common symbol       size              file

ADC_Offset          0x4               .\CortexM3\ARM_GCC_541\Debug\DelSig_16Channel01.a(ADC.o)
ADC_CountsPerVolt   0x4               .\CortexM3\ARM_GCC_541\Debug\DelSig_16Channel01.a(ADC.o)
result              0x20              .\CortexM3\ARM_GCC_541\Debug\main.o
dieTemperature      0x2               .\CortexM3\ARM_GCC_541\Debug\DelSig_16Channel01.a(CyFlash.o)

Discarded input sections

 .text          0x00000000        0x0 c:/program files (x86)/cypress/psoc creator/4.4/psoc creator/import/gnu/arm/5.4.1/bin/../lib/gcc/arm-none-eabi/5.4.1/armv7-m/crti.o
 .data          0x00000000        0x0 c:/program files (x86)/cypress/psoc creator/4.4/psoc creator/import/gnu/arm/5.4.1/bin/../lib/gcc/arm-none-eabi/5.4.1/armv7-m/crti.o
 .bss           0x00000000        0x0 c:/program files (x86)/cypress/psoc creator/4.4/psoc creator/import/gnu/arm/5.4.1/bin/../lib/gcc/arm-none-eabi/5.4.1/armv7-m/crti.o
 .data          0x00000000        0x4 c:/program files (x86)/cypress/psoc creator/4.4/psoc creator/import/gnu/arm/5.4.1/bin/../lib/gcc/arm-none-eabi/5.4.1/armv7-m/crtbegin.o
 .text          0x00000000       0x74 c:/program files (x86)/cypress/psoc creator/4.4/psoc creator/import/gnu/arm/5.4.1/bin/../lib/gcc/arm-none-eabi/5.4.1/../../../../arm-none-eabi/lib/armv7-m/crt0.o
 .data          0x00000000        0x0 c:/program files (x86)/cypress/psoc creator/4.4/psoc creator/import/gnu/arm/5.4.1/bin/../lib/gcc/arm-none-eabi/5.4.1/../../../../arm-none-eabi/lib/armv7-m/crt0.o
 .bss           0x00000000        0x0 c:/program files (x86)/cypress/psoc creator/4.4/psoc creator/import/gnu/arm/5.4.1/bin/../lib/gcc/arm-none-eabi/5.4.1/../../../../arm-none-eabi/lib/armv7-m/crt0.o
 .ARM.extab     0x00000000        0x0 c:/program files (x86)/cypress/psoc creator/4.4/psoc creator/import/gnu/arm/5.4.1/bin/../lib/gcc/arm-none-eabi/5.4.1/../../../../arm-none-eabi/lib/armv7-m/crt0.o
 .ARM.exidx     0x00000000        0x8 c:/program files (x86)/cypress/psoc creator/4.4/psoc creator/import/gnu/arm/5.4.1/bin/../lib/gcc/arm-none-eabi/5.4.1/../../../../arm-none-eabi/lib/armv7-m/crt0.o
 .text          0x00000000        0x0 .\CortexM3\ARM_GCC_541\Debug\main.o
 .data          0x00000000        0x0 .\CortexM3\ARM_GCC_541\Debug\main.o
 .bss           0x00000000        0x0 .\CortexM3\ARM_GCC_541\Debug\main.o
 .text          0x00000000        0x0 .\CortexM3\ARM_GCC_541\Debug\cyfitter_cfg.o
 .data          0x00000000        0x0 .\CortexM3\ARM_GCC_541\Debug\cyfitter_cfg.o
 .text.CYCONFIGCPYCODE
                0x00000000       0x20 .\CortexM3\ARM_GCC_541\Debug\cyfitter_cfg.o
 .text.SetAnalogRoutingPumps
                0x00000000       0x3c .\CortexM3\ARM_GCC_541\Debug\cyfitter_cfg.o
 .text          0x00000000        0x0 .\CortexM3\ARM_GCC_541\Debug\cymetadata.o
 .data          0x00000000        0x0 .\CortexM3\ARM_GCC_541\Debug\cymetadata.o
 .bss           0x00000000        0x0 .\CortexM3\ARM_GCC_541\Debug\cymetadata.o
 .text          0x00000000        0x0 .\CortexM3\ARM_GCC_541\Debug\Cm3Start.o
 .data          0x00000000        0x4 .\CortexM3\ARM_GCC_541\Debug\Cm3Start.o
 .bss           0x00000000        0x0 .\CortexM3\ARM_GCC_541\Debug\Cm3Start.o
 .text._exit    0x00000000       0x14 .\CortexM3\ARM_GCC_541\Debug\Cm3Start.o
 .text._sbrk    0x00000000       0x50 .\CortexM3\ARM_GCC_541\Debug\Cm3Start.o
 .text          0x00000000        0x0 .\CortexM3\ARM_GCC_541\Debug\DelSig_16Channel01.a(Start_Reg.o)
 .data          0x00000000        0x0 .\CortexM3\ARM_GCC_541\Debug\DelSig_16Channel01.a(Start_Reg.o)
 .bss           0x00000000        0x0 .\CortexM3\ARM_GCC_541\Debug\DelSig_16Channel01.a(Start_Reg.o)
 .text.Start_Reg_Read
                0x00000000       0x18 .\CortexM3\ARM_GCC_541\Debug\DelSig_16Channel01.a(Start_Reg.o)
 .text          0x00000000        0x0 .\CortexM3\ARM_GCC_541\Debug\DelSig_16Channel01.a(LCD.o)
 .data          0x00000000        0x0 .\CortexM3\ARM_GCC_541\Debug\DelSig_16Channel01.a(LCD.o)
 .text.LCD_Stop
                0x00000000       0x18 .\CortexM3\ARM_GCC_541\Debug\DelSig_16Channel01.a(LCD.o)
 .text.LCD_Position
                0x00000000       0x70 .\CortexM3\ARM_GCC_541\Debug\DelSig_16Channel01.a(LCD.o)
 .text.LCD_PrintString
                0x00000000       0x3c .\CortexM3\ARM_GCC_541\Debug\DelSig_16Channel01.a(LCD.o)
 .text.LCD_PutChar
                0x00000000       0x1c .\CortexM3\ARM_GCC_541\Debug\DelSig_16Channel01.a(LCD.o)
 .text.LCD_WriteData
                0x00000000       0x34 .\CortexM3\ARM_GCC_541\Debug\DelSig_16Channel01.a(LCD.o)
 .text.LCD_WrDatNib
                0x00000000       0x78 .\CortexM3\ARM_GCC_541\Debug\DelSig_16Channel01.a(LCD.o)
 .text.LCD_PrintInt8
                0x00000000       0x38 .\CortexM3\ARM_GCC_541\Debug\DelSig_16Channel01.a(LCD.o)
 .text.LCD_PrintInt16
                0x00000000       0x2c .\CortexM3\ARM_GCC_541\Debug\DelSig_16Channel01.a(LCD.o)
 .text.LCD_PrintInt32
                0x00000000       0x34 .\CortexM3\ARM_GCC_541\Debug\DelSig_16Channel01.a(LCD.o)
 .text.LCD_PrintU32Number
                0x00000000       0xa4 .\CortexM3\ARM_GCC_541\Debug\DelSig_16Channel01.a(LCD.o)
 .rodata        0x00000000       0x10 .\CortexM3\ARM_GCC_541\Debug\DelSig_16Channel01.a(LCD.o)
 .text          0x00000000        0x0 .\CortexM3\ARM_GCC_541\Debug\DelSig_16Channel01.a(DMA_1_dma.o)
 .bss           0x00000000        0x0 .\CortexM3\ARM_GCC_541\Debug\DelSig_16Channel01.a(DMA_1_dma.o)
 .text.DMA_1_DmaRelease
                0x00000000       0x18 .\CortexM3\ARM_GCC_541\Debug\DelSig_16Channel01.a(DMA_1_dma.o)
 .text          0x00000000        0x0 .\CortexM3\ARM_GCC_541\Debug\DelSig_16Channel01.a(Delay_PWM.o)
 .data          0x00000000        0x0 .\CortexM3\ARM_GCC_541\Debug\DelSig_16Channel01.a(Delay_PWM.o)
 .text.Delay_PWM_Stop
                0x00000000       0x20 .\CortexM3\ARM_GCC_541\Debug\DelSig_16Channel01.a(Delay_PWM.o)
 .text.Delay_PWM_ReadCounter
                0x00000000       0x20 .\CortexM3\ARM_GCC_541\Debug\DelSig_16Channel01.a(Delay_PWM.o)
 .text.Delay_PWM_ReadControlRegister
                0x00000000       0x1c .\CortexM3\ARM_GCC_541\Debug\DelSig_16Channel01.a(Delay_PWM.o)
 .text.Delay_PWM_WriteControlRegister
                0x00000000       0x20 .\CortexM3\ARM_GCC_541\Debug\DelSig_16Channel01.a(Delay_PWM.o)
 .text.Delay_PWM_ReadCompare
                0x00000000       0x18 .\CortexM3\ARM_GCC_541\Debug\DelSig_16Channel01.a(Delay_PWM.o)
 .text.Delay_PWM_ReadPeriod
                0x00000000       0x18 .\CortexM3\ARM_GCC_541\Debug\DelSig_16Channel01.a(Delay_PWM.o)
 .text          0x00000000        0x0 .\CortexM3\ARM_GCC_541\Debug\DelSig_16Channel01.a(ADC.o)
 .text.ADC_Stop
                0x00000000      0x17c .\CortexM3\ARM_GCC_541\Debug\DelSig_16Channel01.a(ADC.o)
 .text.ADC_SetBufferGain
                0x00000000       0x3c .\CortexM3\ARM_GCC_541\Debug\DelSig_16Channel01.a(ADC.o)
 .text.ADC_SetCoherency
                0x00000000       0x38 .\CortexM3\ARM_GCC_541\Debug\DelSig_16Channel01.a(ADC.o)
 .text.ADC_SetGCOR
                0x00000000       0xac .\CortexM3\ARM_GCC_541\Debug\DelSig_16Channel01.a(ADC.o)
 .text.ADC_ReadGCOR
                0x00000000       0x3c .\CortexM3\ARM_GCC_541\Debug\DelSig_16Channel01.a(ADC.o)
 .text.ADC_StartConvert
                0x00000000       0x20 .\CortexM3\ARM_GCC_541\Debug\DelSig_16Channel01.a(ADC.o)
 .text.ADC_StopConvert
                0x00000000       0x20 .\CortexM3\ARM_GCC_541\Debug\DelSig_16Channel01.a(ADC.o)
 .text.ADC_IsEndConversion
                0x00000000       0x4c .\CortexM3\ARM_GCC_541\Debug\DelSig_16Channel01.a(ADC.o)
 .text.ADC_GetResult8
                0x00000000       0x68 .\CortexM3\ARM_GCC_541\Debug\DelSig_16Channel01.a(ADC.o)
 .text.ADC_GetResult16
                0x00000000       0x7c .\CortexM3\ARM_GCC_541\Debug\DelSig_16Channel01.a(ADC.o)
 .text.ADC_GetResult32
                0x00000000       0xa8 .\CortexM3\ARM_GCC_541\Debug\DelSig_16Channel01.a(ADC.o)
 .text.ADC_SetOffset
                0x00000000       0x1c .\CortexM3\ARM_GCC_541\Debug\DelSig_16Channel01.a(ADC.o)
 .text.ADC_SetGain
                0x00000000       0x1c .\CortexM3\ARM_GCC_541\Debug\DelSig_16Channel01.a(ADC.o)
 .text.ADC_CountsTo_mVolts
                0x00000000       0x3c .\CortexM3\ARM_GCC_541\Debug\DelSig_16Channel01.a(ADC.o)
 .text.ADC_CountsTo_Volts
                0x00000000       0x44 .\CortexM3\ARM_GCC_541\Debug\DelSig_16Channel01.a(ADC.o)
 .text.ADC_CountsTo_uVolts
                0x00000000       0xb4 .\CortexM3\ARM_GCC_541\Debug\DelSig_16Channel01.a(ADC.o)
 .text.ADC_SelectConfiguration
                0x00000000       0x90 .\CortexM3\ARM_GCC_541\Debug\DelSig_16Channel01.a(ADC.o)
 .text.ADC_Read8
                0x00000000       0x3c .\CortexM3\ARM_GCC_541\Debug\DelSig_16Channel01.a(ADC.o)
 .text.ADC_Read16
                0x00000000       0x3c .\CortexM3\ARM_GCC_541\Debug\DelSig_16Channel01.a(ADC.o)
 .text.ADC_Read32
                0x00000000       0x38 .\CortexM3\ARM_GCC_541\Debug\DelSig_16Channel01.a(ADC.o)
 .text          0x00000000        0x0 .\CortexM3\ARM_GCC_541\Debug\DelSig_16Channel01.a(ADC_INT.o)
 .data          0x00000000        0x0 .\CortexM3\ARM_GCC_541\Debug\DelSig_16Channel01.a(ADC_INT.o)
 .bss           0x00000000        0x0 .\CortexM3\ARM_GCC_541\Debug\DelSig_16Channel01.a(ADC_INT.o)
 .text.ADC_ISR2
                0x00000000        0xc .\CortexM3\ARM_GCC_541\Debug\DelSig_16Channel01.a(ADC_INT.o)
 .text.ADC_ISR3
                0x00000000        0xc .\CortexM3\ARM_GCC_541\Debug\DelSig_16Channel01.a(ADC_INT.o)
 .text.ADC_ISR4
                0x00000000        0xc .\CortexM3\ARM_GCC_541\Debug\DelSig_16Channel01.a(ADC_INT.o)
 .text          0x00000000        0x0 .\CortexM3\ARM_GCC_541\Debug\DelSig_16Channel01.a(ADC_AMux.o)
 .bss           0x00000000        0x0 .\CortexM3\ARM_GCC_541\Debug\DelSig_16Channel01.a(ADC_AMux.o)
 .text.ADC_AMux_FastSelect
                0x00000000       0x38 .\CortexM3\ARM_GCC_541\Debug\DelSig_16Channel01.a(ADC_AMux.o)
 .text          0x00000000        0x0 .\CortexM3\ARM_GCC_541\Debug\DelSig_16Channel01.a(ADC_Ext_CP_Clk.o)
 .data          0x00000000        0x0 .\CortexM3\ARM_GCC_541\Debug\DelSig_16Channel01.a(ADC_Ext_CP_Clk.o)
 .bss           0x00000000        0x0 .\CortexM3\ARM_GCC_541\Debug\DelSig_16Channel01.a(ADC_Ext_CP_Clk.o)
 .text.ADC_Ext_CP_Clk_Start
                0x00000000       0x34 .\CortexM3\ARM_GCC_541\Debug\DelSig_16Channel01.a(ADC_Ext_CP_Clk.o)
 .text.ADC_Ext_CP_Clk_Stop
                0x00000000       0x34 .\CortexM3\ARM_GCC_541\Debug\DelSig_16Channel01.a(ADC_Ext_CP_Clk.o)
 .text.ADC_Ext_CP_Clk_StopBlock
                0x00000000       0xb0 .\CortexM3\ARM_GCC_541\Debug\DelSig_16Channel01.a(ADC_Ext_CP_Clk.o)
 .text.ADC_Ext_CP_Clk_StandbyPower
                0x00000000       0x40 .\CortexM3\ARM_GCC_541\Debug\DelSig_16Channel01.a(ADC_Ext_CP_Clk.o)
 .text.ADC_Ext_CP_Clk_ClearModeRegister
                0x00000000       0x34 .\CortexM3\ARM_GCC_541\Debug\DelSig_16Channel01.a(ADC_Ext_CP_Clk.o)
 .text.ADC_Ext_CP_Clk_GetModeRegister
                0x00000000       0x1c .\CortexM3\ARM_GCC_541\Debug\DelSig_16Channel01.a(ADC_Ext_CP_Clk.o)
 .text.ADC_Ext_CP_Clk_SetSourceRegister
                0x00000000       0xc4 .\CortexM3\ARM_GCC_541\Debug\DelSig_16Channel01.a(ADC_Ext_CP_Clk.o)
 .text          0x00000000        0x0 .\CortexM3\ARM_GCC_541\Debug\DelSig_16Channel01.a(ADC_theACLK.o)
 .data          0x00000000        0x0 .\CortexM3\ARM_GCC_541\Debug\DelSig_16Channel01.a(ADC_theACLK.o)
 .bss           0x00000000        0x0 .\CortexM3\ARM_GCC_541\Debug\DelSig_16Channel01.a(ADC_theACLK.o)
 .text.ADC_theACLK_Start
                0x00000000       0x34 .\CortexM3\ARM_GCC_541\Debug\DelSig_16Channel01.a(ADC_theACLK.o)
 .text.ADC_theACLK_Stop
                0x00000000       0x34 .\CortexM3\ARM_GCC_541\Debug\DelSig_16Channel01.a(ADC_theACLK.o)
 .text.ADC_theACLK_StopBlock
                0x00000000       0xb0 .\CortexM3\ARM_GCC_541\Debug\DelSig_16Channel01.a(ADC_theACLK.o)
 .text.ADC_theACLK_StandbyPower
                0x00000000       0x40 .\CortexM3\ARM_GCC_541\Debug\DelSig_16Channel01.a(ADC_theACLK.o)
 .text.ADC_theACLK_ClearModeRegister
                0x00000000       0x34 .\CortexM3\ARM_GCC_541\Debug\DelSig_16Channel01.a(ADC_theACLK.o)
 .text.ADC_theACLK_GetModeRegister
                0x00000000       0x1c .\CortexM3\ARM_GCC_541\Debug\DelSig_16Channel01.a(ADC_theACLK.o)
 .text.ADC_theACLK_SetSourceRegister
                0x00000000       0xc4 .\CortexM3\ARM_GCC_541\Debug\DelSig_16Channel01.a(ADC_theACLK.o)
 .text.ADC_theACLK_SetPhaseRegister
                0x00000000       0x24 .\CortexM3\ARM_GCC_541\Debug\DelSig_16Channel01.a(ADC_theACLK.o)
 .text.ADC_theACLK_GetPhaseRegister
                0x00000000       0x1c .\CortexM3\ARM_GCC_541\Debug\DelSig_16Channel01.a(ADC_theACLK.o)
 .text          0x00000000        0x0 .\CortexM3\ARM_GCC_541\Debug\DelSig_16Channel01.a(CyDmac.o)
 .bss           0x00000000        0x0 .\CortexM3\ARM_GCC_541\Debug\DelSig_16Channel01.a(CyDmac.o)
 .text.CyDmacError
                0x00000000       0x1c .\CortexM3\ARM_GCC_541\Debug\DelSig_16Channel01.a(CyDmac.o)
 .text.CyDmacClearError
                0x00000000       0x24 .\CortexM3\ARM_GCC_541\Debug\DelSig_16Channel01.a(CyDmac.o)
 .text.CyDmacErrorAddress
                0x00000000       0x14 .\CortexM3\ARM_GCC_541\Debug\DelSig_16Channel01.a(CyDmac.o)
 .text.CyDmaChAlloc
                0x00000000       0x64 .\CortexM3\ARM_GCC_541\Debug\DelSig_16Channel01.a(CyDmac.o)
 .text.CyDmaChFree
                0x00000000       0x4c .\CortexM3\ARM_GCC_541\Debug\DelSig_16Channel01.a(CyDmac.o)
 .text.CyDmaChDisable
                0x00000000       0x60 .\CortexM3\ARM_GCC_541\Debug\DelSig_16Channel01.a(CyDmac.o)
 .text.CyDmaClearPendingDrq
                0x00000000       0x60 .\CortexM3\ARM_GCC_541\Debug\DelSig_16Channel01.a(CyDmac.o)
 .text.CyDmaChSetRequest
                0x00000000       0x58 .\CortexM3\ARM_GCC_541\Debug\DelSig_16Channel01.a(CyDmac.o)
 .text.CyDmaChGetRequest
                0x00000000       0x38 .\CortexM3\ARM_GCC_541\Debug\DelSig_16Channel01.a(CyDmac.o)
 .text.CyDmaChStatus
                0x00000000       0x60 .\CortexM3\ARM_GCC_541\Debug\DelSig_16Channel01.a(CyDmac.o)
 .text.CyDmaTdFree
                0x00000000       0x58 .\CortexM3\ARM_GCC_541\Debug\DelSig_16Channel01.a(CyDmac.o)
 .text.CyDmaTdFreeCount
                0x00000000       0x18 .\CortexM3\ARM_GCC_541\Debug\DelSig_16Channel01.a(CyDmac.o)
 .text.CyDmaTdGetConfiguration
                0x00000000       0x84 .\CortexM3\ARM_GCC_541\Debug\DelSig_16Channel01.a(CyDmac.o)
 .text.CyDmaTdGetAddress
                0x00000000       0x6c .\CortexM3\ARM_GCC_541\Debug\DelSig_16Channel01.a(CyDmac.o)
 .text.CyDmaChRoundRobin
                0x00000000       0x70 .\CortexM3\ARM_GCC_541\Debug\DelSig_16Channel01.a(CyDmac.o)
 .text          0x00000000        0x0 .\CortexM3\ARM_GCC_541\Debug\DelSig_16Channel01.a(CyLib.o)
 .bss           0x00000000       0x19 .\CortexM3\ARM_GCC_541\Debug\DelSig_16Channel01.a(CyLib.o)
 .text.CyPLL_OUT_Start
                0x00000000       0xb0 .\CortexM3\ARM_GCC_541\Debug\DelSig_16Channel01.a(CyLib.o)
 .text.CyPLL_OUT_Stop
                0x00000000       0x20 .\CortexM3\ARM_GCC_541\Debug\DelSig_16Channel01.a(CyLib.o)
 .text.CyPLL_OUT_SetPQ
                0x00000000       0x94 .\CortexM3\ARM_GCC_541\Debug\DelSig_16Channel01.a(CyLib.o)
 .text.CyPLL_OUT_SetSource
                0x00000000       0x58 .\CortexM3\ARM_GCC_541\Debug\DelSig_16Channel01.a(CyLib.o)
 .text.CyIMO_Start
                0x00000000       0x94 .\CortexM3\ARM_GCC_541\Debug\DelSig_16Channel01.a(CyLib.o)
 .text.CyIMO_Stop
                0x00000000       0x34 .\CortexM3\ARM_GCC_541\Debug\DelSig_16Channel01.a(CyLib.o)
 .text.CyUSB_PowerOnCheck
                0x00000000       0x60 .\CortexM3\ARM_GCC_541\Debug\DelSig_16Channel01.a(CyLib.o)
 .text.CyIMO_SetTrimValue
                0x00000000      0x108 .\CortexM3\ARM_GCC_541\Debug\DelSig_16Channel01.a(CyLib.o)
 .text.CyIMO_SetFreq
                0x00000000      0x1b0 .\CortexM3\ARM_GCC_541\Debug\DelSig_16Channel01.a(CyLib.o)
 .text.CyIMO_SetSource
                0x00000000       0x8c .\CortexM3\ARM_GCC_541\Debug\DelSig_16Channel01.a(CyLib.o)
 .text.CyIMO_EnableDoubler
                0x00000000       0x20 .\CortexM3\ARM_GCC_541\Debug\DelSig_16Channel01.a(CyLib.o)
 .text.CyIMO_DisableDoubler
                0x00000000       0x20 .\CortexM3\ARM_GCC_541\Debug\DelSig_16Channel01.a(CyLib.o)
 .text.CyMasterClk_SetSource
                0x00000000       0x34 .\CortexM3\ARM_GCC_541\Debug\DelSig_16Channel01.a(CyLib.o)
 .text.CyMasterClk_SetDivider
                0x00000000       0x20 .\CortexM3\ARM_GCC_541\Debug\DelSig_16Channel01.a(CyLib.o)
 .text.CyBusClk_Internal_SetDivider
                0x00000000       0x78 .\CortexM3\ARM_GCC_541\Debug\DelSig_16Channel01.a(CyLib.o)
 .text.CyBusClk_SetDivider
                0x00000000       0xb4 .\CortexM3\ARM_GCC_541\Debug\DelSig_16Channel01.a(CyLib.o)
 .text.CyUsbClk_SetSource
                0x00000000       0x34 .\CortexM3\ARM_GCC_541\Debug\DelSig_16Channel01.a(CyLib.o)
 .text.CyILO_Start1K
                0x00000000       0x20 .\CortexM3\ARM_GCC_541\Debug\DelSig_16Channel01.a(CyLib.o)
 .text.CyILO_Stop1K
                0x00000000       0x20 .\CortexM3\ARM_GCC_541\Debug\DelSig_16Channel01.a(CyLib.o)
 .text.CyILO_Start100K
                0x00000000       0x20 .\CortexM3\ARM_GCC_541\Debug\DelSig_16Channel01.a(CyLib.o)
 .text.CyILO_Stop100K
                0x00000000       0x20 .\CortexM3\ARM_GCC_541\Debug\DelSig_16Channel01.a(CyLib.o)
 .text.CyILO_Enable33K
                0x00000000       0x20 .\CortexM3\ARM_GCC_541\Debug\DelSig_16Channel01.a(CyLib.o)
 .text.CyILO_Disable33K
                0x00000000       0x20 .\CortexM3\ARM_GCC_541\Debug\DelSig_16Channel01.a(CyLib.o)
 .text.CyILO_SetSource
                0x00000000       0x38 .\CortexM3\ARM_GCC_541\Debug\DelSig_16Channel01.a(CyLib.o)
 .text.CyILO_SetPowerMode
                0x00000000       0x4c .\CortexM3\ARM_GCC_541\Debug\DelSig_16Channel01.a(CyLib.o)
 .text.CyXTAL_32KHZ_Start
                0x00000000       0x88 .\CortexM3\ARM_GCC_541\Debug\DelSig_16Channel01.a(CyLib.o)
 .text.CyXTAL_32KHZ_Stop
                0x00000000       0x50 .\CortexM3\ARM_GCC_541\Debug\DelSig_16Channel01.a(CyLib.o)
 .text.CyXTAL_32KHZ_ReadStatus
                0x00000000       0x1c .\CortexM3\ARM_GCC_541\Debug\DelSig_16Channel01.a(CyLib.o)
 .text.CyXTAL_32KHZ_SetPowerMode
                0x00000000       0xb4 .\CortexM3\ARM_GCC_541\Debug\DelSig_16Channel01.a(CyLib.o)
 .text.CyXTAL_Start
                0x00000000       0xd0 .\CortexM3\ARM_GCC_541\Debug\DelSig_16Channel01.a(CyLib.o)
 .text.CyXTAL_Stop
                0x00000000       0x20 .\CortexM3\ARM_GCC_541\Debug\DelSig_16Channel01.a(CyLib.o)
 .text.CyXTAL_EnableErrStatus
                0x00000000       0x20 .\CortexM3\ARM_GCC_541\Debug\DelSig_16Channel01.a(CyLib.o)
 .text.CyXTAL_DisableErrStatus
                0x00000000       0x20 .\CortexM3\ARM_GCC_541\Debug\DelSig_16Channel01.a(CyLib.o)
 .text.CyXTAL_ReadStatus
                0x00000000       0x24 .\CortexM3\ARM_GCC_541\Debug\DelSig_16Channel01.a(CyLib.o)
 .text.CyXTAL_EnableFaultRecovery
                0x00000000       0x20 .\CortexM3\ARM_GCC_541\Debug\DelSig_16Channel01.a(CyLib.o)
 .text.CyXTAL_DisableFaultRecovery
                0x00000000       0x20 .\CortexM3\ARM_GCC_541\Debug\DelSig_16Channel01.a(CyLib.o)
 .text.CyXTAL_SetStartup
                0x00000000       0x34 .\CortexM3\ARM_GCC_541\Debug\DelSig_16Channel01.a(CyLib.o)
 .text.CyXTAL_SetFbVoltage
                0x00000000       0x34 .\CortexM3\ARM_GCC_541\Debug\DelSig_16Channel01.a(CyLib.o)
 .text.CyXTAL_SetWdVoltage
                0x00000000       0x38 .\CortexM3\ARM_GCC_541\Debug\DelSig_16Channel01.a(CyLib.o)
 .text.CySoftwareReset
                0x00000000       0x20 .\CortexM3\ARM_GCC_541\Debug\DelSig_16Channel01.a(CyLib.o)
 .text.CyDelayFreq
                0x00000000       0x7c .\CortexM3\ARM_GCC_541\Debug\DelSig_16Channel01.a(CyLib.o)
 .text.CyWdtStart
                0x00000000       0x8c .\CortexM3\ARM_GCC_541\Debug\DelSig_16Channel01.a(CyLib.o)
 .text.CyWdtClear
                0x00000000       0x18 .\CortexM3\ARM_GCC_541\Debug\DelSig_16Channel01.a(CyLib.o)
 .text.CyVdLvDigitEnable
                0x00000000       0xcc .\CortexM3\ARM_GCC_541\Debug\DelSig_16Channel01.a(CyLib.o)
 .text.CyVdLvAnalogEnable
                0x00000000       0xcc .\CortexM3\ARM_GCC_541\Debug\DelSig_16Channel01.a(CyLib.o)
 .text.CyVdLvDigitDisable
                0x00000000       0x48 .\CortexM3\ARM_GCC_541\Debug\DelSig_16Channel01.a(CyLib.o)
 .text.CyVdLvAnalogDisable
                0x00000000       0x44 .\CortexM3\ARM_GCC_541\Debug\DelSig_16Channel01.a(CyLib.o)
 .text.CyVdHvAnalogEnable
                0x00000000       0x7c .\CortexM3\ARM_GCC_541\Debug\DelSig_16Channel01.a(CyLib.o)
 .text.CyVdHvAnalogDisable
                0x00000000       0x30 .\CortexM3\ARM_GCC_541\Debug\DelSig_16Channel01.a(CyLib.o)
 .text.CyVdStickyStatus
                0x00000000       0x5c .\CortexM3\ARM_GCC_541\Debug\DelSig_16Channel01.a(CyLib.o)
 .text.CyVdRealTimeStatus
                0x00000000       0x30 .\CortexM3\ARM_GCC_541\Debug\DelSig_16Channel01.a(CyLib.o)
 .text.CyDisableInts
                0x00000000       0x34 .\CortexM3\ARM_GCC_541\Debug\DelSig_16Channel01.a(CyLib.o)
 .text.CyEnableInts
                0x00000000       0x2c .\CortexM3\ARM_GCC_541\Debug\DelSig_16Channel01.a(CyLib.o)
 .text.CyFlushCache
                0x00000000       0x5c .\CortexM3\ARM_GCC_541\Debug\DelSig_16Channel01.a(CyLib.o)
 .text.CyIntSetSysVector
                0x00000000       0x4c .\CortexM3\ARM_GCC_541\Debug\DelSig_16Channel01.a(CyLib.o)
 .text.CyIntGetSysVector
                0x00000000       0x38 .\CortexM3\ARM_GCC_541\Debug\DelSig_16Channel01.a(CyLib.o)
 .text.CyIntGetVector
                0x00000000       0x38 .\CortexM3\ARM_GCC_541\Debug\DelSig_16Channel01.a(CyLib.o)
 .text.CyIntGetPriority
                0x00000000       0x38 .\CortexM3\ARM_GCC_541\Debug\DelSig_16Channel01.a(CyLib.o)
 .text.CyIntGetState
                0x00000000       0x44 .\CortexM3\ARM_GCC_541\Debug\DelSig_16Channel01.a(CyLib.o)
 .text.CySysTickStart
                0x00000000       0x24 .\CortexM3\ARM_GCC_541\Debug\DelSig_16Channel01.a(CyLib.o)
 .text.CySysTickInit
                0x00000000       0x6c .\CortexM3\ARM_GCC_541\Debug\DelSig_16Channel01.a(CyLib.o)
 .text.CySysTickEnable
                0x00000000       0x1c .\CortexM3\ARM_GCC_541\Debug\DelSig_16Channel01.a(CyLib.o)
 .text.CySysTickStop
                0x00000000       0x1c .\CortexM3\ARM_GCC_541\Debug\DelSig_16Channel01.a(CyLib.o)
 .text.CySysTickEnableInterrupt
                0x00000000       0x1c .\CortexM3\ARM_GCC_541\Debug\DelSig_16Channel01.a(CyLib.o)
 .text.CySysTickDisableInterrupt
                0x00000000       0x1c .\CortexM3\ARM_GCC_541\Debug\DelSig_16Channel01.a(CyLib.o)
 .text.CySysTickSetReload
                0x00000000       0x20 .\CortexM3\ARM_GCC_541\Debug\DelSig_16Channel01.a(CyLib.o)
 .text.CySysTickGetReload
                0x00000000       0x18 .\CortexM3\ARM_GCC_541\Debug\DelSig_16Channel01.a(CyLib.o)
 .text.CySysTickGetValue
                0x00000000       0x18 .\CortexM3\ARM_GCC_541\Debug\DelSig_16Channel01.a(CyLib.o)
 .text.CySysTickSetClockSource
                0x00000000       0x38 .\CortexM3\ARM_GCC_541\Debug\DelSig_16Channel01.a(CyLib.o)
 .text.CySysTickGetClockSource
                0x00000000       0x1c .\CortexM3\ARM_GCC_541\Debug\DelSig_16Channel01.a(CyLib.o)
 .text.CySysTickGetCountFlag
                0x00000000       0x1c .\CortexM3\ARM_GCC_541\Debug\DelSig_16Channel01.a(CyLib.o)
 .text.CySysTickClear
                0x00000000       0x18 .\CortexM3\ARM_GCC_541\Debug\DelSig_16Channel01.a(CyLib.o)
 .text.CySysTickSetCallback
                0x00000000       0x30 .\CortexM3\ARM_GCC_541\Debug\DelSig_16Channel01.a(CyLib.o)
 .text.CySysTickGetCallback
                0x00000000       0x20 .\CortexM3\ARM_GCC_541\Debug\DelSig_16Channel01.a(CyLib.o)
 .text.CySysTickServiceCallbacks
                0x00000000       0x44 .\CortexM3\ARM_GCC_541\Debug\DelSig_16Channel01.a(CyLib.o)
 .text.CyGetUniqueId
                0x00000000       0xc4 .\CortexM3\ARM_GCC_541\Debug\DelSig_16Channel01.a(CyLib.o)
 .text          0x00000000        0x0 .\CortexM3\ARM_GCC_541\Debug\DelSig_16Channel01.a(cyPm.o)
 .data          0x00000000        0x0 .\CortexM3\ARM_GCC_541\Debug\DelSig_16Channel01.a(cyPm.o)
 .bss           0x00000000       0x43 .\CortexM3\ARM_GCC_541\Debug\DelSig_16Channel01.a(cyPm.o)
 .rodata        0x00000000        0xf .\CortexM3\ARM_GCC_541\Debug\DelSig_16Channel01.a(cyPm.o)
 .text.CyPmSaveClocks
                0x00000000      0x288 .\CortexM3\ARM_GCC_541\Debug\DelSig_16Channel01.a(cyPm.o)
 .text.CyPmRestoreClocks
                0x00000000      0x2f0 .\CortexM3\ARM_GCC_541\Debug\DelSig_16Channel01.a(cyPm.o)
 .text.CyPmAltAct
                0x00000000       0xbc .\CortexM3\ARM_GCC_541\Debug\DelSig_16Channel01.a(cyPm.o)
 .text.CyPmSleep
                0x00000000      0x170 .\CortexM3\ARM_GCC_541\Debug\DelSig_16Channel01.a(cyPm.o)
 .text.CyPmHibernate
                0x00000000       0x10 .\CortexM3\ARM_GCC_541\Debug\DelSig_16Channel01.a(cyPm.o)
 .text.CyPmHibernateEx
                0x00000000      0x158 .\CortexM3\ARM_GCC_541\Debug\DelSig_16Channel01.a(cyPm.o)
 .text.CyPmReadStatus
                0x00000000       0x5c .\CortexM3\ARM_GCC_541\Debug\DelSig_16Channel01.a(cyPm.o)
 .text.CyPmHibSaveSet
                0x00000000       0xe8 .\CortexM3\ARM_GCC_541\Debug\DelSig_16Channel01.a(cyPm.o)
 .text.CyPmHibRestore
                0x00000000       0x78 .\CortexM3\ARM_GCC_541\Debug\DelSig_16Channel01.a(cyPm.o)
 .text.CyPmCtwSetInterval
                0x00000000       0x94 .\CortexM3\ARM_GCC_541\Debug\DelSig_16Channel01.a(cyPm.o)
 .text.CyPmOppsSet
                0x00000000       0x44 .\CortexM3\ARM_GCC_541\Debug\DelSig_16Channel01.a(cyPm.o)
 .text.CyPmFtwSetInterval
                0x00000000       0x94 .\CortexM3\ARM_GCC_541\Debug\DelSig_16Channel01.a(cyPm.o)
 .text.CyPmHibSlpSaveSet
                0x00000000      0x280 .\CortexM3\ARM_GCC_541\Debug\DelSig_16Channel01.a(cyPm.o)
 .text.CyPmHibSlpRestore
                0x00000000      0x18c .\CortexM3\ARM_GCC_541\Debug\DelSig_16Channel01.a(cyPm.o)
 .text.CyPmHviLviSaveDisable
                0x00000000       0xd8 .\CortexM3\ARM_GCC_541\Debug\DelSig_16Channel01.a(cyPm.o)
 .text.CyPmHviLviRestore
                0x00000000       0x58 .\CortexM3\ARM_GCC_541\Debug\DelSig_16Channel01.a(cyPm.o)
 .data          0x00000000        0x0 .\CortexM3\ARM_GCC_541\Debug\DelSig_16Channel01.a(CyBootAsmGnu.o)
 .bss           0x00000000        0x0 .\CortexM3\ARM_GCC_541\Debug\DelSig_16Channel01.a(CyBootAsmGnu.o)
 .text          0x00000000        0x0 .\CortexM3\ARM_GCC_541\Debug\DelSig_16Channel01.a(CyFlash.o)
 .data          0x00000000        0x0 .\CortexM3\ARM_GCC_541\Debug\DelSig_16Channel01.a(CyFlash.o)
 .bss           0x00000000        0x4 .\CortexM3\ARM_GCC_541\Debug\DelSig_16Channel01.a(CyFlash.o)
 .text.CyFlash_Start
                0x00000000       0x8c .\CortexM3\ARM_GCC_541\Debug\DelSig_16Channel01.a(CyFlash.o)
 .text.CyFlash_Stop
                0x00000000       0x48 .\CortexM3\ARM_GCC_541\Debug\DelSig_16Channel01.a(CyFlash.o)
 .text.CySetTempInt
                0x00000000       0x7c .\CortexM3\ARM_GCC_541\Debug\DelSig_16Channel01.a(CyFlash.o)
 .text.CyFlashGetSpcAlgorithm
                0x00000000       0x70 .\CortexM3\ARM_GCC_541\Debug\DelSig_16Channel01.a(CyFlash.o)
 .text.CySetTemp
                0x00000000       0x24 .\CortexM3\ARM_GCC_541\Debug\DelSig_16Channel01.a(CyFlash.o)
 .text.CySetFlashEEBuffer
                0x00000000       0x54 .\CortexM3\ARM_GCC_541\Debug\DelSig_16Channel01.a(CyFlash.o)
 .text.CyWriteRowData
                0x00000000       0x38 .\CortexM3\ARM_GCC_541\Debug\DelSig_16Channel01.a(CyFlash.o)
 .text.CyWriteRowFull
                0x00000000      0x154 .\CortexM3\ARM_GCC_541\Debug\DelSig_16Channel01.a(CyFlash.o)
 .text.CyFlash_SetWaitCycles
                0x00000000       0xbc .\CortexM3\ARM_GCC_541\Debug\DelSig_16Channel01.a(CyFlash.o)
 .text.CyEEPROM_Start
                0x00000000       0x8c .\CortexM3\ARM_GCC_541\Debug\DelSig_16Channel01.a(CyFlash.o)
 .text.CyEEPROM_Stop
                0x00000000       0x48 .\CortexM3\ARM_GCC_541\Debug\DelSig_16Channel01.a(CyFlash.o)
 .text.CyEEPROM_ReadReserve
                0x00000000       0x30 .\CortexM3\ARM_GCC_541\Debug\DelSig_16Channel01.a(CyFlash.o)
 .text.CyEEPROM_ReadRelease
                0x00000000       0x20 .\CortexM3\ARM_GCC_541\Debug\DelSig_16Channel01.a(CyFlash.o)
 COMMON         0x00000000        0x2 .\CortexM3\ARM_GCC_541\Debug\DelSig_16Channel01.a(CyFlash.o)
 .text          0x00000000        0x0 .\CortexM3\ARM_GCC_541\Debug\DelSig_16Channel01.a(CySpc.o)
 .data          0x00000000        0x0 .\CortexM3\ARM_GCC_541\Debug\DelSig_16Channel01.a(CySpc.o)
 .bss           0x00000000        0x8 .\CortexM3\ARM_GCC_541\Debug\DelSig_16Channel01.a(CySpc.o)
 .text.CySpcStart
                0x00000000       0x48 .\CortexM3\ARM_GCC_541\Debug\DelSig_16Channel01.a(CySpc.o)
 .text.CySpcStop
                0x00000000       0x48 .\CortexM3\ARM_GCC_541\Debug\DelSig_16Channel01.a(CySpc.o)
 .text.CySpcReadData
                0x00000000       0x54 .\CortexM3\ARM_GCC_541\Debug\DelSig_16Channel01.a(CySpc.o)
 .text.CySpcLoadMultiByte
                0x00000000       0xd0 .\CortexM3\ARM_GCC_541\Debug\DelSig_16Channel01.a(CySpc.o)
 .text.CySpcLoadRow
                0x00000000       0x88 .\CortexM3\ARM_GCC_541\Debug\DelSig_16Channel01.a(CySpc.o)
 .text.CySpcLoadRowFull
                0x00000000       0xcc .\CortexM3\ARM_GCC_541\Debug\DelSig_16Channel01.a(CySpc.o)
 .text.CySpcWriteRow
                0x00000000       0x98 .\CortexM3\ARM_GCC_541\Debug\DelSig_16Channel01.a(CySpc.o)
 .text.CySpcEraseSector
                0x00000000       0x70 .\CortexM3\ARM_GCC_541\Debug\DelSig_16Channel01.a(CySpc.o)
 .text.CySpcGetTemp
                0x00000000       0x64 .\CortexM3\ARM_GCC_541\Debug\DelSig_16Channel01.a(CySpc.o)
 .text.CySpcLock
                0x00000000       0x68 .\CortexM3\ARM_GCC_541\Debug\DelSig_16Channel01.a(CySpc.o)
 .text.CySpcUnlock
                0x00000000       0x50 .\CortexM3\ARM_GCC_541\Debug\DelSig_16Channel01.a(CySpc.o)
 .text.CySpcGetAlgorithm
                0x00000000       0x44 .\CortexM3\ARM_GCC_541\Debug\DelSig_16Channel01.a(CySpc.o)
 .text          0x00000000      0x370 c:/program files (x86)/cypress/psoc creator/4.4/psoc creator/import/gnu/arm/5.4.1/bin/../lib/gcc/arm-none-eabi/5.4.1/armv7-m\libgcc.a(_arm_addsubdf3.o)
 .data          0x00000000        0x0 c:/program files (x86)/cypress/psoc creator/4.4/psoc creator/import/gnu/arm/5.4.1/bin/../lib/gcc/arm-none-eabi/5.4.1/armv7-m\libgcc.a(_arm_addsubdf3.o)
 .bss           0x00000000        0x0 c:/program files (x86)/cypress/psoc creator/4.4/psoc creator/import/gnu/arm/5.4.1/bin/../lib/gcc/arm-none-eabi/5.4.1/armv7-m\libgcc.a(_arm_addsubdf3.o)
 .text          0x00000000      0x110 c:/program files (x86)/cypress/psoc creator/4.4/psoc creator/import/gnu/arm/5.4.1/bin/../lib/gcc/arm-none-eabi/5.4.1/armv7-m\libgcc.a(_arm_cmpdf2.o)
 .data          0x00000000        0x0 c:/program files (x86)/cypress/psoc creator/4.4/psoc creator/import/gnu/arm/5.4.1/bin/../lib/gcc/arm-none-eabi/5.4.1/armv7-m\libgcc.a(_arm_cmpdf2.o)
 .bss           0x00000000        0x0 c:/program files (x86)/cypress/psoc creator/4.4/psoc creator/import/gnu/arm/5.4.1/bin/../lib/gcc/arm-none-eabi/5.4.1/armv7-m\libgcc.a(_arm_cmpdf2.o)
 .text          0x00000000      0x21c c:/program files (x86)/cypress/psoc creator/4.4/psoc creator/import/gnu/arm/5.4.1/bin/../lib/gcc/arm-none-eabi/5.4.1/armv7-m\libgcc.a(_arm_addsubsf3.o)
 .data          0x00000000        0x0 c:/program files (x86)/cypress/psoc creator/4.4/psoc creator/import/gnu/arm/5.4.1/bin/../lib/gcc/arm-none-eabi/5.4.1/armv7-m\libgcc.a(_arm_addsubsf3.o)
 .bss           0x00000000        0x0 c:/program files (x86)/cypress/psoc creator/4.4/psoc creator/import/gnu/arm/5.4.1/bin/../lib/gcc/arm-none-eabi/5.4.1/armv7-m\libgcc.a(_arm_addsubsf3.o)
 .text          0x00000000      0x2a0 c:/program files (x86)/cypress/psoc creator/4.4/psoc creator/import/gnu/arm/5.4.1/bin/../lib/gcc/arm-none-eabi/5.4.1/armv7-m\libgcc.a(_arm_muldivsf3.o)
 .data          0x00000000        0x0 c:/program files (x86)/cypress/psoc creator/4.4/psoc creator/import/gnu/arm/5.4.1/bin/../lib/gcc/arm-none-eabi/5.4.1/armv7-m\libgcc.a(_arm_muldivsf3.o)
 .bss           0x00000000        0x0 c:/program files (x86)/cypress/psoc creator/4.4/psoc creator/import/gnu/arm/5.4.1/bin/../lib/gcc/arm-none-eabi/5.4.1/armv7-m\libgcc.a(_arm_muldivsf3.o)
 .text          0x00000000       0x40 c:/program files (x86)/cypress/psoc creator/4.4/psoc creator/import/gnu/arm/5.4.1/bin/../lib/gcc/arm-none-eabi/5.4.1/armv7-m\libgcc.a(_arm_fixunssfsi.o)
 .data          0x00000000        0x0 c:/program files (x86)/cypress/psoc creator/4.4/psoc creator/import/gnu/arm/5.4.1/bin/../lib/gcc/arm-none-eabi/5.4.1/armv7-m\libgcc.a(_arm_fixunssfsi.o)
 .bss           0x00000000        0x0 c:/program files (x86)/cypress/psoc creator/4.4/psoc creator/import/gnu/arm/5.4.1/bin/../lib/gcc/arm-none-eabi/5.4.1/armv7-m\libgcc.a(_arm_fixunssfsi.o)
 .text          0x00000000        0x0 c:/program files (x86)/cypress/psoc creator/4.4/psoc creator/import/gnu/arm/5.4.1/bin/../lib/gcc/arm-none-eabi/5.4.1/../../../../arm-none-eabi/lib/armv7-m\libg_nano.a(lib_a-errno.o)
 .data          0x00000000        0x0 c:/program files (x86)/cypress/psoc creator/4.4/psoc creator/import/gnu/arm/5.4.1/bin/../lib/gcc/arm-none-eabi/5.4.1/../../../../arm-none-eabi/lib/armv7-m\libg_nano.a(lib_a-errno.o)
 .bss           0x00000000        0x0 c:/program files (x86)/cypress/psoc creator/4.4/psoc creator/import/gnu/arm/5.4.1/bin/../lib/gcc/arm-none-eabi/5.4.1/../../../../arm-none-eabi/lib/armv7-m\libg_nano.a(lib_a-errno.o)
 .text          0x00000000        0x0 c:/program files (x86)/cypress/psoc creator/4.4/psoc creator/import/gnu/arm/5.4.1/bin/../lib/gcc/arm-none-eabi/5.4.1/../../../../arm-none-eabi/lib/armv7-m\libg_nano.a(lib_a-exit.o)
 .data          0x00000000        0x0 c:/program files (x86)/cypress/psoc creator/4.4/psoc creator/import/gnu/arm/5.4.1/bin/../lib/gcc/arm-none-eabi/5.4.1/../../../../arm-none-eabi/lib/armv7-m\libg_nano.a(lib_a-exit.o)
 .bss           0x00000000        0x0 c:/program files (x86)/cypress/psoc creator/4.4/psoc creator/import/gnu/arm/5.4.1/bin/../lib/gcc/arm-none-eabi/5.4.1/../../../../arm-none-eabi/lib/armv7-m\libg_nano.a(lib_a-exit.o)
 .text.exit     0x00000000       0x28 c:/program files (x86)/cypress/psoc creator/4.4/psoc creator/import/gnu/arm/5.4.1/bin/../lib/gcc/arm-none-eabi/5.4.1/../../../../arm-none-eabi/lib/armv7-m\libg_nano.a(lib_a-exit.o)
 .text          0x00000000        0x0 c:/program files (x86)/cypress/psoc creator/4.4/psoc creator/import/gnu/arm/5.4.1/bin/../lib/gcc/arm-none-eabi/5.4.1/../../../../arm-none-eabi/lib/armv7-m\libg_nano.a(lib_a-impure.o)
 .data          0x00000000        0x0 c:/program files (x86)/cypress/psoc creator/4.4/psoc creator/import/gnu/arm/5.4.1/bin/../lib/gcc/arm-none-eabi/5.4.1/../../../../arm-none-eabi/lib/armv7-m\libg_nano.a(lib_a-impure.o)
 .bss           0x00000000        0x0 c:/program files (x86)/cypress/psoc creator/4.4/psoc creator/import/gnu/arm/5.4.1/bin/../lib/gcc/arm-none-eabi/5.4.1/../../../../arm-none-eabi/lib/armv7-m\libg_nano.a(lib_a-impure.o)
 .rodata._global_impure_ptr
                0x00000000        0x4 c:/program files (x86)/cypress/psoc creator/4.4/psoc creator/import/gnu/arm/5.4.1/bin/../lib/gcc/arm-none-eabi/5.4.1/../../../../arm-none-eabi/lib/armv7-m\libg_nano.a(lib_a-impure.o)
 .text          0x00000000        0x0 c:/program files (x86)/cypress/psoc creator/4.4/psoc creator/import/gnu/arm/5.4.1/bin/../lib/gcc/arm-none-eabi/5.4.1/../../../../arm-none-eabi/lib/armv7-m\libg_nano.a(lib_a-init.o)
 .data          0x00000000        0x0 c:/program files (x86)/cypress/psoc creator/4.4/psoc creator/import/gnu/arm/5.4.1/bin/../lib/gcc/arm-none-eabi/5.4.1/../../../../arm-none-eabi/lib/armv7-m\libg_nano.a(lib_a-init.o)
 .bss           0x00000000        0x0 c:/program files (x86)/cypress/psoc creator/4.4/psoc creator/import/gnu/arm/5.4.1/bin/../lib/gcc/arm-none-eabi/5.4.1/../../../../arm-none-eabi/lib/armv7-m\libg_nano.a(lib_a-init.o)
 .text          0x00000000        0x0 c:/program files (x86)/cypress/psoc creator/4.4/psoc creator/import/gnu/arm/5.4.1/bin/../lib/gcc/arm-none-eabi/5.4.1/../../../../arm-none-eabi/lib/armv7-m\libg_nano.a(lib_a-memcpy-stub.o)
 .data          0x00000000        0x0 c:/program files (x86)/cypress/psoc creator/4.4/psoc creator/import/gnu/arm/5.4.1/bin/../lib/gcc/arm-none-eabi/5.4.1/../../../../arm-none-eabi/lib/armv7-m\libg_nano.a(lib_a-memcpy-stub.o)
 .bss           0x00000000        0x0 c:/program files (x86)/cypress/psoc creator/4.4/psoc creator/import/gnu/arm/5.4.1/bin/../lib/gcc/arm-none-eabi/5.4.1/../../../../arm-none-eabi/lib/armv7-m\libg_nano.a(lib_a-memcpy-stub.o)
 .text          0x00000000        0x0 c:/program files (x86)/cypress/psoc creator/4.4/psoc creator/import/gnu/arm/5.4.1/bin/../lib/gcc/arm-none-eabi/5.4.1/../../../../arm-none-eabi/lib/armv7-m\libg_nano.a(lib_a-memset.o)
 .data          0x00000000        0x0 c:/program files (x86)/cypress/psoc creator/4.4/psoc creator/import/gnu/arm/5.4.1/bin/../lib/gcc/arm-none-eabi/5.4.1/../../../../arm-none-eabi/lib/armv7-m\libg_nano.a(lib_a-memset.o)
 .bss           0x00000000        0x0 c:/program files (x86)/cypress/psoc creator/4.4/psoc creator/import/gnu/arm/5.4.1/bin/../lib/gcc/arm-none-eabi/5.4.1/../../../../arm-none-eabi/lib/armv7-m\libg_nano.a(lib_a-memset.o)
 .text          0x00000000        0x0 c:/program files (x86)/cypress/psoc creator/4.4/psoc creator/import/gnu/arm/5.4.1/bin/../lib/gcc/arm-none-eabi/5.4.1/armv7-m/crtend.o
 .data          0x00000000        0x0 c:/program files (x86)/cypress/psoc creator/4.4/psoc creator/import/gnu/arm/5.4.1/bin/../lib/gcc/arm-none-eabi/5.4.1/armv7-m/crtend.o
 .bss           0x00000000        0x0 c:/program files (x86)/cypress/psoc creator/4.4/psoc creator/import/gnu/arm/5.4.1/bin/../lib/gcc/arm-none-eabi/5.4.1/armv7-m/crtend.o
 .text          0x00000000        0x0 c:/program files (x86)/cypress/psoc creator/4.4/psoc creator/import/gnu/arm/5.4.1/bin/../lib/gcc/arm-none-eabi/5.4.1/armv7-m/crtn.o
 .data          0x00000000        0x0 c:/program files (x86)/cypress/psoc creator/4.4/psoc creator/import/gnu/arm/5.4.1/bin/../lib/gcc/arm-none-eabi/5.4.1/armv7-m/crtn.o
 .bss           0x00000000        0x0 c:/program files (x86)/cypress/psoc creator/4.4/psoc creator/import/gnu/arm/5.4.1/bin/../lib/gcc/arm-none-eabi/5.4.1/armv7-m/crtn.o

Memory Configuration

Name             Origin             Length             Attributes
rom              0x00000000         0x00040000         xr
ram              0x1fff8000         0x00010000         xrw
*default*        0x00000000         0xffffffff

Linker script and memory map

LOAD c:/program files (x86)/cypress/psoc creator/4.4/psoc creator/import/gnu/arm/5.4.1/bin/../lib/gcc/arm-none-eabi/5.4.1/armv7-m/crti.o
LOAD c:/program files (x86)/cypress/psoc creator/4.4/psoc creator/import/gnu/arm/5.4.1/bin/../lib/gcc/arm-none-eabi/5.4.1/armv7-m/crtbegin.o
LOAD c:/program files (x86)/cypress/psoc creator/4.4/psoc creator/import/gnu/arm/5.4.1/bin/../lib/gcc/arm-none-eabi/5.4.1/../../../../arm-none-eabi/lib/armv7-m/crt0.o
START GROUP
LOAD .\CortexM3\ARM_GCC_541\Debug\main.o
LOAD .\CortexM3\ARM_GCC_541\Debug\cyfitter_cfg.o
LOAD .\CortexM3\ARM_GCC_541\Debug\cymetadata.o
LOAD .\CortexM3\ARM_GCC_541\Debug\Cm3Start.o
LOAD .\CortexM3\ARM_GCC_541\Debug\DelSig_16Channel01.a
LOAD C:\Program Files (x86)\Cypress\PSoC Creator\4.4\PSoC Creator\psoc\content\cycomponentlibrary\CyComponentLibrary.cylib\CortexM3\ARM_GCC_541\Debug\CyComponentLibrary.a
END GROUP
START GROUP
LOAD c:/program files (x86)/cypress/psoc creator/4.4/psoc creator/import/gnu/arm/5.4.1/bin/../lib/gcc/arm-none-eabi/5.4.1/armv7-m\libgcc.a
LOAD c:/program files (x86)/cypress/psoc creator/4.4/psoc creator/import/gnu/arm/5.4.1/bin/../lib/gcc/arm-none-eabi/5.4.1/../../../../arm-none-eabi/lib/armv7-m\libg_nano.a
LOAD c:/program files (x86)/cypress/psoc creator/4.4/psoc creator/import/gnu/arm/5.4.1/bin/../lib/gcc/arm-none-eabi/5.4.1/../../../../arm-none-eabi/lib/armv7-m\libc_nano.a
END GROUP
START GROUP
LOAD c:/program files (x86)/cypress/psoc creator/4.4/psoc creator/import/gnu/arm/5.4.1/bin/../lib/gcc/arm-none-eabi/5.4.1/armv7-m\libgcc.a
LOAD c:/program files (x86)/cypress/psoc creator/4.4/psoc creator/import/gnu/arm/5.4.1/bin/../lib/gcc/arm-none-eabi/5.4.1/../../../../arm-none-eabi/lib/armv7-m\libc_nano.a
END GROUP
LOAD c:/program files (x86)/cypress/psoc creator/4.4/psoc creator/import/gnu/arm/5.4.1/bin/../lib/gcc/arm-none-eabi/5.4.1/armv7-m/crtend.o
LOAD c:/program files (x86)/cypress/psoc creator/4.4/psoc creator/import/gnu/arm/5.4.1/bin/../lib/gcc/arm-none-eabi/5.4.1/armv7-m/crtn.o
START GROUP
LOAD c:/program files (x86)/cypress/psoc creator/4.4/psoc creator/import/gnu/arm/5.4.1/bin/../lib/gcc/arm-none-eabi/5.4.1/armv7-m\libgcc.a
LOAD c:/program files (x86)/cypress/psoc creator/4.4/psoc creator/import/gnu/arm/5.4.1/bin/../lib/gcc/arm-none-eabi/5.4.1/../../../../arm-none-eabi/lib/armv7-m\libc.a
LOAD c:/program files (x86)/cypress/psoc creator/4.4/psoc creator/import/gnu/arm/5.4.1/bin/../lib/gcc/arm-none-eabi/5.4.1/../../../../arm-none-eabi/lib/armv7-m\libnosys.a
END GROUP
                0x00000000                CY_APPL_ORIGIN = 0x0
                0x00000100                CY_FLASH_ROW_SIZE = 0x100
                0x00000020                CY_ECC_ROW_SIZE = 0x20
                0x00000000                CY_EE_IN_BTLDR = 0x0
                0x00000000                CY_APPL_LOADABLE = 0x0
                0x00000800                CY_EE_SIZE = 0x800
                0x00000001                CY_APPL_NUM = 0x1
                0x00000001                CY_APPL_MAX = 0x1
                0x00000040                CY_METADATA_SIZE = 0x40
                0x00000000                CY_APPL_LOADABLE = 0x0
                0x00000000                CY_CHECKSUM_EXCLUDE_SIZE = ALIGN (0x0, CY_FLASH_ROW_SIZE)
                [!provide]                PROVIDE (__cy_heap_start, _end)
                0x00000001                PROVIDE (__cy_region_num, ((__cy_regions_end - __cy_regions) / 0x10))
                0x20008000                PROVIDE (__cy_stack, (ORIGIN (ram) + LENGTH (ram)))
                [!provide]                PROVIDE (__cy_heap_end, (__cy_stack - 0x800))

.cybootloader   0x00000000        0x0
 *(.cybootloader)
                0x00000000                appl1_start = CY_APPL_ORIGIN?CY_APPL_ORIGIN:ALIGN (CY_FLASH_ROW_SIZE)
                0x0001ff00                appl2_start = (appl1_start + ALIGN ((((LENGTH (rom) - appl1_start) - (0x2 * CY_FLASH_ROW_SIZE)) / 0x2), CY_FLASH_ROW_SIZE))
                0x00000000                appl_start = (CY_APPL_NUM == 0x1)?appl1_start:appl2_start
                0x00000000                ecc_offset = ((appl_start / CY_FLASH_ROW_SIZE) * CY_ECC_ROW_SIZE)
                0x00000000                ee_offset = (CY_APPL_LOADABLE && ! (CY_EE_IN_BTLDR))?((CY_EE_SIZE / CY_APPL_MAX) * (CY_APPL_NUM - 0x1)):0x0
                0x00000800                ee_size = (CY_APPL_LOADABLE && ! (CY_EE_IN_BTLDR))?(CY_EE_SIZE / CY_APPL_MAX):CY_EE_SIZE
                [!provide]                PROVIDE (CY_ECC_OFFSET, ecc_offset)

.text           0x00000000     0x1e0e
 CREATE_OBJECT_SYMBOLS
                0x00000000                PROVIDE (__cy_interrupt_vector, RomVectors)
 *(.romvectors)
 .romvectors    0x00000000       0x10 .\CortexM3\ARM_GCC_541\Debug\Cm3Start.o
                0x00000000                RomVectors
                0x00000001                ASSERT ((. != __cy_interrupt_vector), No interrupt vector)
                0x00000001                ASSERT (CY_APPL_ORIGIN?(SIZEOF (.cybootloader) <= CY_APPL_ORIGIN):0x1, Wrong image location)
                0x00000010                PROVIDE (__cy_reset, Reset)
 *(.text.Reset)
 .text.Reset    0x00000010       0x18 .\CortexM3\ARM_GCC_541\Debug\Cm3Start.o
                0x00000010                Reset
                0x00000001                ASSERT ((. != __cy_reset), No reset code)
 *(.dma_init)
 .dma_init      0x00000028      0x228 .\CortexM3\ARM_GCC_541\Debug\cyfitter_cfg.o
                0x00000001                ASSERT ((((appl_start + .) <= 0x10000) || 0x0), DMA Init must be within the first 64k of flash)
 *(.text .text.* .gnu.linkonce.t.*)
 .text          0x00000250       0x5c c:/program files (x86)/cypress/psoc creator/4.4/psoc creator/import/gnu/arm/5.4.1/bin/../lib/gcc/arm-none-eabi/5.4.1/armv7-m/crtbegin.o
 .text.main     0x000002ac       0x34 .\CortexM3\ARM_GCC_541\Debug\main.o
                0x000002ac                main
 .text.DMA_Config
                0x000002e0       0x60 .\CortexM3\ARM_GCC_541\Debug\main.o
                0x000002e0                DMA_Config
 .text.CYMEMZERO
                0x00000340       0x1c .\CortexM3\ARM_GCC_541\Debug\cyfitter_cfg.o
 .text.CYCONFIGCPY
                0x0000035c       0x20 .\CortexM3\ARM_GCC_541\Debug\cyfitter_cfg.o
 .text.CyClockStartupError
                0x0000037c        0xc .\CortexM3\ARM_GCC_541\Debug\cyfitter_cfg.o
 .text.cfg_dma_init
                0x00000388      0x174 .\CortexM3\ARM_GCC_541\Debug\cyfitter_cfg.o
 .text.ClockSetup
                0x000004fc      0x144 .\CortexM3\ARM_GCC_541\Debug\cyfitter_cfg.o
 .text.AnalogSetDefault
                0x00000640       0x88 .\CortexM3\ARM_GCC_541\Debug\cyfitter_cfg.o
 .text.ADC_AMux_Set
                0x000006c8       0x40 .\CortexM3\ARM_GCC_541\Debug\cyfitter_cfg.o
                0x000006c8                ADC_AMux_Set
 .text.ADC_AMux_Unset
                0x00000708       0x44 .\CortexM3\ARM_GCC_541\Debug\cyfitter_cfg.o
                0x00000708                ADC_AMux_Unset
 .text.cyfitter_cfg
                0x0000074c      0x128 .\CortexM3\ARM_GCC_541\Debug\cyfitter_cfg.o
                0x0000074c                cyfitter_cfg
 .text.IntDefaultHandler
                0x00000874       0x14 .\CortexM3\ARM_GCC_541\Debug\Cm3Start.o
                0x00000874                IntDefaultHandler
 .text.Start_c  0x00000888       0x98 .\CortexM3\ARM_GCC_541\Debug\Cm3Start.o
                0x00000888                Start_c
 .text.initialize_psoc
                0x00000920       0x94 .\CortexM3\ARM_GCC_541\Debug\Cm3Start.o
                0x00000920                initialize_psoc
 .text.Start_Reg_Write
                0x000009b4       0x20 .\CortexM3\ARM_GCC_541\Debug\DelSig_16Channel01.a(Start_Reg.o)
                0x000009b4                Start_Reg_Write
 .text.LCD_Init
                0x000009d4       0x70 .\CortexM3\ARM_GCC_541\Debug\DelSig_16Channel01.a(LCD.o)
                0x000009d4                LCD_Init
 .text.LCD_Enable
                0x00000a44       0x18 .\CortexM3\ARM_GCC_541\Debug\DelSig_16Channel01.a(LCD.o)
                0x00000a44                LCD_Enable
 .text.LCD_Start
                0x00000a5c       0x24 .\CortexM3\ARM_GCC_541\Debug\DelSig_16Channel01.a(LCD.o)
                0x00000a5c                LCD_Start
 .text.LCD_WriteControl
                0x00000a80       0x34 .\CortexM3\ARM_GCC_541\Debug\DelSig_16Channel01.a(LCD.o)
                0x00000a80                LCD_WriteControl
 .text.LCD_IsReady
                0x00000ab4      0x178 .\CortexM3\ARM_GCC_541\Debug\DelSig_16Channel01.a(LCD.o)
                0x00000ab4                LCD_IsReady
 .text.LCD_WrCntrlNib
                0x00000c2c       0x64 .\CortexM3\ARM_GCC_541\Debug\DelSig_16Channel01.a(LCD.o)
 .text.DMA_1_DmaInitialize
                0x00000c90       0x64 .\CortexM3\ARM_GCC_541\Debug\DelSig_16Channel01.a(DMA_1_dma.o)
                0x00000c90                DMA_1_DmaInitialize
 .text.Delay_PWM_Start
                0x00000cf4       0x24 .\CortexM3\ARM_GCC_541\Debug\DelSig_16Channel01.a(Delay_PWM.o)
                0x00000cf4                Delay_PWM_Start
 .text.Delay_PWM_Init
                0x00000d18       0x80 .\CortexM3\ARM_GCC_541\Debug\DelSig_16Channel01.a(Delay_PWM.o)
                0x00000d18                Delay_PWM_Init
 .text.Delay_PWM_Enable
                0x00000d98       0x20 .\CortexM3\ARM_GCC_541\Debug\DelSig_16Channel01.a(Delay_PWM.o)
                0x00000d98                Delay_PWM_Enable
 .text.Delay_PWM_WriteCounter
                0x00000db8       0x20 .\CortexM3\ARM_GCC_541\Debug\DelSig_16Channel01.a(Delay_PWM.o)
                0x00000db8                Delay_PWM_WriteCounter
 .text.Delay_PWM_ClearFIFO
                0x00000dd8       0x1c .\CortexM3\ARM_GCC_541\Debug\DelSig_16Channel01.a(Delay_PWM.o)
                0x00000dd8                Delay_PWM_ClearFIFO
 .text.Delay_PWM_WritePeriod
                0x00000df4       0x20 .\CortexM3\ARM_GCC_541\Debug\DelSig_16Channel01.a(Delay_PWM.o)
                0x00000df4                Delay_PWM_WritePeriod
 .text.Delay_PWM_WriteCompare
                0x00000e14       0x20 .\CortexM3\ARM_GCC_541\Debug\DelSig_16Channel01.a(Delay_PWM.o)
                0x00000e14                Delay_PWM_WriteCompare
 .text.Delay_PWM_SetInterruptMode
                0x00000e34       0x20 .\CortexM3\ARM_GCC_541\Debug\DelSig_16Channel01.a(Delay_PWM.o)
                0x00000e34                Delay_PWM_SetInterruptMode
 .text.Delay_PWM_ReadStatusRegister
                0x00000e54       0x18 .\CortexM3\ARM_GCC_541\Debug\DelSig_16Channel01.a(Delay_PWM.o)
                0x00000e54                Delay_PWM_ReadStatusRegister
 .text.Delay_PWM_ReadCapture
                0x00000e6c       0x18 .\CortexM3\ARM_GCC_541\Debug\DelSig_16Channel01.a(Delay_PWM.o)
                0x00000e6c                Delay_PWM_ReadCapture
 .text.ADC_Init
                0x00000e84      0x11c .\CortexM3\ARM_GCC_541\Debug\DelSig_16Channel01.a(ADC.o)
                0x00000e84                ADC_Init
 .text.ADC_Enable
                0x00000fa0      0x158 .\CortexM3\ARM_GCC_541\Debug\DelSig_16Channel01.a(ADC.o)
                0x00000fa0                ADC_Enable
 .text.ADC_Start
                0x000010f8       0x30 .\CortexM3\ARM_GCC_541\Debug\DelSig_16Channel01.a(ADC.o)
                0x000010f8                ADC_Start
 .text.ADC_InitConfig
                0x00001128      0x164 .\CortexM3\ARM_GCC_541\Debug\DelSig_16Channel01.a(ADC.o)
 .text.ADC_GainCompensation
                0x0000128c      0x170 .\CortexM3\ARM_GCC_541\Debug\DelSig_16Channel01.a(ADC.o)
 .text.ADC_SetDSMRef0Reg
                0x000013fc       0x7c .\CortexM3\ARM_GCC_541\Debug\DelSig_16Channel01.a(ADC.o)
 .text.ADC_ISR1
                0x00001478        0xc .\CortexM3\ARM_GCC_541\Debug\DelSig_16Channel01.a(ADC_INT.o)
                0x00001478                ADC_ISR1
 .text.ADC_AMux_Start
                0x00001484       0x34 .\CortexM3\ARM_GCC_541\Debug\DelSig_16Channel01.a(ADC_AMux.o)
                0x00001484                ADC_AMux_Start
 .text.ADC_AMux_Select
                0x000014b8       0x28 .\CortexM3\ARM_GCC_541\Debug\DelSig_16Channel01.a(ADC_AMux.o)
                0x000014b8                ADC_AMux_Select
 .text.ADC_Ext_CP_Clk_SetDividerRegister
                0x000014e0      0x164 .\CortexM3\ARM_GCC_541\Debug\DelSig_16Channel01.a(ADC_Ext_CP_Clk.o)
                0x000014e0                ADC_Ext_CP_Clk_SetDividerRegister
 .text.ADC_Ext_CP_Clk_GetDividerRegister
                0x00001644       0x18 .\CortexM3\ARM_GCC_541\Debug\DelSig_16Channel01.a(ADC_Ext_CP_Clk.o)
                0x00001644                ADC_Ext_CP_Clk_GetDividerRegister
 .text.ADC_Ext_CP_Clk_SetModeRegister
                0x0000165c       0x34 .\CortexM3\ARM_GCC_541\Debug\DelSig_16Channel01.a(ADC_Ext_CP_Clk.o)
                0x0000165c                ADC_Ext_CP_Clk_SetModeRegister
 .text.ADC_Ext_CP_Clk_GetSourceRegister
                0x00001690       0x1c .\CortexM3\ARM_GCC_541\Debug\DelSig_16Channel01.a(ADC_Ext_CP_Clk.o)
                0x00001690                ADC_Ext_CP_Clk_GetSourceRegister
 .text.ADC_theACLK_SetDividerRegister
                0x000016ac      0x164 .\CortexM3\ARM_GCC_541\Debug\DelSig_16Channel01.a(ADC_theACLK.o)
                0x000016ac                ADC_theACLK_SetDividerRegister
 .text.ADC_theACLK_GetDividerRegister
                0x00001810       0x18 .\CortexM3\ARM_GCC_541\Debug\DelSig_16Channel01.a(ADC_theACLK.o)
                0x00001810                ADC_theACLK_GetDividerRegister
 .text.ADC_theACLK_SetModeRegister
                0x00001828       0x34 .\CortexM3\ARM_GCC_541\Debug\DelSig_16Channel01.a(ADC_theACLK.o)
                0x00001828                ADC_theACLK_SetModeRegister
 .text.ADC_theACLK_GetSourceRegister
                0x0000185c       0x1c .\CortexM3\ARM_GCC_541\Debug\DelSig_16Channel01.a(ADC_theACLK.o)
                0x0000185c                ADC_theACLK_GetSourceRegister
 .text.CyDmacConfigure
                0x00001878       0x5c .\CortexM3\ARM_GCC_541\Debug\DelSig_16Channel01.a(CyDmac.o)
                0x00001878                CyDmacConfigure
 .text.CyDmaChEnable
                0x000018d4       0x8c .\CortexM3\ARM_GCC_541\Debug\DelSig_16Channel01.a(CyDmac.o)
                0x000018d4                CyDmaChEnable
 .text.CyDmaChPriority
                0x00001960       0x64 .\CortexM3\ARM_GCC_541\Debug\DelSig_16Channel01.a(CyDmac.o)
                0x00001960                CyDmaChPriority
 .text.CyDmaChSetExtendedAddress
                0x000019c4       0x78 .\CortexM3\ARM_GCC_541\Debug\DelSig_16Channel01.a(CyDmac.o)
                0x000019c4                CyDmaChSetExtendedAddress
 .text.CyDmaChSetInitialTd
                0x00001a3c       0x3c .\CortexM3\ARM_GCC_541\Debug\DelSig_16Channel01.a(CyDmac.o)
                0x00001a3c                CyDmaChSetInitialTd
 .text.CyDmaChSetConfiguration
                0x00001a78       0xa0 .\CortexM3\ARM_GCC_541\Debug\DelSig_16Channel01.a(CyDmac.o)
                0x00001a78                CyDmaChSetConfiguration
 .text.CyDmaTdAllocate
                0x00001b18       0x5c .\CortexM3\ARM_GCC_541\Debug\DelSig_16Channel01.a(CyDmac.o)
                0x00001b18                CyDmaTdAllocate
 .text.CyDmaTdSetConfiguration
                0x00001b74       0x80 .\CortexM3\ARM_GCC_541\Debug\DelSig_16Channel01.a(CyDmac.o)
                0x00001b74                CyDmaTdSetConfiguration
 .text.CyDmaTdSetAddress
                0x00001bf4       0x5c .\CortexM3\ARM_GCC_541\Debug\DelSig_16Channel01.a(CyDmac.o)
                0x00001bf4                CyDmaTdSetAddress
 .text.CyHalt   0x00001c50       0x18 .\CortexM3\ARM_GCC_541\Debug\DelSig_16Channel01.a(CyLib.o)
                0x00001c50                CyHalt
 .text.CyDelay  0x00001c68       0x44 .\CortexM3\ARM_GCC_541\Debug\DelSig_16Channel01.a(CyLib.o)
                0x00001c68                CyDelay
 .text.CyDelayUs
                0x00001cac       0x28 .\CortexM3\ARM_GCC_541\Debug\DelSig_16Channel01.a(CyLib.o)
                0x00001cac                CyDelayUs
 .text.CyIntSetVector
                0x00001cd4       0x50 .\CortexM3\ARM_GCC_541\Debug\DelSig_16Channel01.a(CyLib.o)
                0x00001cd4                CyIntSetVector
 .text.CyIntSetPriority
                0x00001d24       0x48 .\CortexM3\ARM_GCC_541\Debug\DelSig_16Channel01.a(CyLib.o)
                0x00001d24                CyIntSetPriority
 *fill*         0x00001d6c        0x4 
 .text          0x00001d70       0x20 .\CortexM3\ARM_GCC_541\Debug\DelSig_16Channel01.a(CyBootAsmGnu.o)
                0x00001d70                CyDelayCycles
                0x00001d80                CyEnterCriticalSection
                0x00001d88                CyExitCriticalSection
 .text.__errno  0x00001d90        0xc c:/program files (x86)/cypress/psoc creator/4.4/psoc creator/import/gnu/arm/5.4.1/bin/../lib/gcc/arm-none-eabi/5.4.1/../../../../arm-none-eabi/lib/armv7-m\libg_nano.a(lib_a-errno.o)
                0x00001d90                __errno
 .text.__libc_init_array
                0x00001d9c       0x4c c:/program files (x86)/cypress/psoc creator/4.4/psoc creator/import/gnu/arm/5.4.1/bin/../lib/gcc/arm-none-eabi/5.4.1/../../../../arm-none-eabi/lib/armv7-m\libg_nano.a(lib_a-init.o)
                0x00001d9c                __libc_init_array
 .text.memcpy   0x00001de8       0x16 c:/program files (x86)/cypress/psoc creator/4.4/psoc creator/import/gnu/arm/5.4.1/bin/../lib/gcc/arm-none-eabi/5.4.1/../../../../arm-none-eabi/lib/armv7-m\libg_nano.a(lib_a-memcpy-stub.o)
                0x00001de8                memcpy
 .text.memset   0x00001dfe       0x10 c:/program files (x86)/cypress/psoc creator/4.4/psoc creator/import/gnu/arm/5.4.1/bin/../lib/gcc/arm-none-eabi/5.4.1/../../../../arm-none-eabi/lib/armv7-m\libg_nano.a(lib_a-memset.o)
                0x00001dfe                memset
 *(.plt)
 *(.gnu.warning)
 *(.glue_7t)
 .glue_7t       0x00001e0e        0x0 linker stubs
 *(.glue_7)
 .glue_7        0x00001e0e        0x0 linker stubs
 *(.vfp11_veneer)
 .vfp11_veneer  0x00001e0e        0x0 linker stubs
 *(.bootloader)
 *(.ARM.extab* .gnu.linkonce.armextab.*)
 *(.gcc_except_table)

.v4_bx          0x00001e10        0x0
 .v4_bx         0x00001e10        0x0 linker stubs

.iplt           0x00001e10        0x0
 .iplt          0x00001e10        0x0 c:/program files (x86)/cypress/psoc creator/4.4/psoc creator/import/gnu/arm/5.4.1/bin/../lib/gcc/arm-none-eabi/5.4.1/armv7-m/crtbegin.o

.eh_frame_hdr
 *(.eh_frame_hdr)

.eh_frame       0x00001e10        0x4
 *(.eh_frame)
 .eh_frame      0x00001e10        0x0 c:/program files (x86)/cypress/psoc creator/4.4/psoc creator/import/gnu/arm/5.4.1/bin/../lib/gcc/arm-none-eabi/5.4.1/armv7-m/crtbegin.o
 .eh_frame      0x00001e10        0x4 c:/program files (x86)/cypress/psoc creator/4.4/psoc creator/import/gnu/arm/5.4.1/bin/../lib/gcc/arm-none-eabi/5.4.1/armv7-m/crtend.o
                [!provide]                PROVIDE (__exidx_start, .)

.ARM.exidx
 *(.ARM.exidx* .gnu.linkonce.armexidx.*)
                0x00001e14                __exidx_end = .

.rodata         0x00001e14      0x144
 *(.rodata .rodata.* .gnu.linkonce.r.*)
 .rodata        0x00001e14      0x10c .\CortexM3\ARM_GCC_541\Debug\cyfitter_cfg.o
                0x00001e14                ADC_AMux__addrTable
                0x00001e1c                ADC_AMux__maskTable
 .rodata.str1.1
                0x00001f20        0x2 c:/program files (x86)/cypress/psoc creator/4.4/psoc creator/import/gnu/arm/5.4.1/bin/../lib/gcc/arm-none-eabi/5.4.1/../../../../arm-none-eabi/lib/armv7-m\libg_nano.a(lib_a-impure.o)
                0x00001f24                . = ALIGN (0x4)
 *fill*         0x00001f22        0x2 
 *(.init)
 .init          0x00001f24        0x4 c:/program files (x86)/cypress/psoc creator/4.4/psoc creator/import/gnu/arm/5.4.1/bin/../lib/gcc/arm-none-eabi/5.4.1/armv7-m/crti.o
                0x00001f24                _init
 .init          0x00001f28        0x8 c:/program files (x86)/cypress/psoc creator/4.4/psoc creator/import/gnu/arm/5.4.1/bin/../lib/gcc/arm-none-eabi/5.4.1/armv7-m/crtn.o
                0x00001f30                . = ALIGN (0x4)
                0x00001f30                __preinit_array_start = .
 *(.preinit_array)
                0x00001f30                __preinit_array_end = .
                0x00001f30                . = ALIGN (0x4)
                0x00001f30                __init_array_start = .
 *(SORT(.init_array.*))
 *(.init_array)
 .init_array    0x00001f30        0x4 c:/program files (x86)/cypress/psoc creator/4.4/psoc creator/import/gnu/arm/5.4.1/bin/../lib/gcc/arm-none-eabi/5.4.1/armv7-m/crtbegin.o
 .init_array    0x00001f34        0x4 .\CortexM3\ARM_GCC_541\Debug\Cm3Start.o
                0x00001f38                __init_array_end = .
                0x00001f38                . = ALIGN (0x4)
 *(.fini)
 .fini          0x00001f38        0x4 c:/program files (x86)/cypress/psoc creator/4.4/psoc creator/import/gnu/arm/5.4.1/bin/../lib/gcc/arm-none-eabi/5.4.1/armv7-m/crti.o
                0x00001f38                _fini
 .fini          0x00001f3c        0x8 c:/program files (x86)/cypress/psoc creator/4.4/psoc creator/import/gnu/arm/5.4.1/bin/../lib/gcc/arm-none-eabi/5.4.1/armv7-m/crtn.o
                0x00001f44                . = ALIGN (0x4)
                0x00001f44                __fini_array_start = .
 *(.fini_array)
 .fini_array    0x00001f44        0x4 c:/program files (x86)/cypress/psoc creator/4.4/psoc creator/import/gnu/arm/5.4.1/bin/../lib/gcc/arm-none-eabi/5.4.1/armv7-m/crtbegin.o
 *(SORT(.fini_array.*))
                0x00001f48                __fini_array_end = .
                0x00001f48                . = ALIGN (0x4)
 *crtbegin.o(.ctors)
 *(EXCLUDE_FILE(*crtend.o) .ctors)
 *(SORT(.ctors.*))
 *crtend.o(.ctors)
                0x00001f48                . = ALIGN (0x4)
 *crtbegin.o(.dtors)
 *(EXCLUDE_FILE(*crtend.o) .dtors)
 *(SORT(.dtors.*))
 *crtend.o(.dtors)
                0x00001f48                . = ALIGN (0x4)
                0x00001f48                __cy_regions = .
                0x00001f48        0x4 LONG 0x1f58 __cy_region_init_ram
                0x00001f4c        0x4 LONG 0x1fff80c8 __cy_region_start_data
                0x00001f50        0x4 LONG 0x88 __cy_region_init_size_ram
                0x00001f54        0x4 LONG 0x58 __cy_region_zero_size_ram
                0x00001f58                __cy_regions_end = .
                0x00001f58                . = ALIGN (0x8)
                0x00001f58                _etext = .

.cy_checksum_exclude
                0x00001f58        0x0
 *(.cy_checksum_exclude)

.ramvectors     0x1fff8000       0xc0
                0x1fff8000                __cy_region_start_ram = .
 *(.ramvectors)
 .ramvectors    0x1fff8000       0xc0 .\CortexM3\ARM_GCC_541\Debug\Cm3Start.o
                0x1fff8000                CyRamVectors

.noinit         0x1fff80c0        0x5
 *(.noinit)
 .noinit        0x1fff80c0        0x4 .\CortexM3\ARM_GCC_541\Debug\Cm3Start.o
 .noinit        0x1fff80c4        0x1 .\CortexM3\ARM_GCC_541\Debug\DelSig_16Channel01.a(CyLib.o)
                0x1fff80c4                CyResetStatus

.data           0x1fff80c8       0x88 load address 0x00001f58
                0x1fff80c8                __cy_region_start_data = .
 *(.jcr)
 .jcr           0x1fff80c8        0x0 c:/program files (x86)/cypress/psoc creator/4.4/psoc creator/import/gnu/arm/5.4.1/bin/../lib/gcc/arm-none-eabi/5.4.1/armv7-m/crtbegin.o
 .jcr           0x1fff80c8        0x4 c:/program files (x86)/cypress/psoc creator/4.4/psoc creator/import/gnu/arm/5.4.1/bin/../lib/gcc/arm-none-eabi/5.4.1/armv7-m/crtend.o
 *(.got.plt)
 *(.got)
 *(.shdata)
 *(.data .data.* .gnu.linkonce.d.*)
 .data          0x1fff80cc        0x1 .\CortexM3\ARM_GCC_541\Debug\DelSig_16Channel01.a(DMA_1_dma.o)
                0x1fff80cc                DMA_1_DmaHandle
 .data          0x1fff80cd        0x1 .\CortexM3\ARM_GCC_541\Debug\DelSig_16Channel01.a(ADC.o)
                0x1fff80cd                ADC_Config
 .data          0x1fff80ce        0x1 .\CortexM3\ARM_GCC_541\Debug\DelSig_16Channel01.a(ADC_AMux.o)
 *fill*         0x1fff80cf        0x1 
 .data          0x1fff80d0        0x8 .\CortexM3\ARM_GCC_541\Debug\DelSig_16Channel01.a(CyDmac.o)
 .data          0x1fff80d8       0x10 .\CortexM3\ARM_GCC_541\Debug\DelSig_16Channel01.a(CyLib.o)
                0x1fff80d8                cydelay_freq_hz
                0x1fff80dc                cydelay_freq_khz
                0x1fff80e0                cydelay_freq_mhz
                0x1fff80e4                cydelay_32k_ms
 .data.impure_data
                0x1fff80e8       0x60 c:/program files (x86)/cypress/psoc creator/4.4/psoc creator/import/gnu/arm/5.4.1/bin/../lib/gcc/arm-none-eabi/5.4.1/../../../../arm-none-eabi/lib/armv7-m\libg_nano.a(lib_a-impure.o)
 .data._impure_ptr
                0x1fff8148        0x4 c:/program files (x86)/cypress/psoc creator/4.4/psoc creator/import/gnu/arm/5.4.1/bin/../lib/gcc/arm-none-eabi/5.4.1/../../../../arm-none-eabi/lib/armv7-m\libg_nano.a(lib_a-impure.o)
                0x1fff8148                _impure_ptr
                0x1fff8150                . = ALIGN (0x8)
 *fill*         0x1fff814c        0x4 
 *(.ram)
                0x1fff8150                _edata = .

.igot.plt       0x1fff8150        0x0 load address 0x00001fe0
 .igot.plt      0x1fff8150        0x0 c:/program files (x86)/cypress/psoc creator/4.4/psoc creator/import/gnu/arm/5.4.1/bin/../lib/gcc/arm-none-eabi/5.4.1/armv7-m/crtbegin.o

.bss            0x1fff8150       0x58 load address 0x00001fe0
                0x1fff8150                PROVIDE (__bss_start__, .)
 *(.shbss)
 *(.bss .bss.* .gnu.linkonce.b.*)
 .bss           0x1fff8150       0x1c c:/program files (x86)/cypress/psoc creator/4.4/psoc creator/import/gnu/arm/5.4.1/bin/../lib/gcc/arm-none-eabi/5.4.1/armv7-m/crtbegin.o
 *fill*         0x1fff816c        0x4 
 .bss           0x1fff8170        0x4 .\CortexM3\ARM_GCC_541\Debug\cyfitter_cfg.o
 .bss           0x1fff8174        0x2 .\CortexM3\ARM_GCC_541\Debug\DelSig_16Channel01.a(LCD.o)
                0x1fff8174                LCD_enableState
                0x1fff8175                LCD_initVar
 .bss           0x1fff8176        0x1 .\CortexM3\ARM_GCC_541\Debug\DelSig_16Channel01.a(Delay_PWM.o)
                0x1fff8176                Delay_PWM_initVar
 *fill*         0x1fff8177        0x1 
 .bss           0x1fff8178        0x8 .\CortexM3\ARM_GCC_541\Debug\DelSig_16Channel01.a(ADC.o)
                0x1fff8178                ADC_convDone
                0x1fff8179                ADC_stopConversion
                0x1fff817a                ADC_initVar
                0x1fff817b                ADC_started
 *(COMMON)
 COMMON         0x1fff8180       0x20 .\CortexM3\ARM_GCC_541\Debug\main.o
                0x1fff8180                result
 COMMON         0x1fff81a0        0x8 .\CortexM3\ARM_GCC_541\Debug\DelSig_16Channel01.a(ADC.o)
                0x1fff81a0                ADC_Offset
                0x1fff81a4                ADC_CountsPerVolt
                0x1fff81a8                . = ALIGN (0x8)
 *(.ram.b)
                0x1fff81a8                _end = .
                0x1fff81a8                __end = .
                0x1fff81a8                PROVIDE (end, .)
                0x1fff81a8                PROVIDE (__bss_end__, .)
                0x00001f58                __cy_region_init_ram = LOADADDR (.data)
                0x00000088                __cy_region_init_size_ram = (_edata - ADDR (.data))
                0x00000058                __cy_region_zero_size_ram = (_end - _edata)

.heap           0x1fff81a8       0x80 load address 0x00001fe0
                0x1fff81a8                . = _end
                0x1fff8228                . = (. + 0x80)
 *fill*         0x1fff81a8       0x80 
                0x1fff8228                __cy_heap_limit = .

.stack          0x20007800      0x800
                0x20007800                __cy_stack_limit = .
                0x20008000                . = (. + 0x800)
 *fill*         0x20007800      0x800 
                0x00000001                ASSERT ((__cy_stack_limit >= __cy_heap_limit), region RAM overflowed with stack)
                0x00000000                cy_checksum_exclude_size = (CY_APPL_LOADABLE == 0x1)?SIZEOF (.cy_checksum_exclude):0x0
                0x00000001                ASSERT ((cy_checksum_exclude_size <= CY_CHECKSUM_EXCLUDE_SIZE), CY_BOOT: Section .cy_checksum_exclude size exceedes specified limit.)

.cyloadermeta
 *(.cyloadermeta)

.cyloadablemeta
 *(.cyloadablemeta)

.cyconfigecc    0x80000000     0x1298
 *(.cyconfigecc)
 .cyconfigecc   0x80000000     0x1298 .\CortexM3\ARM_GCC_541\Debug\cymetadata.o
                0x80000000                cy_meta_configecc

.cycustnvl      0x90000000        0x4
 *(.cycustnvl)
 .cycustnvl     0x90000000        0x4 .\CortexM3\ARM_GCC_541\Debug\cymetadata.o
                0x90000000                cy_meta_custnvl

.cywolatch      0x90100000        0x4
 *(.cywolatch)
 .cywolatch     0x90100000        0x4 .\CortexM3\ARM_GCC_541\Debug\cymetadata.o
                0x90100000                cy_meta_wonvl

.cyeeprom       0x90200000        0x0
 *(.cyeeprom)
                0x00000001                ASSERT ((. <= ((0x90200000 + ee_offset) + ee_size)), .cyeeprom data will not fit in EEPROM)

.cyflashprotect
                0x90400000      0x100
 *(.cyflashprotect)
 .cyflashprotect
                0x90400000      0x100 .\CortexM3\ARM_GCC_541\Debug\cymetadata.o
                0x90400000                cy_meta_flashprotect

.cymeta         0x90500000        0xc
 *(.cymeta)
 .cymeta        0x90500000        0xc .\CortexM3\ARM_GCC_541\Debug\cymetadata.o
                0x90500000                cy_metadata

.rel.dyn        0x00001fe0        0x0 load address 0x9050000c
 .rel.iplt      0x00001fe0        0x0 c:/program files (x86)/cypress/psoc creator/4.4/psoc creator/import/gnu/arm/5.4.1/bin/../lib/gcc/arm-none-eabi/5.4.1/armv7-m/crtbegin.o

.stab
 *(.stab)

.stabstr
 *(.stabstr)

.debug
 *(.debug)

.line
 *(.line)

.debug_srcinfo
 *(.debug_srcinfo)

.debug_sfnames
 *(.debug_sfnames)

.debug_aranges  0x00000000      0x9e0
 *(.debug_aranges)
 .debug_aranges
                0x00000000       0x28 .\CortexM3\ARM_GCC_541\Debug\main.o
 .debug_aranges
                0x00000028       0x70 .\CortexM3\ARM_GCC_541\Debug\cyfitter_cfg.o
 .debug_aranges
                0x00000098       0x18 .\CortexM3\ARM_GCC_541\Debug\cymetadata.o
 .debug_aranges
                0x000000b0       0x48 .\CortexM3\ARM_GCC_541\Debug\Cm3Start.o
 .debug_aranges
                0x000000f8       0x28 .\CortexM3\ARM_GCC_541\Debug\DelSig_16Channel01.a(Start_Reg.o)
 .debug_aranges
                0x00000120       0x98 .\CortexM3\ARM_GCC_541\Debug\DelSig_16Channel01.a(LCD.o)
 .debug_aranges
                0x000001b8       0x28 .\CortexM3\ARM_GCC_541\Debug\DelSig_16Channel01.a(DMA_1_dma.o)
 .debug_aranges
                0x000001e0       0x98 .\CortexM3\ARM_GCC_541\Debug\DelSig_16Channel01.a(Delay_PWM.o)
 .debug_aranges
                0x00000278       0xe8 .\CortexM3\ARM_GCC_541\Debug\DelSig_16Channel01.a(ADC.o)
 .debug_aranges
                0x00000360       0x38 .\CortexM3\ARM_GCC_541\Debug\DelSig_16Channel01.a(ADC_INT.o)
 .debug_aranges
                0x00000398       0x30 .\CortexM3\ARM_GCC_541\Debug\DelSig_16Channel01.a(ADC_AMux.o)
 .debug_aranges
                0x000003c8       0x70 .\CortexM3\ARM_GCC_541\Debug\DelSig_16Channel01.a(ADC_Ext_CP_Clk.o)
 .debug_aranges
                0x00000438       0x80 .\CortexM3\ARM_GCC_541\Debug\DelSig_16Channel01.a(ADC_theACLK.o)
 .debug_aranges
                0x000004b8       0xd8 .\CortexM3\ARM_GCC_541\Debug\DelSig_16Channel01.a(CyDmac.o)
 .debug_aranges
                0x00000590      0x2a0 .\CortexM3\ARM_GCC_541\Debug\DelSig_16Channel01.a(CyLib.o)
 .debug_aranges
                0x00000830       0x98 .\CortexM3\ARM_GCC_541\Debug\DelSig_16Channel01.a(cyPm.o)
 .debug_aranges
                0x000008c8       0x20 .\CortexM3\ARM_GCC_541\Debug\DelSig_16Channel01.a(CyBootAsmGnu.o)
 .debug_aranges
                0x000008e8       0x80 .\CortexM3\ARM_GCC_541\Debug\DelSig_16Channel01.a(CyFlash.o)
 .debug_aranges
                0x00000968       0x78 .\CortexM3\ARM_GCC_541\Debug\DelSig_16Channel01.a(CySpc.o)

.debug_pubnames
 *(.debug_pubnames)

.debug_info     0x00000000     0x457b
 *(.debug_info .gnu.linkonce.wi.*)
 .debug_info    0x00000000      0x176 .\CortexM3\ARM_GCC_541\Debug\main.o
 .debug_info    0x00000176      0x473 .\CortexM3\ARM_GCC_541\Debug\cyfitter_cfg.o
 .debug_info    0x000005e9      0x139 .\CortexM3\ARM_GCC_541\Debug\cymetadata.o
 .debug_info    0x00000722      0x32b .\CortexM3\ARM_GCC_541\Debug\Cm3Start.o
 .debug_info    0x00000a4d       0xd7 .\CortexM3\ARM_GCC_541\Debug\DelSig_16Channel01.a(Start_Reg.o)
 .debug_info    0x00000b24      0x3cf .\CortexM3\ARM_GCC_541\Debug\DelSig_16Channel01.a(LCD.o)
 .debug_info    0x00000ef3      0x11b .\CortexM3\ARM_GCC_541\Debug\DelSig_16Channel01.a(DMA_1_dma.o)
 .debug_info    0x0000100e      0x28a .\CortexM3\ARM_GCC_541\Debug\DelSig_16Channel01.a(Delay_PWM.o)
 .debug_info    0x00001298      0x72c .\CortexM3\ARM_GCC_541\Debug\DelSig_16Channel01.a(ADC.o)
 .debug_info    0x000019c4       0xd3 .\CortexM3\ARM_GCC_541\Debug\DelSig_16Channel01.a(ADC_INT.o)
 .debug_info    0x00001a97      0x10a .\CortexM3\ARM_GCC_541\Debug\DelSig_16Channel01.a(ADC_AMux.o)
 .debug_info    0x00001ba1      0x25d .\CortexM3\ARM_GCC_541\Debug\DelSig_16Channel01.a(ADC_Ext_CP_Clk.o)
 .debug_info    0x00001dfe      0x299 .\CortexM3\ARM_GCC_541\Debug\DelSig_16Channel01.a(ADC_theACLK.o)
 .debug_info    0x00002097      0x8c0 .\CortexM3\ARM_GCC_541\Debug\DelSig_16Channel01.a(CyDmac.o)
 .debug_info    0x00002957      0xe51 .\CortexM3\ARM_GCC_541\Debug\DelSig_16Channel01.a(CyLib.o)
 .debug_info    0x000037a8      0x57a .\CortexM3\ARM_GCC_541\Debug\DelSig_16Channel01.a(cyPm.o)
 .debug_info    0x00003d22       0x8e .\CortexM3\ARM_GCC_541\Debug\DelSig_16Channel01.a(CyBootAsmGnu.o)
 .debug_info    0x00003db0      0x371 .\CortexM3\ARM_GCC_541\Debug\DelSig_16Channel01.a(CyFlash.o)
 .debug_info    0x00004121      0x45a .\CortexM3\ARM_GCC_541\Debug\DelSig_16Channel01.a(CySpc.o)

.debug_abbrev   0x00000000     0x144d
 *(.debug_abbrev)
 .debug_abbrev  0x00000000       0xc2 .\CortexM3\ARM_GCC_541\Debug\main.o
 .debug_abbrev  0x000000c2      0x194 .\CortexM3\ARM_GCC_541\Debug\cyfitter_cfg.o
 .debug_abbrev  0x00000256       0x77 .\CortexM3\ARM_GCC_541\Debug\cymetadata.o
 .debug_abbrev  0x000002cd      0x1d6 .\CortexM3\ARM_GCC_541\Debug\Cm3Start.o
 .debug_abbrev  0x000004a3       0x81 .\CortexM3\ARM_GCC_541\Debug\DelSig_16Channel01.a(Start_Reg.o)
 .debug_abbrev  0x00000524      0x120 .\CortexM3\ARM_GCC_541\Debug\DelSig_16Channel01.a(LCD.o)
 .debug_abbrev  0x00000644       0x8b .\CortexM3\ARM_GCC_541\Debug\DelSig_16Channel01.a(DMA_1_dma.o)
 .debug_abbrev  0x000006cf      0x12e .\CortexM3\ARM_GCC_541\Debug\DelSig_16Channel01.a(Delay_PWM.o)
 .debug_abbrev  0x000007fd      0x19d .\CortexM3\ARM_GCC_541\Debug\DelSig_16Channel01.a(ADC.o)
 .debug_abbrev  0x0000099a       0x42 .\CortexM3\ARM_GCC_541\Debug\DelSig_16Channel01.a(ADC_INT.o)
 .debug_abbrev  0x000009dc       0x6f .\CortexM3\ARM_GCC_541\Debug\DelSig_16Channel01.a(ADC_AMux.o)
 .debug_abbrev  0x00000a4b      0x11d .\CortexM3\ARM_GCC_541\Debug\DelSig_16Channel01.a(ADC_Ext_CP_Clk.o)
 .debug_abbrev  0x00000b68      0x11d .\CortexM3\ARM_GCC_541\Debug\DelSig_16Channel01.a(ADC_theACLK.o)
 .debug_abbrev  0x00000c85      0x194 .\CortexM3\ARM_GCC_541\Debug\DelSig_16Channel01.a(CyDmac.o)
 .debug_abbrev  0x00000e19      0x217 .\CortexM3\ARM_GCC_541\Debug\DelSig_16Channel01.a(CyLib.o)
 .debug_abbrev  0x00001030      0x161 .\CortexM3\ARM_GCC_541\Debug\DelSig_16Channel01.a(cyPm.o)
 .debug_abbrev  0x00001191       0x14 .\CortexM3\ARM_GCC_541\Debug\DelSig_16Channel01.a(CyBootAsmGnu.o)
 .debug_abbrev  0x000011a5      0x13c .\CortexM3\ARM_GCC_541\Debug\DelSig_16Channel01.a(CyFlash.o)
 .debug_abbrev  0x000012e1      0x16c .\CortexM3\ARM_GCC_541\Debug\DelSig_16Channel01.a(CySpc.o)

.debug_line     0x00000000     0x2686
 *(.debug_line)
 .debug_line    0x00000000      0x188 .\CortexM3\ARM_GCC_541\Debug\main.o
 .debug_line    0x00000188      0x24f .\CortexM3\ARM_GCC_541\Debug\cyfitter_cfg.o
 .debug_line    0x000003d7      0x141 .\CortexM3\ARM_GCC_541\Debug\cymetadata.o
 .debug_line    0x00000518      0x1db .\CortexM3\ARM_GCC_541\Debug\Cm3Start.o
 .debug_line    0x000006f3       0x72 .\CortexM3\ARM_GCC_541\Debug\DelSig_16Channel01.a(Start_Reg.o)
 .debug_line    0x00000765      0x1e1 .\CortexM3\ARM_GCC_541\Debug\DelSig_16Channel01.a(LCD.o)
 .debug_line    0x00000946       0x78 .\CortexM3\ARM_GCC_541\Debug\DelSig_16Channel01.a(DMA_1_dma.o)
 .debug_line    0x000009be      0x18a .\CortexM3\ARM_GCC_541\Debug\DelSig_16Channel01.a(Delay_PWM.o)
 .debug_line    0x00000b48      0x356 .\CortexM3\ARM_GCC_541\Debug\DelSig_16Channel01.a(ADC.o)
 .debug_line    0x00000e9e       0x8c .\CortexM3\ARM_GCC_541\Debug\DelSig_16Channel01.a(ADC_INT.o)
 .debug_line    0x00000f2a       0x9d .\CortexM3\ARM_GCC_541\Debug\DelSig_16Channel01.a(ADC_AMux.o)
 .debug_line    0x00000fc7      0x1ad .\CortexM3\ARM_GCC_541\Debug\DelSig_16Channel01.a(ADC_Ext_CP_Clk.o)
 .debug_line    0x00001174      0x1ce .\CortexM3\ARM_GCC_541\Debug\DelSig_16Channel01.a(ADC_theACLK.o)
 .debug_line    0x00001342      0x2b6 .\CortexM3\ARM_GCC_541\Debug\DelSig_16Channel01.a(CyDmac.o)
 .debug_line    0x000015f8      0x883 .\CortexM3\ARM_GCC_541\Debug\DelSig_16Channel01.a(CyLib.o)
 .debug_line    0x00001e7b      0x38e .\CortexM3\ARM_GCC_541\Debug\DelSig_16Channel01.a(cyPm.o)
 .debug_line    0x00002209       0x66 .\CortexM3\ARM_GCC_541\Debug\DelSig_16Channel01.a(CyBootAsmGnu.o)
 .debug_line    0x0000226f      0x205 .\CortexM3\ARM_GCC_541\Debug\DelSig_16Channel01.a(CyFlash.o)
 .debug_line    0x00002474      0x212 .\CortexM3\ARM_GCC_541\Debug\DelSig_16Channel01.a(CySpc.o)

.debug_frame    0x00000000     0x280c
 *(.debug_frame)
 .debug_frame   0x00000000       0x58 .\CortexM3\ARM_GCC_541\Debug\main.o
 .debug_frame   0x00000058      0x1b0 .\CortexM3\ARM_GCC_541\Debug\cyfitter_cfg.o
 .debug_frame   0x00000208       0xd8 .\CortexM3\ARM_GCC_541\Debug\Cm3Start.o
 .debug_frame   0x000002e0       0x5c .\CortexM3\ARM_GCC_541\Debug\DelSig_16Channel01.a(Start_Reg.o)
 .debug_frame   0x0000033c      0x260 .\CortexM3\ARM_GCC_541\Debug\DelSig_16Channel01.a(LCD.o)
 .debug_frame   0x0000059c       0x58 .\CortexM3\ARM_GCC_541\Debug\DelSig_16Channel01.a(DMA_1_dma.o)
 .debug_frame   0x000005f4      0x25c .\CortexM3\ARM_GCC_541\Debug\DelSig_16Channel01.a(Delay_PWM.o)
 .debug_frame   0x00000850      0x40c .\CortexM3\ARM_GCC_541\Debug\DelSig_16Channel01.a(ADC.o)
 .debug_frame   0x00000c5c       0xa0 .\CortexM3\ARM_GCC_541\Debug\DelSig_16Channel01.a(ADC_INT.o)
 .debug_frame   0x00000cfc       0x88 .\CortexM3\ARM_GCC_541\Debug\DelSig_16Channel01.a(ADC_AMux.o)
 .debug_frame   0x00000d84      0x1b4 .\CortexM3\ARM_GCC_541\Debug\DelSig_16Channel01.a(ADC_Ext_CP_Clk.o)
 .debug_frame   0x00000f38      0x200 .\CortexM3\ARM_GCC_541\Debug\DelSig_16Channel01.a(ADC_theACLK.o)
 .debug_frame   0x00001138      0x3d0 .\CortexM3\ARM_GCC_541\Debug\DelSig_16Channel01.a(CyDmac.o)
 .debug_frame   0x00001508      0xc0c .\CortexM3\ARM_GCC_541\Debug\DelSig_16Channel01.a(CyLib.o)
 .debug_frame   0x00002114      0x234 .\CortexM3\ARM_GCC_541\Debug\DelSig_16Channel01.a(cyPm.o)
 .debug_frame   0x00002348      0x210 .\CortexM3\ARM_GCC_541\Debug\DelSig_16Channel01.a(CyFlash.o)
 .debug_frame   0x00002558      0x1f8 .\CortexM3\ARM_GCC_541\Debug\DelSig_16Channel01.a(CySpc.o)
 .debug_frame   0x00002750       0x20 c:/program files (x86)/cypress/psoc creator/4.4/psoc creator/import/gnu/arm/5.4.1/bin/../lib/gcc/arm-none-eabi/5.4.1/../../../../arm-none-eabi/lib/armv7-m\libg_nano.a(lib_a-errno.o)
 .debug_frame   0x00002770       0x28 c:/program files (x86)/cypress/psoc creator/4.4/psoc creator/import/gnu/arm/5.4.1/bin/../lib/gcc/arm-none-eabi/5.4.1/../../../../arm-none-eabi/lib/armv7-m\libg_nano.a(lib_a-exit.o)
 .debug_frame   0x00002798       0x2c c:/program files (x86)/cypress/psoc creator/4.4/psoc creator/import/gnu/arm/5.4.1/bin/../lib/gcc/arm-none-eabi/5.4.1/../../../../arm-none-eabi/lib/armv7-m\libg_nano.a(lib_a-init.o)
 .debug_frame   0x000027c4       0x28 c:/program files (x86)/cypress/psoc creator/4.4/psoc creator/import/gnu/arm/5.4.1/bin/../lib/gcc/arm-none-eabi/5.4.1/../../../../arm-none-eabi/lib/armv7-m\libg_nano.a(lib_a-memcpy-stub.o)
 .debug_frame   0x000027ec       0x20 c:/program files (x86)/cypress/psoc creator/4.4/psoc creator/import/gnu/arm/5.4.1/bin/../lib/gcc/arm-none-eabi/5.4.1/../../../../arm-none-eabi/lib/armv7-m\libg_nano.a(lib_a-memset.o)

.debug_str      0x00000000     0x2135
 *(.debug_str)
 .debug_str     0x00000000      0x1a3 .\CortexM3\ARM_GCC_541\Debug\main.o
                                0x1eb (size before relaxing)
 .debug_str     0x000001a3      0x1d2 .\CortexM3\ARM_GCC_541\Debug\cyfitter_cfg.o
                                0x369 (size before relaxing)
 .debug_str     0x00000375       0x7f .\CortexM3\ARM_GCC_541\Debug\cymetadata.o
                                0x1e2 (size before relaxing)
 .debug_str     0x000003f4      0x124 .\CortexM3\ARM_GCC_541\Debug\Cm3Start.o
                                0x2d5 (size before relaxing)
 .debug_str     0x00000518       0x4a .\CortexM3\ARM_GCC_541\Debug\DelSig_16Channel01.a(Start_Reg.o)
                                0x1b9 (size before relaxing)
 .debug_str     0x00000562      0x17d .\CortexM3\ARM_GCC_541\Debug\DelSig_16Channel01.a(LCD.o)
                                0x317 (size before relaxing)
 .debug_str     0x000006df       0x93 .\CortexM3\ARM_GCC_541\Debug\DelSig_16Channel01.a(DMA_1_dma.o)
                                0x219 (size before relaxing)
 .debug_str     0x00000772      0x1db .\CortexM3\ARM_GCC_541\Debug\DelSig_16Channel01.a(Delay_PWM.o)
                                0x36e (size before relaxing)
 .debug_str     0x0000094d      0x2fa .\CortexM3\ARM_GCC_541\Debug\DelSig_16Channel01.a(ADC.o)
                                0x4dd (size before relaxing)
 .debug_str     0x00000c47       0x45 .\CortexM3\ARM_GCC_541\Debug\DelSig_16Channel01.a(ADC_INT.o)
                                0x1be (size before relaxing)
 .debug_str     0x00000c8c       0x6f .\CortexM3\ARM_GCC_541\Debug\DelSig_16Channel01.a(ADC_AMux.o)
                                0x1e1 (size before relaxing)
 .debug_str     0x00000cfb      0x1b4 .\CortexM3\ARM_GCC_541\Debug\DelSig_16Channel01.a(ADC_Ext_CP_Clk.o)
                                0x340 (size before relaxing)
 .debug_str     0x00000eaf      0x18a .\CortexM3\ARM_GCC_541\Debug\DelSig_16Channel01.a(ADC_theACLK.o)
                                0x35f (size before relaxing)
 .debug_str     0x00001039      0x358 .\CortexM3\ARM_GCC_541\Debug\DelSig_16Channel01.a(CyDmac.o)
                                0x51b (size before relaxing)
 .debug_str     0x00001391      0x7cf .\CortexM3\ARM_GCC_541\Debug\DelSig_16Channel01.a(CyLib.o)
                                0x9e8 (size before relaxing)
 .debug_str     0x00001b60      0x371 .\CortexM3\ARM_GCC_541\Debug\DelSig_16Channel01.a(cyPm.o)
                                0x541 (size before relaxing)
 .debug_str     0x00001ed1      0x145 .\CortexM3\ARM_GCC_541\Debug\DelSig_16Channel01.a(CyFlash.o)
                                0x2f4 (size before relaxing)
 .debug_str     0x00002016      0x11f .\CortexM3\ARM_GCC_541\Debug\DelSig_16Channel01.a(CySpc.o)
                                0x2f1 (size before relaxing)

.debug_loc
 *(.debug_loc)

.debug_macinfo
 *(.debug_macinfo)

.debug_ranges   0x00000000      0x898
 *(.debug_ranges)
 .debug_ranges  0x00000000       0x18 .\CortexM3\ARM_GCC_541\Debug\main.o
 .debug_ranges  0x00000018       0x60 .\CortexM3\ARM_GCC_541\Debug\cyfitter_cfg.o
 .debug_ranges  0x00000078       0x38 .\CortexM3\ARM_GCC_541\Debug\Cm3Start.o
 .debug_ranges  0x000000b0       0x18 .\CortexM3\ARM_GCC_541\Debug\DelSig_16Channel01.a(Start_Reg.o)
 .debug_ranges  0x000000c8       0x88 .\CortexM3\ARM_GCC_541\Debug\DelSig_16Channel01.a(LCD.o)
 .debug_ranges  0x00000150       0x18 .\CortexM3\ARM_GCC_541\Debug\DelSig_16Channel01.a(DMA_1_dma.o)
 .debug_ranges  0x00000168       0x88 .\CortexM3\ARM_GCC_541\Debug\DelSig_16Channel01.a(Delay_PWM.o)
 .debug_ranges  0x000001f0       0xd8 .\CortexM3\ARM_GCC_541\Debug\DelSig_16Channel01.a(ADC.o)
 .debug_ranges  0x000002c8       0x28 .\CortexM3\ARM_GCC_541\Debug\DelSig_16Channel01.a(ADC_INT.o)
 .debug_ranges  0x000002f0       0x20 .\CortexM3\ARM_GCC_541\Debug\DelSig_16Channel01.a(ADC_AMux.o)
 .debug_ranges  0x00000310       0x60 .\CortexM3\ARM_GCC_541\Debug\DelSig_16Channel01.a(ADC_Ext_CP_Clk.o)
 .debug_ranges  0x00000370       0x70 .\CortexM3\ARM_GCC_541\Debug\DelSig_16Channel01.a(ADC_theACLK.o)
 .debug_ranges  0x000003e0       0xc8 .\CortexM3\ARM_GCC_541\Debug\DelSig_16Channel01.a(CyDmac.o)
 .debug_ranges  0x000004a8      0x290 .\CortexM3\ARM_GCC_541\Debug\DelSig_16Channel01.a(CyLib.o)
 .debug_ranges  0x00000738       0x88 .\CortexM3\ARM_GCC_541\Debug\DelSig_16Channel01.a(cyPm.o)
 .debug_ranges  0x000007c0       0x70 .\CortexM3\ARM_GCC_541\Debug\DelSig_16Channel01.a(CyFlash.o)
 .debug_ranges  0x00000830       0x68 .\CortexM3\ARM_GCC_541\Debug\DelSig_16Channel01.a(CySpc.o)

.comment        0x00000000       0x6e
 .comment       0x00000000       0x6e .\CortexM3\ARM_GCC_541\Debug\main.o
                                 0x6f (size before relaxing)
 .comment       0x0000006e       0x6f .\CortexM3\ARM_GCC_541\Debug\cyfitter_cfg.o
 .comment       0x0000006e       0x6f .\CortexM3\ARM_GCC_541\Debug\cymetadata.o
 .comment       0x0000006e       0x6f .\CortexM3\ARM_GCC_541\Debug\Cm3Start.o
 .comment       0x0000006e       0x6f .\CortexM3\ARM_GCC_541\Debug\DelSig_16Channel01.a(Start_Reg.o)
 .comment       0x0000006e       0x6f .\CortexM3\ARM_GCC_541\Debug\DelSig_16Channel01.a(LCD.o)
 .comment       0x0000006e       0x6f .\CortexM3\ARM_GCC_541\Debug\DelSig_16Channel01.a(DMA_1_dma.o)
 .comment       0x0000006e       0x6f .\CortexM3\ARM_GCC_541\Debug\DelSig_16Channel01.a(Delay_PWM.o)
 .comment       0x0000006e       0x6f .\CortexM3\ARM_GCC_541\Debug\DelSig_16Channel01.a(ADC.o)
 .comment       0x0000006e       0x6f .\CortexM3\ARM_GCC_541\Debug\DelSig_16Channel01.a(ADC_INT.o)
 .comment       0x0000006e       0x6f .\CortexM3\ARM_GCC_541\Debug\DelSig_16Channel01.a(ADC_AMux.o)
 .comment       0x0000006e       0x6f .\CortexM3\ARM_GCC_541\Debug\DelSig_16Channel01.a(ADC_Ext_CP_Clk.o)
 .comment       0x0000006e       0x6f .\CortexM3\ARM_GCC_541\Debug\DelSig_16Channel01.a(ADC_theACLK.o)
 .comment       0x0000006e       0x6f .\CortexM3\ARM_GCC_541\Debug\DelSig_16Channel01.a(CyDmac.o)
 .comment       0x0000006e       0x6f .\CortexM3\ARM_GCC_541\Debug\DelSig_16Channel01.a(CyLib.o)
 .comment       0x0000006e       0x6f .\CortexM3\ARM_GCC_541\Debug\DelSig_16Channel01.a(cyPm.o)
 .comment       0x0000006e       0x6f .\CortexM3\ARM_GCC_541\Debug\DelSig_16Channel01.a(CyFlash.o)
 .comment       0x0000006e       0x6f .\CortexM3\ARM_GCC_541\Debug\DelSig_16Channel01.a(CySpc.o)

.debug_weaknames
 *(.debug_weaknames)

.debug_funcnames
 *(.debug_funcnames)

.debug_typenames
 *(.debug_typenames)

.debug_varnames
 *(.debug_varnames)

.note.gnu.arm.ident
 *(.note.gnu.arm.ident)

.ARM.attributes
                0x00000000       0x29
 *(.ARM.attributes)
 .ARM.attributes
                0x00000000       0x1d c:/program files (x86)/cypress/psoc creator/4.4/psoc creator/import/gnu/arm/5.4.1/bin/../lib/gcc/arm-none-eabi/5.4.1/armv7-m/crti.o
 .ARM.attributes
                0x0000001d       0x2d c:/program files (x86)/cypress/psoc creator/4.4/psoc creator/import/gnu/arm/5.4.1/bin/../lib/gcc/arm-none-eabi/5.4.1/armv7-m/crtbegin.o
 .ARM.attributes
                0x0000004a       0x1b c:/program files (x86)/cypress/psoc creator/4.4/psoc creator/import/gnu/arm/5.4.1/bin/../lib/gcc/arm-none-eabi/5.4.1/../../../../arm-none-eabi/lib/armv7-m/crt0.o
 .ARM.attributes
                0x00000065       0x33 .\CortexM3\ARM_GCC_541\Debug\main.o
 .ARM.attributes
                0x00000098       0x33 .\CortexM3\ARM_GCC_541\Debug\cyfitter_cfg.o
 .ARM.attributes
                0x000000cb       0x33 .\CortexM3\ARM_GCC_541\Debug\cymetadata.o
 .ARM.attributes
                0x000000fe       0x33 .\CortexM3\ARM_GCC_541\Debug\Cm3Start.o
 .ARM.attributes
                0x00000131       0x33 .\CortexM3\ARM_GCC_541\Debug\DelSig_16Channel01.a(Start_Reg.o)
 .ARM.attributes
                0x00000164       0x33 .\CortexM3\ARM_GCC_541\Debug\DelSig_16Channel01.a(LCD.o)
 .ARM.attributes
                0x00000197       0x33 .\CortexM3\ARM_GCC_541\Debug\DelSig_16Channel01.a(DMA_1_dma.o)
 .ARM.attributes
                0x000001ca       0x33 .\CortexM3\ARM_GCC_541\Debug\DelSig_16Channel01.a(Delay_PWM.o)
 .ARM.attributes
                0x000001fd       0x33 .\CortexM3\ARM_GCC_541\Debug\DelSig_16Channel01.a(ADC.o)
 .ARM.attributes
                0x00000230       0x33 .\CortexM3\ARM_GCC_541\Debug\DelSig_16Channel01.a(ADC_INT.o)
 .ARM.attributes
                0x00000263       0x33 .\CortexM3\ARM_GCC_541\Debug\DelSig_16Channel01.a(ADC_AMux.o)
 .ARM.attributes
                0x00000296       0x33 .\CortexM3\ARM_GCC_541\Debug\DelSig_16Channel01.a(ADC_Ext_CP_Clk.o)
 .ARM.attributes
                0x000002c9       0x33 .\CortexM3\ARM_GCC_541\Debug\DelSig_16Channel01.a(ADC_theACLK.o)
 .ARM.attributes
                0x000002fc       0x33 .\CortexM3\ARM_GCC_541\Debug\DelSig_16Channel01.a(CyDmac.o)
 .ARM.attributes
                0x0000032f       0x33 .\CortexM3\ARM_GCC_541\Debug\DelSig_16Channel01.a(CyLib.o)
 .ARM.attributes
                0x00000362       0x33 .\CortexM3\ARM_GCC_541\Debug\DelSig_16Channel01.a(cyPm.o)
 .ARM.attributes
                0x00000395       0x21 .\CortexM3\ARM_GCC_541\Debug\DelSig_16Channel01.a(CyBootAsmGnu.o)
 .ARM.attributes
                0x000003b6       0x33 .\CortexM3\ARM_GCC_541\Debug\DelSig_16Channel01.a(CyFlash.o)
 .ARM.attributes
                0x000003e9       0x33 .\CortexM3\ARM_GCC_541\Debug\DelSig_16Channel01.a(CySpc.o)
 .ARM.attributes
                0x0000041c       0x1d c:/program files (x86)/cypress/psoc creator/4.4/psoc creator/import/gnu/arm/5.4.1/bin/../lib/gcc/arm-none-eabi/5.4.1/armv7-m\libgcc.a(_arm_addsubdf3.o)
 .ARM.attributes
                0x00000439       0x1d c:/program files (x86)/cypress/psoc creator/4.4/psoc creator/import/gnu/arm/5.4.1/bin/../lib/gcc/arm-none-eabi/5.4.1/armv7-m\libgcc.a(_arm_cmpdf2.o)
 .ARM.attributes
                0x00000456       0x1d c:/program files (x86)/cypress/psoc creator/4.4/psoc creator/import/gnu/arm/5.4.1/bin/../lib/gcc/arm-none-eabi/5.4.1/armv7-m\libgcc.a(_arm_addsubsf3.o)
 .ARM.attributes
                0x00000473       0x1d c:/program files (x86)/cypress/psoc creator/4.4/psoc creator/import/gnu/arm/5.4.1/bin/../lib/gcc/arm-none-eabi/5.4.1/armv7-m\libgcc.a(_arm_muldivsf3.o)
 .ARM.attributes
                0x00000490       0x1d c:/program files (x86)/cypress/psoc creator/4.4/psoc creator/import/gnu/arm/5.4.1/bin/../lib/gcc/arm-none-eabi/5.4.1/armv7-m\libgcc.a(_arm_fixunssfsi.o)
 .ARM.attributes
                0x000004ad       0x2d c:/program files (x86)/cypress/psoc creator/4.4/psoc creator/import/gnu/arm/5.4.1/bin/../lib/gcc/arm-none-eabi/5.4.1/../../../../arm-none-eabi/lib/armv7-m\libg_nano.a(lib_a-errno.o)
 .ARM.attributes
                0x000004da       0x2d c:/program files (x86)/cypress/psoc creator/4.4/psoc creator/import/gnu/arm/5.4.1/bin/../lib/gcc/arm-none-eabi/5.4.1/../../../../arm-none-eabi/lib/armv7-m\libg_nano.a(lib_a-exit.o)
 .ARM.attributes
                0x00000507       0x2d c:/program files (x86)/cypress/psoc creator/4.4/psoc creator/import/gnu/arm/5.4.1/bin/../lib/gcc/arm-none-eabi/5.4.1/../../../../arm-none-eabi/lib/armv7-m\libg_nano.a(lib_a-impure.o)
 .ARM.attributes
                0x00000534       0x2d c:/program files (x86)/cypress/psoc creator/4.4/psoc creator/import/gnu/arm/5.4.1/bin/../lib/gcc/arm-none-eabi/5.4.1/../../../../arm-none-eabi/lib/armv7-m\libg_nano.a(lib_a-init.o)
 .ARM.attributes
                0x00000561       0x2d c:/program files (x86)/cypress/psoc creator/4.4/psoc creator/import/gnu/arm/5.4.1/bin/../lib/gcc/arm-none-eabi/5.4.1/../../../../arm-none-eabi/lib/armv7-m\libg_nano.a(lib_a-memcpy-stub.o)
 .ARM.attributes
                0x0000058e       0x2d c:/program files (x86)/cypress/psoc creator/4.4/psoc creator/import/gnu/arm/5.4.1/bin/../lib/gcc/arm-none-eabi/5.4.1/../../../../arm-none-eabi/lib/armv7-m\libg_nano.a(lib_a-memset.o)
 .ARM.attributes
                0x000005bb       0x2d c:/program files (x86)/cypress/psoc creator/4.4/psoc creator/import/gnu/arm/5.4.1/bin/../lib/gcc/arm-none-eabi/5.4.1/armv7-m/crtend.o
 .ARM.attributes
                0x000005e8       0x1d c:/program files (x86)/cypress/psoc creator/4.4/psoc creator/import/gnu/arm/5.4.1/bin/../lib/gcc/arm-none-eabi/5.4.1/armv7-m/crtn.o

/DISCARD/
 *(.note.GNU-stack)
OUTPUT(D:\psoc codes\adc16\DelSig_16Channel01\DelSig_16Channel01.cydsn\CortexM3\ARM_GCC_541\Debug\DelSig_16Channel01.elf elf32-littlearm)
