Archive member included to satisfy reference by file (symbol)

.\CortexM3\ARM_GCC_541\Debug\ADC+UART.a(ADC.o)
                              .\CortexM3\ARM_GCC_541\Debug\main.o (ADC_Start)
.\CortexM3\ARM_GCC_541\Debug\ADC+UART.a(ADC_INT.o)
                              .\CortexM3\ARM_GCC_541\Debug\ADC+UART.a(ADC.o) (ADC_ISR1)
.\CortexM3\ARM_GCC_541\Debug\ADC+UART.a(LED.o)
                              .\CortexM3\ARM_GCC_541\Debug\main.o (LED_Write)
.\CortexM3\ARM_GCC_541\Debug\ADC+UART.a(isrEnvio.o)
                              .\CortexM3\ARM_GCC_541\Debug\main.o (isrEnvio_StartEx)
.\CortexM3\ARM_GCC_541\Debug\ADC+UART.a(UART.o)
                              .\CortexM3\ARM_GCC_541\Debug\main.o (UART_Start)
.\CortexM3\ARM_GCC_541\Debug\ADC+UART.a(isrRX.o)
                              .\CortexM3\ARM_GCC_541\Debug\main.o (isrRX_StartEx)
.\CortexM3\ARM_GCC_541\Debug\ADC+UART.a(ADC_AMux.o)
                              .\CortexM3\ARM_GCC_541\Debug\ADC+UART.a(ADC.o) (ADC_AMux_Select)
.\CortexM3\ARM_GCC_541\Debug\ADC+UART.a(ADC_Ext_CP_Clk.o)
                              .\CortexM3\ARM_GCC_541\Debug\ADC+UART.a(ADC.o) (ADC_Ext_CP_Clk_SetModeRegister)
.\CortexM3\ARM_GCC_541\Debug\ADC+UART.a(ADC_theACLK.o)
                              .\CortexM3\ARM_GCC_541\Debug\ADC+UART.a(ADC.o) (ADC_theACLK_SetModeRegister)
.\CortexM3\ARM_GCC_541\Debug\ADC+UART.a(UART_IntClock.o)
                              .\CortexM3\ARM_GCC_541\Debug\ADC+UART.a(UART.o) (UART_IntClock_Start)
.\CortexM3\ARM_GCC_541\Debug\ADC+UART.a(CyDmac.o)
                              .\CortexM3\ARM_GCC_541\Debug\Cm3Start.o (CyDmacConfigure)
.\CortexM3\ARM_GCC_541\Debug\ADC+UART.a(CyLib.o)
                              .\CortexM3\ARM_GCC_541\Debug\Cm3Start.o (CyHalt)
.\CortexM3\ARM_GCC_541\Debug\ADC+UART.a(cyPm.o)
                              .\CortexM3\ARM_GCC_541\Debug\ADC+UART.a(CyLib.o) (CyPmReadStatus)
.\CortexM3\ARM_GCC_541\Debug\ADC+UART.a(isr_glitch.o)
                              .\CortexM3\ARM_GCC_541\Debug\main.o (isr_glitch_StartEx)
.\CortexM3\ARM_GCC_541\Debug\ADC+UART.a(WaveDAC8_1.o)
                              .\CortexM3\ARM_GCC_541\Debug\main.o (WaveDAC8_1_Start)
.\CortexM3\ARM_GCC_541\Debug\ADC+UART.a(WaveDAC8_1_DacClk.o)
                              .\CortexM3\ARM_GCC_541\Debug\ADC+UART.a(WaveDAC8_1.o) (WaveDAC8_1_DacClk_Start)
.\CortexM3\ARM_GCC_541\Debug\ADC+UART.a(WaveDAC8_1_Wave1_DMA_dma.o)
                              .\CortexM3\ARM_GCC_541\Debug\ADC+UART.a(WaveDAC8_1.o) (WaveDAC8_1_Wave1_DMA_DmaInitialize)
.\CortexM3\ARM_GCC_541\Debug\ADC+UART.a(WaveDAC8_1_Wave2_DMA_dma.o)
                              .\CortexM3\ARM_GCC_541\Debug\ADC+UART.a(WaveDAC8_1.o) (WaveDAC8_1_Wave2_DMA_DmaInitialize)
.\CortexM3\ARM_GCC_541\Debug\ADC+UART.a(WaveDAC8_1_VDAC8.o)
                              .\CortexM3\ARM_GCC_541\Debug\ADC+UART.a(WaveDAC8_1.o) (WaveDAC8_1_VDAC8_Enable)
.\CortexM3\ARM_GCC_541\Debug\ADC+UART.a(s0.o)
                              .\CortexM3\ARM_GCC_541\Debug\main.o (s0_Write)
.\CortexM3\ARM_GCC_541\Debug\ADC+UART.a(s1.o)
                              .\CortexM3\ARM_GCC_541\Debug\main.o (s1_Write)
.\CortexM3\ARM_GCC_541\Debug\ADC+UART.a(s2.o)
                              .\CortexM3\ARM_GCC_541\Debug\main.o (s2_Write)
.\CortexM3\ARM_GCC_541\Debug\ADC+UART.a(s3.o)
                              .\CortexM3\ARM_GCC_541\Debug\main.o (s3_Write)
.\CortexM3\ARM_GCC_541\Debug\ADC+UART.a(CyBootAsmGnu.o)
                              .\CortexM3\ARM_GCC_541\Debug\cyfitter_cfg.o (CyDelayCycles)
.\CortexM3\ARM_GCC_541\Debug\ADC+UART.a(CyFlash.o)
                              .\CortexM3\ARM_GCC_541\Debug\ADC+UART.a(cyPm.o) (CyFlash_SetWaitCycles)
.\CortexM3\ARM_GCC_541\Debug\ADC+UART.a(CySpc.o)
                              .\CortexM3\ARM_GCC_541\Debug\ADC+UART.a(CyFlash.o) (CySpcStart)
c:/program files (x86)/cypress/psoc creator/4.4/psoc creator/import/gnu/arm/5.4.1/bin/../lib/gcc/arm-none-eabi/5.4.1/armv7-m\libgcc.a(_arm_addsubdf3.o)
                              .\CortexM3\ARM_GCC_541\Debug\ADC+UART.a(ADC.o) (__aeabi_f2d)
c:/program files (x86)/cypress/psoc creator/4.4/psoc creator/import/gnu/arm/5.4.1/bin/../lib/gcc/arm-none-eabi/5.4.1/armv7-m\libgcc.a(_arm_cmpdf2.o)
                              .\CortexM3\ARM_GCC_541\Debug\ADC+UART.a(ADC.o) (__aeabi_dcmpgt)
c:/program files (x86)/cypress/psoc creator/4.4/psoc creator/import/gnu/arm/5.4.1/bin/../lib/gcc/arm-none-eabi/5.4.1/armv7-m\libgcc.a(_arm_addsubsf3.o)
                              .\CortexM3\ARM_GCC_541\Debug\ADC+UART.a(ADC.o) (__aeabi_ui2f)
c:/program files (x86)/cypress/psoc creator/4.4/psoc creator/import/gnu/arm/5.4.1/bin/../lib/gcc/arm-none-eabi/5.4.1/armv7-m\libgcc.a(_arm_muldivsf3.o)
                              .\CortexM3\ARM_GCC_541\Debug\ADC+UART.a(ADC.o) (__aeabi_fmul)
c:/program files (x86)/cypress/psoc creator/4.4/psoc creator/import/gnu/arm/5.4.1/bin/../lib/gcc/arm-none-eabi/5.4.1/armv7-m\libgcc.a(_arm_fixunssfsi.o)
[...]
Memory Configuration

Name             Origin             Length             Attributes
rom              0x00000000         0x00040000         xr
ram              0x1fff8000         0x00010000         xrw
*default*        0x00000000         0xffffffff

Linker script and memory map

LOAD c:/program files (x86)/cypress/psoc creator/4.4/psoc creator/import/gnu/arm/5.4.1/bin/../lib/gcc/arm-none-eabi/5.4.1/armv7-m/crti.o
LOAD c:/program files (x86)/cypress/psoc creator/4.4/psoc creator/import/gnu/arm/5.4.1/bin/../lib/gcc/arm-none-eabi/5.4.1/armv7-m/crtbegin.o
LOAD c:/program files (x86)/cypress/psoc creator/4.4/psoc creator/import/gnu/arm/5.4.1/bin/../lib/gcc/arm-none-eabi/5.4.1/../../../../arm-none-eabi/lib/armv7-m/crt0.o
START GROUP
LOAD .\CortexM3\ARM_GCC_541\Debug\main.o
LOAD .\CortexM3\ARM_GCC_541\Debug\cyfitter_cfg.o
LOAD .\CortexM3\ARM_GCC_541\Debug\cymetadata.o
LOAD .\CortexM3\ARM_GCC_541\Debug\Cm3Start.o
LOAD .\CortexM3\ARM_GCC_541\Debug\ADC+UART.a
LOAD C:\Program Files (x86)\Cypress\PSoC Creator\4.4\PSoC Creator\psoc\content\cycomponentlibrary\CyComponentLibrary.cylib\CortexM3\ARM_GCC_541\Debug\CyComponentLibrary.a
END GROUP
START GROUP
LOAD c:/program files (x86)/cypress/psoc creator/4.4/psoc creator/import/gnu/arm/5.4.1/bin/../lib/gcc/arm-none-eabi/5.4.1/armv7-m\libgcc.a
LOAD c:/program files (x86)/cypress/psoc creator/4.4/psoc creator/import/gnu/arm/5.4.1/bin/../lib/gcc/arm-none-eabi/5.4.1/../../../../arm-none-eabi/lib/armv7-m\libg_nano.a
LOAD c:/program files (x86)/cypress/psoc creator/4.4/psoc creator/import/gnu/arm/5.4.1/bin/../lib/gcc/arm-none-eabi/5.4.1/../../../../arm-none-eabi/lib/armv7-m\libc_nano.a
END GROUP
START GROUP
LOAD c:/program files (x86)/cypress/psoc creator/4.4/psoc creator/import/gnu/arm/5.4.1/bin/../lib/gcc/arm-none-eabi/5.4.1/armv7-m\libgcc.a
LOAD c:/program files (x86)/cypress/psoc creator/4.4/psoc creator/import/gnu/arm/5.4.1/bin/../lib/gcc/arm-none-eabi/5.4.1/../../../../arm-none-eabi/lib/armv7-m\libc_nano.a
END GROUP
LOAD c:/program files (x86)/cypress/psoc creator/4.4/psoc creator/import/gnu/arm/5.4.1/bin/../lib/gcc/arm-none-eabi/5.4.1/armv7-m/crtend.o
LOAD c:/program files (x86)/cypress/psoc creator/4.4/psoc creator/import/gnu/arm/5.4.1/bin/../lib/gcc/arm-none-eabi/5.4.1/armv7-m/crtn.o
START GROUP
LOAD c:/program files (x86)/cypress/psoc creator/4.4/psoc creator/import/gnu/arm/5.4.1/bin/../lib/gcc/arm-none-eabi/5.4.1/armv7-m\libgcc.a
LOAD c:/program files (x86)/cypress/psoc creator/4.4/psoc creator/import/gnu/arm/5.4.1/bin/../lib/gcc/arm-none-eabi/5.4.1/../../../../arm-none-eabi/lib/armv7-m\libc.a
LOAD c:/program files (x86)/cypress/psoc creator/4.4/psoc creator/import/gnu/arm/5.4.1/bin/../lib/gcc/arm-none-eabi/5.4.1/../../../../arm-none-eabi/lib/armv7-m\libnosys.a
END GROUP
                0x00000000                CY_APPL_ORIGIN = 0x0
                0x00000100                CY_FLASH_ROW_SIZE = 0x100
                0x00000020                CY_ECC_ROW_SIZE = 0x20
                0x00000000                CY_EE_IN_BTLDR = 0x0
                0x00000000                CY_APPL_LOADABLE = 0x0
                0x00000800                CY_EE_SIZE = 0x800
                0x00000001                CY_APPL_NUM = 0x1
                0x00000001                CY_APPL_MAX = 0x1
                0x00000040                CY_METADATA_SIZE = 0x40
                0x00000000                CY_APPL_LOADABLE = 0x0
                0x00000000                CY_CHECKSUM_EXCLUDE_SIZE = ALIGN (0x0, CY_FLASH_ROW_SIZE)
                [!provide]                PROVIDE (__cy_heap_start, _end)
                0x00000001                PROVIDE (__cy_region_num, ((__cy_regions_end - __cy_regions) / 0x10))
                0x20008000                PROVIDE (__cy_stack, (ORIGIN (ram) + LENGTH (ram)))
                [!provide]                PROVIDE (__cy_heap_end, (__cy_stack - 0x800))

.cybootloader   0x00000000        0x0
 *(.cybootloader)
                0x00000000                appl1_start = CY_APPL_ORIGIN?CY_APPL_ORIGIN:ALIGN (CY_FLASH_ROW_SIZE)
                0x0001ff00                appl2_start = (appl1_start + ALIGN ((((LENGTH (rom) - appl1_start) - (0x2 * CY_FLASH_ROW_SIZE)) / 0x2), CY_FLASH_ROW_SIZE))
                0x00000000                appl_start = (CY_APPL_NUM == 0x1)?appl1_start:appl2_start
                0x00000000                ecc_offset = ((appl_start / CY_FLASH_ROW_SIZE) * CY_ECC_ROW_SIZE)
                0x00000000                ee_offset = (CY_APPL_LOADABLE && ! (CY_EE_IN_BTLDR))?((CY_EE_SIZE / CY_APPL_MAX) * (CY_APPL_NUM - 0x1)):0x0
                0x00000800                ee_size = (CY_APPL_LOADABLE && ! (CY_EE_IN_BTLDR))?(CY_EE_SIZE / CY_APPL_MAX):CY_EE_SIZE
                [!provide]                PROVIDE (CY_ECC_OFFSET, ecc_offset)

.text           0x00000000     0x3c48
 CREATE_OBJECT_SYMBOLS
                0x00000000                PROVIDE (__cy_interrupt_vector, RomVectors)
 *(.romvectors)
 .romvectors    0x00000000       0x10 .\CortexM3\ARM_GCC_541\Debug\Cm3Start.o
                0x00000000                RomVectors
                0x00000001                ASSERT ((. != __cy_interrupt_vector), No interrupt vector)
                0x00000001                ASSERT (CY_APPL_ORIGIN?(SIZEOF (.cybootloader) <= CY_APPL_ORIGIN):0x1, Wrong image location)
                0x00000010                PROVIDE (__cy_reset, Reset)
 *(.text.Reset)
 .text.Reset    0x00000010       0x18 .\CortexM3\ARM_GCC_541\Debug\Cm3Start.o
                0x00000010                Reset
                0x00000001                ASSERT ((. != __cy_reset), No reset code)
 *(.dma_init)
                0x00000001                ASSERT ((((appl_start + .) <= 0x10000) || 0x1), DMA Init must be within the first 64k of flash)
 *(.text .text.* .gnu.linkonce.t.*)
 .text          0x00000028       0x5c c:/program files (x86)/cypress/psoc creator/4.4/psoc creator/import/gnu/arm/5.4.1/bin/../lib/gcc/arm-none-eabi/5.4.1/armv7-m/crtbegin.o
 .text.Enviar   0x00000084       0x24 .\CortexM3\ARM_GCC_541\Debug\main.o
                0x00000084                Enviar
 .text.InterruptRX
                0x000000a8       0x34 .\CortexM3\ARM_GCC_541\Debug\main.o
                0x000000a8                InterruptRX
 .text.cambio   0x000000dc       0x40 .\CortexM3\ARM_GCC_541\Debug\main.o
                0x000000dc                cambio
 .text.main     0x0000011c       0x2c .\CortexM3\ARM_GCC_541\Debug\main.o
                0x0000011c                main
 .text.CyClockStartupError
                0x00000148        0x4 .\CortexM3\ARM_GCC_541\Debug\cyfitter_cfg.o
 .text.cfg_write_bytes32
                0x0000014c       0x34 .\CortexM3\ARM_GCC_541\Debug\cyfitter_cfg.o
 .text.AnalogSetDefault
                0x00000180       0x4c .\CortexM3\ARM_GCC_541\Debug\cyfitter_cfg.o
 .text.CYMEMZERO
                0x000001cc        0xc .\CortexM3\ARM_GCC_541\Debug\cyfitter_cfg.o
 .text.CYCONFIGCPY
                0x000001d8        0x8 .\CortexM3\ARM_GCC_541\Debug\cyfitter_cfg.o
 .text.ClockSetup
                0x000001e0      0x10c .\CortexM3\ARM_GCC_541\Debug\cyfitter_cfg.o
 .text.ADC_AMux_Set
                0x000002ec       0x1c .\CortexM3\ARM_GCC_541\Debug\cyfitter_cfg.o
                0x000002ec                ADC_AMux_Set
 .text.ADC_AMux_Unset
                0x00000308       0x1c .\CortexM3\ARM_GCC_541\Debug\cyfitter_cfg.o
                0x00000308                ADC_AMux_Unset
 .text.cyfitter_cfg
                0x00000324      0x120 .\CortexM3\ARM_GCC_541\Debug\cyfitter_cfg.o
                0x00000324                cyfitter_cfg
 .text.IntDefaultHandler
                0x00000444       0x10 .\CortexM3\ARM_GCC_541\Debug\Cm3Start.o
                0x00000444                IntDefaultHandler
 .text._sbrk    0x00000454       0x30 .\CortexM3\ARM_GCC_541\Debug\Cm3Start.o
                0x00000454                _sbrk
 .text.Start_c  0x00000484       0x4c .\CortexM3\ARM_GCC_541\Debug\Cm3Start.o
                0x00000484                Start_c
 .text.initialize_psoc
                0x000004d0       0x6c .\CortexM3\ARM_GCC_541\Debug\Cm3Start.o
                0x000004d0                initialize_psoc
 .text.ADC_GainCompensation
                0x0000053c       0xdc .\CortexM3\ARM_GCC_541\Debug\ADC+UART.a(ADC.o)
 .text.ADC_SetDSMRef0Reg
                0x00000618       0x4c .\CortexM3\ARM_GCC_541\Debug\ADC+UART.a(ADC.o)
 .text.ADC_InitConfig
                0x00000664       0xe4 .\CortexM3\ARM_GCC_541\Debug\ADC+UART.a(ADC.o)
 .text.ADC_Init
                0x00000748       0xc4 .\CortexM3\ARM_GCC_541\Debug\ADC+UART.a(ADC.o)
                0x00000748                ADC_Init
 .text.ADC_Enable
                0x0000080c       0xd8 .\CortexM3\ARM_GCC_541\Debug\ADC+UART.a(ADC.o)
                0x0000080c                ADC_Enable
 .text.ADC_Start
                0x000008e4       0x28 .\CortexM3\ARM_GCC_541\Debug\ADC+UART.a(ADC.o)
                0x000008e4                ADC_Start
 .text.ADC_StartConvert
                0x0000090c       0x10 .\CortexM3\ARM_GCC_541\Debug\ADC+UART.a(ADC.o)
                0x0000090c                ADC_StartConvert
 .text.ADC_StopConvert
                0x0000091c       0x10 .\CortexM3\ARM_GCC_541\Debug\ADC+UART.a(ADC.o)
                0x0000091c                ADC_StopConvert
 .text.ADC_GetResult32
                0x0000092c       0x6c .\CortexM3\ARM_GCC_541\Debug\ADC+UART.a(ADC.o)
                0x0000092c                ADC_GetResult32
 .text.ADC_ISR1
                0x00000998        0x4 .\CortexM3\ARM_GCC_541\Debug\ADC+UART.a(ADC_INT.o)
                0x00000998                ADC_ISR1
 .text.LED_Write
                0x0000099c       0x18 .\CortexM3\ARM_GCC_541\Debug\ADC+UART.a(LED.o)
                0x0000099c                LED_Write
 .text.LED_Read
                0x000009b4       0x10 .\CortexM3\ARM_GCC_541\Debug\ADC+UART.a(LED.o)
                0x000009b4                LED_Read
 .text.isrEnvio_SetVector
                0x000009c4        0xc .\CortexM3\ARM_GCC_541\Debug\ADC+UART.a(isrEnvio.o)
                0x000009c4                isrEnvio_SetVector
 .text.isrEnvio_SetPriority
                0x000009d0       0x10 .\CortexM3\ARM_GCC_541\Debug\ADC+UART.a(isrEnvio.o)
                0x000009d0                isrEnvio_SetPriority
 .text.isrEnvio_Enable
                0x000009e0        0xc .\CortexM3\ARM_GCC_541\Debug\ADC+UART.a(isrEnvio.o)
                0x000009e0                isrEnvio_Enable
 .text.isrEnvio_Disable
                0x000009ec        0xc .\CortexM3\ARM_GCC_541\Debug\ADC+UART.a(isrEnvio.o)
                0x000009ec                isrEnvio_Disable
 .text.isrEnvio_StartEx
                0x000009f8       0x1c .\CortexM3\ARM_GCC_541\Debug\ADC+UART.a(isrEnvio.o)
                0x000009f8                isrEnvio_StartEx
 .text.UART_Init
                0x00000a14       0x28 .\CortexM3\ARM_GCC_541\Debug\ADC+UART.a(UART.o)
                0x00000a14                UART_Init
 .text.UART_Enable
                0x00000a3c       0x38 .\CortexM3\ARM_GCC_541\Debug\ADC+UART.a(UART.o)
                0x00000a3c                UART_Enable
 .text.UART_Start
                0x00000a74       0x1c .\CortexM3\ARM_GCC_541\Debug\ADC+UART.a(UART.o)
                0x00000a74                UART_Start
 .text.UART_GetChar
                0x00000a90       0x2c .\CortexM3\ARM_GCC_541\Debug\ADC+UART.a(UART.o)
                0x00000a90                UART_GetChar
 .text.UART_PutChar
                0x00000abc       0x18 .\CortexM3\ARM_GCC_541\Debug\ADC+UART.a(UART.o)
                0x00000abc                UART_PutChar
 .text.UART_PutString
                0x00000ad4       0x24 .\CortexM3\ARM_GCC_541\Debug\ADC+UART.a(UART.o)
                0x00000ad4                UART_PutString
 .text.isrRX_SetVector
                0x00000af8        0xc .\CortexM3\ARM_GCC_541\Debug\ADC+UART.a(isrRX.o)
                0x00000af8                isrRX_SetVector
 .text.isrRX_SetPriority
                0x00000b04       0x10 .\CortexM3\ARM_GCC_541\Debug\ADC+UART.a(isrRX.o)
                0x00000b04                isrRX_SetPriority
 .text.isrRX_Enable
                0x00000b14        0xc .\CortexM3\ARM_GCC_541\Debug\ADC+UART.a(isrRX.o)
                0x00000b14                isrRX_Enable
 .text.isrRX_Disable
                0x00000b20        0xc .\CortexM3\ARM_GCC_541\Debug\ADC+UART.a(isrRX.o)
                0x00000b20                isrRX_Disable
 .text.isrRX_StartEx
                0x00000b2c       0x1c .\CortexM3\ARM_GCC_541\Debug\ADC+UART.a(isrRX.o)
                0x00000b2c                isrRX_StartEx
 .text.ADC_AMux_Start
                0x00000b48       0x20 .\CortexM3\ARM_GCC_541\Debug\ADC+UART.a(ADC_AMux.o)
                0x00000b48                ADC_AMux_Start
 .text.ADC_AMux_Select
                0x00000b68       0x18 .\CortexM3\ARM_GCC_541\Debug\ADC+UART.a(ADC_AMux.o)
                0x00000b68                ADC_AMux_Select
 .text.ADC_Ext_CP_Clk_GetDividerRegister
                0x00000b80        0xc .\CortexM3\ARM_GCC_541\Debug\ADC+UART.a(ADC_Ext_CP_Clk.o)
                0x00000b80                ADC_Ext_CP_Clk_GetDividerRegister
 .text.ADC_Ext_CP_Clk_SetModeRegister
                0x00000b8c       0x14 .\CortexM3\ARM_GCC_541\Debug\ADC+UART.a(ADC_Ext_CP_Clk.o)
                0x00000b8c                ADC_Ext_CP_Clk_SetModeRegister
 .text.ADC_Ext_CP_Clk_GetSourceRegister
                0x00000ba0       0x10 .\CortexM3\ARM_GCC_541\Debug\ADC+UART.a(ADC_Ext_CP_Clk.o)
                0x00000ba0                ADC_Ext_CP_Clk_GetSourceRegister
 .text.ADC_Ext_CP_Clk_SetDividerRegister
                0x00000bb0       0xd8 .\CortexM3\ARM_GCC_541\Debug\ADC+UART.a(ADC_Ext_CP_Clk.o)
                0x00000bb0                ADC_Ext_CP_Clk_SetDividerRegister
 .text.ADC_theACLK_GetDividerRegister
                0x00000c88        0xc .\CortexM3\ARM_GCC_541\Debug\ADC+UART.a(ADC_theACLK.o)
                0x00000c88                ADC_theACLK_GetDividerRegister
 .text.ADC_theACLK_SetModeRegister
                0x00000c94       0x14 .\CortexM3\ARM_GCC_541\Debug\ADC+UART.a(ADC_theACLK.o)
                0x00000c94                ADC_theACLK_SetModeRegister
 .text.ADC_theACLK_GetSourceRegister
                0x00000ca8       0x10 .\CortexM3\ARM_GCC_541\Debug\ADC+UART.a(ADC_theACLK.o)
                0x00000ca8                ADC_theACLK_GetSourceRegister
 .text.ADC_theACLK_SetDividerRegister
                0x00000cb8       0xd8 .\CortexM3\ARM_GCC_541\Debug\ADC+UART.a(ADC_theACLK.o)
                0x00000cb8                ADC_theACLK_SetDividerRegister
 .text.UART_IntClock_Start
                0x00000d90       0x1c .\CortexM3\ARM_GCC_541\Debug\ADC+UART.a(UART_IntClock.o)
                0x00000d90                UART_IntClock_Start
 .text.CyDmacConfigure
                0x00000dac       0x34 .\CortexM3\ARM_GCC_541\Debug\ADC+UART.a(CyDmac.o)
                0x00000dac                CyDmacConfigure
 .text.CyDmaChEnable
                0x00000de0       0x38 .\CortexM3\ARM_GCC_541\Debug\ADC+UART.a(CyDmac.o)
                0x00000de0                CyDmaChEnable
 .text.CyDmaChPriority
                0x00000e18       0x24 .\CortexM3\ARM_GCC_541\Debug\ADC+UART.a(CyDmac.o)
                0x00000e18                CyDmaChPriority
 .text.CyDmaChSetExtendedAddress
                0x00000e3c       0x34 .\CortexM3\ARM_GCC_541\Debug\ADC+UART.a(CyDmac.o)
                0x00000e3c                CyDmaChSetExtendedAddress
 .text.CyDmaChSetInitialTd
                0x00000e70       0x18 .\CortexM3\ARM_GCC_541\Debug\ADC+UART.a(CyDmac.o)
                0x00000e70                CyDmaChSetInitialTd
 .text.CyDmaChSetConfiguration
                0x00000e88       0x44 .\CortexM3\ARM_GCC_541\Debug\ADC+UART.a(CyDmac.o)
                0x00000e88                CyDmaChSetConfiguration
 .text.CyDmaTdAllocate
                0x00000ecc       0x34 .\CortexM3\ARM_GCC_541\Debug\ADC+UART.a(CyDmac.o)
                0x00000ecc                CyDmaTdAllocate
 .text.CyDmaTdSetConfiguration
                0x00000f00       0x28 .\CortexM3\ARM_GCC_541\Debug\ADC+UART.a(CyDmac.o)
                0x00000f00                CyDmaTdSetConfiguration
 .text.CyDmaTdSetAddress
                0x00000f28       0x1c .\CortexM3\ARM_GCC_541\Debug\ADC+UART.a(CyDmac.o)
                0x00000f28                CyDmaTdSetAddress
 .text.CyHalt   0x00000f44        0x4 .\CortexM3\ARM_GCC_541\Debug\ADC+UART.a(CyLib.o)
                0x00000f44                CyHalt
 .text.CyDelayUs
                0x00000f48       0x14 .\CortexM3\ARM_GCC_541\Debug\ADC+UART.a(CyLib.o)
                0x00000f48                CyDelayUs
 .text.CyIntSetVector
                0x00000f5c       0x28 .\CortexM3\ARM_GCC_541\Debug\ADC+UART.a(CyLib.o)
                0x00000f5c                CyIntSetVector
 .text.CyIntSetPriority
                0x00000f84       0x30 .\CortexM3\ARM_GCC_541\Debug\ADC+UART.a(CyLib.o)
                0x00000f84                CyIntSetPriority
 .text.isr_glitch_SetVector
                0x00000fb4        0xc .\CortexM3\ARM_GCC_541\Debug\ADC+UART.a(isr_glitch.o)
                0x00000fb4                isr_glitch_SetVector
 .text.isr_glitch_SetPriority
                0x00000fc0       0x10 .\CortexM3\ARM_GCC_541\Debug\ADC+UART.a(isr_glitch.o)
                0x00000fc0                isr_glitch_SetPriority
 .text.isr_glitch_Enable
                0x00000fd0        0xc .\CortexM3\ARM_GCC_541\Debug\ADC+UART.a(isr_glitch.o)
                0x00000fd0                isr_glitch_Enable
 .text.isr_glitch_Disable
                0x00000fdc        0xc .\CortexM3\ARM_GCC_541\Debug\ADC+UART.a(isr_glitch.o)
                0x00000fdc                isr_glitch_Disable
 .text.isr_glitch_StartEx
                0x00000fe8       0x1c .\CortexM3\ARM_GCC_541\Debug\ADC+UART.a(isr_glitch.o)
                0x00000fe8                isr_glitch_StartEx
 .text.isr_glitch_ClearPending
                0x00001004        0xc .\CortexM3\ARM_GCC_541\Debug\ADC+UART.a(isr_glitch.o)
                0x00001004                isr_glitch_ClearPending
 .text.WaveDAC8_1_Enable
                0x00001010       0x28 .\CortexM3\ARM_GCC_541\Debug\ADC+UART.a(WaveDAC8_1.o)
                0x00001010                WaveDAC8_1_Enable
 .text.WaveDAC8_1_Wave1Setup
                0x00001038       0x40 .\CortexM3\ARM_GCC_541\Debug\ADC+UART.a(WaveDAC8_1.o)
                0x00001038                WaveDAC8_1_Wave1Setup
 .text.WaveDAC8_1_Wave2Setup
                0x00001078       0x40 .\CortexM3\ARM_GCC_541\Debug\ADC+UART.a(WaveDAC8_1.o)
                0x00001078                WaveDAC8_1_Wave2Setup
 .text.WaveDAC8_1_Init
                0x000010b8       0x40 .\CortexM3\ARM_GCC_541\Debug\ADC+UART.a(WaveDAC8_1.o)
                0x000010b8                WaveDAC8_1_Init
 .text.WaveDAC8_1_Start
                0x000010f8       0x1c .\CortexM3\ARM_GCC_541\Debug\ADC+UART.a(WaveDAC8_1.o)
                0x000010f8                WaveDAC8_1_Start
 .text.WaveDAC8_1_DacClk_Start
                0x00001114       0x1c .\CortexM3\ARM_GCC_541\Debug\ADC+UART.a(WaveDAC8_1_DacClk.o)
                0x00001114                WaveDAC8_1_DacClk_Start
 .text.WaveDAC8_1_Wave1_DMA_DmaInitialize
                0x00001130       0x3c .\CortexM3\ARM_GCC_541\Debug\ADC+UART.a(WaveDAC8_1_Wave1_DMA_dma.o)
                0x00001130                WaveDAC8_1_Wave1_DMA_DmaInitialize
 .text.WaveDAC8_1_Wave2_DMA_DmaInitialize
                0x0000116c       0x3c .\CortexM3\ARM_GCC_541\Debug\ADC+UART.a(WaveDAC8_1_Wave2_DMA_dma.o)
                0x0000116c                WaveDAC8_1_Wave2_DMA_DmaInitialize
 .text.WaveDAC8_1_VDAC8_Enable
                0x000011a8       0x1c .\CortexM3\ARM_GCC_541\Debug\ADC+UART.a(WaveDAC8_1_VDAC8.o)
                0x000011a8                WaveDAC8_1_VDAC8_Enable
 .text.WaveDAC8_1_VDAC8_SetSpeed
                0x000011c4       0x1c .\CortexM3\ARM_GCC_541\Debug\ADC+UART.a(WaveDAC8_1_VDAC8.o)
                0x000011c4                WaveDAC8_1_VDAC8_SetSpeed
 .text.WaveDAC8_1_VDAC8_SetValue
                0x000011e0        0xc .\CortexM3\ARM_GCC_541\Debug\ADC+UART.a(WaveDAC8_1_VDAC8.o)
                0x000011e0                WaveDAC8_1_VDAC8_SetValue
 .text.WaveDAC8_1_VDAC8_DacTrim
                0x000011ec       0x24 .\CortexM3\ARM_GCC_541\Debug\ADC+UART.a(WaveDAC8_1_VDAC8.o)
                0x000011ec                WaveDAC8_1_VDAC8_DacTrim
 .text.WaveDAC8_1_VDAC8_SetRange
                0x00001210       0x20 .\CortexM3\ARM_GCC_541\Debug\ADC+UART.a(WaveDAC8_1_VDAC8.o)
                0x00001210                WaveDAC8_1_VDAC8_SetRange
 .text.WaveDAC8_1_VDAC8_Init
                0x00001230       0x2c .\CortexM3\ARM_GCC_541\Debug\ADC+UART.a(WaveDAC8_1_VDAC8.o)
                0x00001230                WaveDAC8_1_VDAC8_Init
 *fill*         0x0000125c        0x4 
 .text          0x00001260       0x20 .\CortexM3\ARM_GCC_541\Debug\ADC+UART.a(CyBootAsmGnu.o)
                0x00001260                CyDelayCycles
                0x00001270                CyEnterCriticalSection
                0x00001278                CyExitCriticalSection
 .text          0x00001280      0x370 c:/program files (x86)/cypress/psoc creator/4.4/psoc creator/import/gnu/arm/5.4.1/bin/../lib/gcc/arm-none-eabi/5.4.1/armv7-m\libgcc.a(_arm_addsubdf3.o)
                0x00001280                __aeabi_drsub
                0x00001288                __aeabi_dsub
                0x00001288                __subdf3
                0x0000128c                __aeabi_dadd
                0x0000128c                __adddf3
                0x00001504                __floatunsidf
                0x00001504                __aeabi_ui2d
                0x00001524                __floatsidf
                0x00001524                __aeabi_i2d
                0x00001548                __aeabi_f2d
                0x00001548                __extendsfdf2
                0x00001584                __floatundidf
                0x00001584                __aeabi_ul2d
                0x00001594                __floatdidf
                0x00001594                __aeabi_l2d
 .text          0x000015f0      0x110 c:/program files (x86)/cypress/psoc creator/4.4/psoc creator/import/gnu/arm/5.4.1/bin/../lib/gcc/arm-none-eabi/5.4.1/armv7-m\libgcc.a(_arm_cmpdf2.o)
                0x000015f0                __gtdf2
                0x000015f0                __gedf2
                0x000015f8                __ltdf2
                0x000015f8                __ledf2
                0x00001600                __nedf2
                0x00001600                __eqdf2
                0x00001600                __cmpdf2
                0x0000167c                __aeabi_cdrcmple
                0x0000168c                __aeabi_cdcmpeq
                0x0000168c                __aeabi_cdcmple
                0x0000169c                __aeabi_dcmpeq
                0x000016b0                __aeabi_dcmplt
                0x000016c4                __aeabi_dcmple
                0x000016d8                __aeabi_dcmpge
                0x000016ec                __aeabi_dcmpgt
 .text.__errno  0x00001700        0xc c:/program files (x86)/cypress/psoc creator/4.4/psoc creator/import/gnu/arm/5.4.1/bin/../lib/gcc/arm-none-eabi/5.4.1/../../../../arm-none-eabi/lib/armv7-m\libg_nano.a(lib_a-errno.o)
                0x00001700                __errno
 .text.__libc_init_array
                0x0000170c       0x4c c:/program files (x86)/cypress/psoc creator/4.4/psoc creator/import/gnu/arm/5.4.1/bin/../lib/gcc/arm-none-eabi/5.4.1/../../../../arm-none-eabi/lib/armv7-m\libg_nano.a(lib_a-init.o)
                0x0000170c                __libc_init_array
 .text.memcpy   0x00001758       0x16 c:/program files (x86)/cypress/psoc creator/4.4/psoc creator/import/gnu/arm/5.4.1/bin/../lib/gcc/arm-none-eabi/5.4.1/../../../../arm-none-eabi/lib/armv7-m\libg_nano.a(lib_a-memcpy-stub.o)
                0x00001758                memcpy
 .text.memset   0x0000176e       0x10 c:/program files (x86)/cypress/psoc creator/4.4/psoc creator/import/gnu/arm/5.4.1/bin/../lib/gcc/arm-none-eabi/5.4.1/../../../../arm-none-eabi/lib/armv7-m\libg_nano.a(lib_a-memset.o)
                0x0000176e                memset
 .text.__cvt    0x0000177e       0xc0 c:/program files (x86)/cypress/psoc creator/4.4/psoc creator/import/gnu/arm/5.4.1/bin/../lib/gcc/arm-none-eabi/5.4.1/../../../../arm-none-eabi/lib/armv7-m\libg_nano.a(lib_a-nano-vfprintf_float.o)
                0x0000177e                __cvt
 .text.__exponent
                0x0000183e       0x62 c:/program files (x86)/cypress/psoc creator/4.4/psoc creator/import/gnu/arm/5.4.1/bin/../lib/gcc/arm-none-eabi/5.4.1/../../../../arm-none-eabi/lib/armv7-m\libg_nano.a(lib_a-nano-vfprintf_float.o)
                0x0000183e                __exponent
 .text._printf_float
                0x000018a0      0x488 c:/program files (x86)/cypress/psoc creator/4.4/psoc creator/import/gnu/arm/5.4.1/bin/../lib/gcc/arm-none-eabi/5.4.1/../../../../arm-none-eabi/lib/armv7-m\libg_nano.a(lib_a-nano-vfprintf_float.o)
                0x000018a0                _printf_float
 .text._printf_common
                0x00001d28       0xec c:/program files (x86)/cypress/psoc creator/4.4/psoc creator/import/gnu/arm/5.4.1/bin/../lib/gcc/arm-none-eabi/5.4.1/../../../../arm-none-eabi/lib/armv7-m\libg_nano.a(lib_a-nano-vfprintf_i.o)
                0x00001d28                _printf_common
 .text._printf_i
                0x00001e14      0x24c c:/program files (x86)/cypress/psoc creator/4.4/psoc creator/import/gnu/arm/5.4.1/bin/../lib/gcc/arm-none-eabi/5.4.1/../../../../arm-none-eabi/lib/armv7-m\libg_nano.a(lib_a-nano-vfprintf_i.o)
                0x00001e14                _printf_i
 .text.sprintf  0x00002060       0x48 c:/program files (x86)/cypress/psoc creator/4.4/psoc creator/import/gnu/arm/5.4.1/bin/../lib/gcc/arm-none-eabi/5.4.1/../../../../arm-none-eabi/lib/armv7-m\libg_nano.a(lib_a-sprintf.o)
                0x00002060                siprintf
                0x00002060                sprintf
 .text          0x000020a8       0x10 c:/program files (x86)/cypress/psoc creator/4.4/psoc creator/import/gnu/arm/5.4.1/bin/../lib/gcc/arm-none-eabi/5.4.1/../../../../arm-none-eabi/lib/armv7-m\libg_nano.a(lib_a-strlen.o)
                0x000020a8                strlen
 .text.quorem   0x000020b8      0x116 c:/program files (x86)/cypress/psoc creator/4.4/psoc creator/import/gnu/arm/5.4.1/bin/../lib/gcc/arm-none-eabi/5.4.1/../../../../arm-none-eabi/lib/armv7-m\libg_nano.a(lib_a-dtoa.o)
 *fill*         0x000021ce        0x2 
 .text._dtoa_r  0x000021d0      0xb30 c:/program files (x86)/cypress/psoc creator/4.4/psoc creator/import/gnu/arm/5.4.1/bin/../lib/gcc/arm-none-eabi/5.4.1/../../../../arm-none-eabi/lib/armv7-m\libg_nano.a(lib_a-dtoa.o)
                0x000021d0                _dtoa_r
 .text._localeconv_r
                0x00002d00        0x8 c:/program files (x86)/cypress/psoc creator/4.4/psoc creator/import/gnu/arm/5.4.1/bin/../lib/gcc/arm-none-eabi/5.4.1/../../../../arm-none-eabi/lib/armv7-m\libg_nano.a(lib_a-locale.o)
                0x00002d00                _localeconv_r
 .text.malloc   0x00002d08       0x10 c:/program files (x86)/cypress/psoc creator/4.4/psoc creator/import/gnu/arm/5.4.1/bin/../lib/gcc/arm-none-eabi/5.4.1/../../../../arm-none-eabi/lib/armv7-m\libg_nano.a(lib_a-malloc.o)
                0x00002d08                malloc
 .text.memchr   0x00002d18       0x1c c:/program files (x86)/cypress/psoc creator/4.4/psoc creator/import/gnu/arm/5.4.1/bin/../lib/gcc/arm-none-eabi/5.4.1/../../../../arm-none-eabi/lib/armv7-m\libg_nano.a(lib_a-memchr-stub.o)
                0x00002d18                memchr
 .text._Balloc  0x00002d34       0x6a c:/program files (x86)/cypress/psoc creator/4.4/psoc creator/import/gnu/arm/5.4.1/bin/../lib/gcc/arm-none-eabi/5.4.1/../../../../arm-none-eabi/lib/armv7-m\libg_nano.a(lib_a-mprec.o)
                0x00002d34                _Balloc
 .text._Bfree   0x00002d9e       0x2e c:/program files (x86)/cypress/psoc creator/4.4/psoc creator/import/gnu/arm/5.4.1/bin/../lib/gcc/arm-none-eabi/5.4.1/../../../../arm-none-eabi/lib/armv7-m\libg_nano.a(lib_a-mprec.o)
                0x00002d9e                _Bfree
 .text.__multadd
                0x00002dcc       0x76 c:/program files (x86)/cypress/psoc creator/4.4/psoc creator/import/gnu/arm/5.4.1/bin/../lib/gcc/arm-none-eabi/5.4.1/../../../../arm-none-eabi/lib/armv7-m\libg_nano.a(lib_a-mprec.o)
                0x00002dcc                __multadd
 .text.__hi0bits
                0x00002e42       0x40 c:/program files (x86)/cypress/psoc creator/4.4/psoc creator/import/gnu/arm/5.4.1/bin/../lib/gcc/arm-none-eabi/5.4.1/../../../../arm-none-eabi/lib/armv7-m\libg_nano.a(lib_a-mprec.o)
                0x00002e42                __hi0bits
 .text.__lo0bits
                0x00002e82       0x5a c:/program files (x86)/cypress/psoc creator/4.4/psoc creator/import/gnu/arm/5.4.1/bin/../lib/gcc/arm-none-eabi/5.4.1/../../../../arm-none-eabi/lib/armv7-m\libg_nano.a(lib_a-mprec.o)
                0x00002e82                __lo0bits
 .text.__i2b    0x00002edc       0x12 c:/program files (x86)/cypress/psoc creator/4.4/psoc creator/import/gnu/arm/5.4.1/bin/../lib/gcc/arm-none-eabi/5.4.1/../../../../arm-none-eabi/lib/armv7-m\libg_nano.a(lib_a-mprec.o)
                0x00002edc                __i2b
 .text.__multiply
                0x00002eee      0x120 c:/program files (x86)/cypress/psoc creator/4.4/psoc creator/import/gnu/arm/5.4.1/bin/../lib/gcc/arm-none-eabi/5.4.1/../../../../arm-none-eabi/lib/armv7-m\libg_nano.a(lib_a-mprec.o)
                0x00002eee                __multiply
 *fill*         0x0000300e        0x2 
 .text.__pow5mult
                0x00003010       0x9c c:/program files (x86)/cypress/psoc creator/4.4/psoc creator/import/gnu/arm/5.4.1/bin/../lib/gcc/arm-none-eabi/5.4.1/../../../../arm-none-eabi/lib/armv7-m\libg_nano.a(lib_a-mprec.o)
                0x00003010                __pow5mult
 .text.__lshift
                0x000030ac       0xa2 c:/program files (x86)/cypress/psoc creator/4.4/psoc creator/import/gnu/arm/5.4.1/bin/../lib/gcc/arm-none-eabi/5.4.1/../../../../arm-none-eabi/lib/armv7-m\libg_nano.a(lib_a-mprec.o)
                0x000030ac                __lshift
 .text.__mcmp   0x0000314e       0x38 c:/program files (x86)/cypress/psoc creator/4.4/psoc creator/import/gnu/arm/5.4.1/bin/../lib/gcc/arm-none-eabi/5.4.1/../../../../arm-none-eabi/lib/armv7-m\libg_nano.a(lib_a-mprec.o)
                0x0000314e                __mcmp
 .text.__mdiff  0x00003186       0xbe c:/program files (x86)/cypress/psoc creator/4.4/psoc creator/import/gnu/arm/5.4.1/bin/../lib/gcc/arm-none-eabi/5.4.1/../../../../arm-none-eabi/lib/armv7-m\libg_nano.a(lib_a-mprec.o)
                0x00003186                __mdiff
 .text.__d2b    0x00003244       0x9c c:/program files (x86)/cypress/psoc creator/4.4/psoc creator/import/gnu/arm/5.4.1/bin/../lib/gcc/arm-none-eabi/5.4.1/../../../../arm-none-eabi/lib/armv7-m\libg_nano.a(lib_a-mprec.o)
                0x00003244                __d2b
 .text._calloc_r
                0x000032e0       0x1c c:/program files (x86)/cypress/psoc creator/4.4/psoc creator/import/gnu/arm/5.4.1/bin/../lib/gcc/arm-none-eabi/5.4.1/../../../../arm-none-eabi/lib/armv7-m\libg_nano.a(lib_a-nano-callocr.o)
                0x000032e0                _calloc_r
 .text._free_r  0x000032fc       0x98 c:/program files (x86)/cypress/psoc creator/4.4/psoc creator/import/gnu/arm/5.4.1/bin/../lib/gcc/arm-none-eabi/5.4.1/../../../../arm-none-eabi/lib/armv7-m\libg_nano.a(lib_a-nano-freer.o)
                0x000032fc                _free_r
 .text._malloc_r
                0x00003394       0xbc c:/program files (x86)/cypress/psoc creator/4.4/psoc creator/import/gnu/arm/5.4.1/bin/../lib/gcc/arm-none-eabi/5.4.1/../../../../arm-none-eabi/lib/armv7-m\libg_nano.a(lib_a-nano-mallocr.o)
                0x00003394                _malloc_r
 .text.__ssputs_r
                0x00003450       0xb2 c:/program files (x86)/cypress/psoc creator/4.4/psoc creator/import/gnu/arm/5.4.1/bin/../lib/gcc/arm-none-eabi/5.4.1/../../../../arm-none-eabi/lib/armv7-m\libg_nano.a(lib_a-nano-svfprintf.o)
                0x00003450                __ssputs_r
 *fill*         0x00003502        0x2 
 .text._svfprintf_r
                0x00003504      0x1e8 c:/program files (x86)/cypress/psoc creator/4.4/psoc creator/import/gnu/arm/5.4.1/bin/../lib/gcc/arm-none-eabi/5.4.1/../../../../arm-none-eabi/lib/armv7-m\libg_nano.a(lib_a-nano-svfprintf.o)
                0x00003504                _svfiprintf_r
                0x00003504                _svfprintf_r
 .text._sbrk_r  0x000036ec       0x20 c:/program files (x86)/cypress/psoc creator/4.4/psoc creator/import/gnu/arm/5.4.1/bin/../lib/gcc/arm-none-eabi/5.4.1/../../../../arm-none-eabi/lib/armv7-m\libg_nano.a(lib_a-sbrkr.o)
                0x000036ec                _sbrk_r
 .text.memmove  0x0000370c       0x36 c:/program files (x86)/cypress/psoc creator/4.4/psoc creator/import/gnu/arm/5.4.1/bin/../lib/gcc/arm-none-eabi/5.4.1/../../../../arm-none-eabi/lib/armv7-m\libg_nano.a(lib_a-memmove.o)
                0x0000370c                memmove
 .text.__malloc_lock
                0x00003742        0x2 c:/program files (x86)/cypress/psoc creator/4.4/psoc creator/import/gnu/arm/5.4.1/bin/../lib/gcc/arm-none-eabi/5.4.1/../../../../arm-none-eabi/lib/armv7-m\libg_nano.a(lib_a-mlock.o)
                0x00003742                __malloc_lock
 .text.__malloc_unlock
                0x00003744        0x2 c:/program files (x86)/cypress/psoc creator/4.4/psoc creator/import/gnu/arm/5.4.1/bin/../lib/gcc/arm-none-eabi/5.4.1/../../../../arm-none-eabi/lib/armv7-m\libg_nano.a(lib_a-mlock.o)
                0x00003744                __malloc_unlock
 .text._realloc_r
                0x00003746       0x4c c:/program files (x86)/cypress/psoc creator/4.4/psoc creator/import/gnu/arm/5.4.1/bin/../lib/gcc/arm-none-eabi/5.4.1/../../../../arm-none-eabi/lib/armv7-m\libg_nano.a(lib_a-nano-reallocr.o)
                0x00003746                _realloc_r
 .text._malloc_usable_size_r
                0x00003792       0x14 c:/program files (x86)/cypress/psoc creator/4.4/psoc creator/import/gnu/arm/5.4.1/bin/../lib/gcc/arm-none-eabi/5.4.1/../../../../arm-none-eabi/lib/armv7-m\libg_nano.a(lib_a-nano-msizer.o)
                0x00003792                _malloc_usable_size_r
 *fill*         0x000037a6        0x2 
 .text          0x000037a8      0x424 c:/program files (x86)/cypress/psoc creator/4.4/psoc creator/import/gnu/arm/5.4.1/bin/../lib/gcc/arm-none-eabi/5.4.1/armv7-m\libgcc.a(_arm_muldivdf3.o)
                0x000037a8                __aeabi_dmul
                0x000037a8                __muldf3
                0x000039fc                __divdf3
                0x000039fc                __aeabi_ddiv
 .text          0x00003bcc       0x2c c:/program files (x86)/cypress/psoc creator/4.4/psoc creator/import/gnu/arm/5.4.1/bin/../lib/gcc/arm-none-eabi/5.4.1/armv7-m\libgcc.a(_arm_unorddf2.o)
                0x00003bcc                __unorddf2
                0x00003bcc                __aeabi_dcmpun
 .text          0x00003bf8       0x50 c:/program files (x86)/cypress/psoc creator/4.4/psoc creator/import/gnu/arm/5.4.1/bin/../lib/gcc/arm-none-eabi/5.4.1/armv7-m\libgcc.a(_arm_fixdfsi.o)
                0x00003bf8                __aeabi_d2iz
                0x00003bf8                __fixdfsi
 *(.plt)
 *(.gnu.warning)
 *(.glue_7t)
 .glue_7t       0x00003c48        0x0 linker stubs
 *(.glue_7)
 .glue_7        0x00003c48        0x0 linker stubs
 *(.vfp11_veneer)
 .vfp11_veneer  0x00003c48        0x0 linker stubs
 *(.bootloader)
 *(.ARM.extab* .gnu.linkonce.armextab.*)
 *(.gcc_except_table)

.v4_bx          0x00003c48        0x0
 .v4_bx         0x00003c48        0x0 linker stubs

.iplt           0x00003c48        0x0
 .iplt          0x00003c48        0x0 c:/program files (x86)/cypress/psoc creator/4.4/psoc creator/import/gnu/arm/5.4.1/bin/../lib/gcc/arm-none-eabi/5.4.1/armv7-m/crtbegin.o

.eh_frame_hdr
 *(.eh_frame_hdr)

.eh_frame       0x00003c48        0x4
 *(.eh_frame)
 .eh_frame      0x00003c48        0x0 c:/program files (x86)/cypress/psoc creator/4.4/psoc creator/import/gnu/arm/5.4.1/bin/../lib/gcc/arm-none-eabi/5.4.1/armv7-m/crtbegin.o
 .eh_frame      0x00003c48        0x4 c:/program files (x86)/cypress/psoc creator/4.4/psoc creator/import/gnu/arm/5.4.1/bin/../lib/gcc/arm-none-eabi/5.4.1/armv7-m/crtend.o
                [!provide]                PROVIDE (__exidx_start, .)

.ARM.exidx
 *(.ARM.exidx* .gnu.linkonce.armexidx.*)
                0x00003c4c                __exidx_end = .

.rodata         0x00003c50      0xa70
 *(.rodata .rodata.* .gnu.linkonce.r.*)
 .rodata.str1.4
                0x00003c50        0x8 .\CortexM3\ARM_GCC_541\Debug\main.o
 .rodata        0x00003c58       0x3c .\CortexM3\ARM_GCC_541\Debug\cyfitter_cfg.o
                0x00003c58                ADC_AMux__addrTable
                0x00003c60                ADC_AMux__maskTable
 .rodata        0x00003c94      0x898 .\CortexM3\ARM_GCC_541\Debug\ADC+UART.a(WaveDAC8_1.o)
                0x00003c94                WaveDAC8_1_wave1
                0x00004464                WaveDAC8_1_wave2
 .rodata.str1.1
                0x0000452c        0x2 c:/program files (x86)/cypress/psoc creator/4.4/psoc creator/import/gnu/arm/5.4.1/bin/../lib/gcc/arm-none-eabi/5.4.1/../../../../arm-none-eabi/lib/armv7-m\libg_nano.a(lib_a-impure.o)
 .rodata.str1.1
                0x0000452e       0x12 c:/program files (x86)/cypress/psoc creator/4.4/psoc creator/import/gnu/arm/5.4.1/bin/../lib/gcc/arm-none-eabi/5.4.1/../../../../arm-none-eabi/lib/armv7-m\libg_nano.a(lib_a-nano-vfprintf_float.o)
 .rodata.str1.1
                0x00004540       0x22 c:/program files (x86)/cypress/psoc creator/4.4/psoc creator/import/gnu/arm/5.4.1/bin/../lib/gcc/arm-none-eabi/5.4.1/../../../../arm-none-eabi/lib/armv7-m\libg_nano.a(lib_a-nano-vfprintf_i.o)
 .rodata.str1.1
                0x00004562        0xd c:/program files (x86)/cypress/psoc creator/4.4/psoc creator/import/gnu/arm/5.4.1/bin/../lib/gcc/arm-none-eabi/5.4.1/../../../../arm-none-eabi/lib/armv7-m\libg_nano.a(lib_a-dtoa.o)
                                  0xf (size before relaxing)
 .rodata.str1.1
                0x0000456f        0x8 c:/program files (x86)/cypress/psoc creator/4.4/psoc creator/import/gnu/arm/5.4.1/bin/../lib/gcc/arm-none-eabi/5.4.1/../../../../arm-none-eabi/lib/armv7-m\libg_nano.a(lib_a-locale.o)
                                  0xb (size before relaxing)
 *fill*         0x00004577        0x1 
 .rodata.__mprec_tens
                0x00004578       0xc8 c:/program files (x86)/cypress/psoc creator/4.4/psoc creator/import/gnu/arm/5.4.1/bin/../lib/gcc/arm-none-eabi/5.4.1/../../../../arm-none-eabi/lib/armv7-m\libg_nano.a(lib_a-mprec.o)
                0x00004578                __mprec_tens
 .rodata.p05.5408
                0x00004640        0xc c:/program files (x86)/cypress/psoc creator/4.4/psoc creator/import/gnu/arm/5.4.1/bin/../lib/gcc/arm-none-eabi/5.4.1/../../../../arm-none-eabi/lib/armv7-m\libg_nano.a(lib_a-mprec.o)
 *fill*         0x0000464c        0x4 
 .rodata.__mprec_bigtens
                0x00004650       0x28 c:/program files (x86)/cypress/psoc creator/4.4/psoc creator/import/gnu/arm/5.4.1/bin/../lib/gcc/arm-none-eabi/5.4.1/../../../../arm-none-eabi/lib/armv7-m\libg_nano.a(lib_a-mprec.o)
                0x00004650                __mprec_bigtens
 .rodata.str1.1
                0x00004678       0x11 c:/program files (x86)/cypress/psoc creator/4.4/psoc creator/import/gnu/arm/5.4.1/bin/../lib/gcc/arm-none-eabi/5.4.1/../../../../arm-none-eabi/lib/armv7-m\libg_nano.a(lib_a-nano-svfprintf.o)
                0x0000468c                . = ALIGN (0x4)
 *fill*         0x00004689        0x3 
 *(.init)
 .init          0x0000468c        0x4 c:/program files (x86)/cypress/psoc creator/4.4/psoc creator/import/gnu/arm/5.4.1/bin/../lib/gcc/arm-none-eabi/5.4.1/armv7-m/crti.o
                0x0000468c                _init
 .init          0x00004690        0x8 c:/program files (x86)/cypress/psoc creator/4.4/psoc creator/import/gnu/arm/5.4.1/bin/../lib/gcc/arm-none-eabi/5.4.1/armv7-m/crtn.o
                0x00004698                . = ALIGN (0x4)
                0x00004698                __preinit_array_start = .
 *(.preinit_array)
                0x00004698                __preinit_array_end = .
                0x00004698                . = ALIGN (0x4)
                0x00004698                __init_array_start = .
 *(SORT(.init_array.*))
 *(.init_array)
 .init_array    0x00004698        0x4 c:/program files (x86)/cypress/psoc creator/4.4/psoc creator/import/gnu/arm/5.4.1/bin/../lib/gcc/arm-none-eabi/5.4.1/armv7-m/crtbegin.o
 .init_array    0x0000469c        0x4 .\CortexM3\ARM_GCC_541\Debug\Cm3Start.o
                0x000046a0                __init_array_end = .
                0x000046a0                . = ALIGN (0x4)
 *(.fini)
 .fini          0x000046a0        0x4 c:/program files (x86)/cypress/psoc creator/4.4/psoc creator/import/gnu/arm/5.4.1/bin/../lib/gcc/arm-none-eabi/5.4.1/armv7-m/crti.o
                0x000046a0                _fini
 .fini          0x000046a4        0x8 c:/program files (x86)/cypress/psoc creator/4.4/psoc creator/import/gnu/arm/5.4.1/bin/../lib/gcc/arm-none-eabi/5.4.1/armv7-m/crtn.o
                0x000046ac                . = ALIGN (0x4)
                0x000046ac                __fini_array_start = .
 *(.fini_array)
 .fini_array    0x000046ac        0x4 c:/program files (x86)/cypress/psoc creator/4.4/psoc creator/import/gnu/arm/5.4.1/bin/../lib/gcc/arm-none-eabi/5.4.1/armv7-m/crtbegin.o
 *(SORT(.fini_array.*))
                0x000046b0                __fini_array_end = .
                0x000046b0                . = ALIGN (0x4)
 *crtbegin.o(.ctors)
 *(EXCLUDE_FILE(*crtend.o) .ctors)
 *(SORT(.ctors.*))
 *crtend.o(.ctors)
                0x000046b0                . = ALIGN (0x4)
 *crtbegin.o(.dtors)
 *(EXCLUDE_FILE(*crtend.o) .dtors)
 *(SORT(.dtors.*))
 *crtend.o(.dtors)
                0x000046b0                . = ALIGN (0x4)
                0x000046b0                __cy_regions = .
                0x000046b0        0x4 LONG 0x46c0 __cy_region_init_ram
                0x000046b4        0x4 LONG 0x1fff80c8 __cy_region_start_data
                0x000046b8        0x4 LONG 0xd0 __cy_region_init_size_ram
                0x000046bc        0x4 LONG 0x70 __cy_region_zero_size_ram
                0x000046c0                __cy_regions_end = .
                0x000046c0                . = ALIGN (0x8)
                0x000046c0                _etext = .

.cy_checksum_exclude
                0x000046c0        0x0
 *(.cy_checksum_exclude)

.ramvectors     0x1fff8000       0xc0
                0x1fff8000                __cy_region_start_ram = .
 *(.ramvectors)
 .ramvectors    0x1fff8000       0xc0 .\CortexM3\ARM_GCC_541\Debug\Cm3Start.o
                0x1fff8000                CyRamVectors

.noinit         0x1fff80c0        0x1
 *(.noinit)
 .noinit        0x1fff80c0        0x1 .\CortexM3\ARM_GCC_541\Debug\ADC+UART.a(CyLib.o)
                0x1fff80c0                CyResetStatus

.data           0x1fff80c8       0xd0 load address 0x000046c0
                0x1fff80c8                __cy_region_start_data = .
 *(.jcr)
 .jcr           0x1fff80c8        0x0 c:/program files (x86)/cypress/psoc creator/4.4/psoc creator/import/gnu/arm/5.4.1/bin/../lib/gcc/arm-none-eabi/5.4.1/armv7-m/crtbegin.o
 .jcr           0x1fff80c8        0x4 c:/program files (x86)/cypress/psoc creator/4.4/psoc creator/import/gnu/arm/5.4.1/bin/../lib/gcc/arm-none-eabi/5.4.1/armv7-m/crtend.o
 *(.got.plt)
 *(.got)
 *(.shdata)
 *(.data .data.* .gnu.linkonce.d.*)
 .data          0x1fff80cc        0x8 .\CortexM3\ARM_GCC_541\Debug\main.o
                0x1fff80cc                i
                0x1fff80d0                cont
 .data          0x1fff80d4        0x4 .\CortexM3\ARM_GCC_541\Debug\Cm3Start.o
 .data          0x1fff80d8        0x1 .\CortexM3\ARM_GCC_541\Debug\ADC+UART.a(ADC.o)
                0x1fff80d8                ADC_Config
 .data          0x1fff80d9        0x1 .\CortexM3\ARM_GCC_541\Debug\ADC+UART.a(ADC_AMux.o)
 *fill*         0x1fff80da        0x2 
 .data          0x1fff80dc        0x8 .\CortexM3\ARM_GCC_541\Debug\ADC+UART.a(CyDmac.o)
 .data          0x1fff80e4       0x10 .\CortexM3\ARM_GCC_541\Debug\ADC+UART.a(CyLib.o)
                0x1fff80e4                cydelay_32k_ms
                0x1fff80e8                cydelay_freq_khz
                0x1fff80ec                cydelay_freq_mhz
                0x1fff80f0                cydelay_freq_hz
 .data          0x1fff80f4        0x1 .\CortexM3\ARM_GCC_541\Debug\ADC+UART.a(WaveDAC8_1_Wave1_DMA_dma.o)
                0x1fff80f4                WaveDAC8_1_Wave1_DMA_DmaHandle
 .data          0x1fff80f5        0x1 .\CortexM3\ARM_GCC_541\Debug\ADC+UART.a(WaveDAC8_1_Wave2_DMA_dma.o)
                0x1fff80f5                WaveDAC8_1_Wave2_DMA_DmaHandle
 *fill*         0x1fff80f6        0x2 
 .data.impure_data
                0x1fff80f8       0x60 c:/program files (x86)/cypress/psoc creator/4.4/psoc creator/import/gnu/arm/5.4.1/bin/../lib/gcc/arm-none-eabi/5.4.1/../../../../arm-none-eabi/lib/armv7-m\libg_nano.a(lib_a-impure.o)
 .data._impure_ptr
                0x1fff8158        0x4 c:/program files (x86)/cypress/psoc creator/4.4/psoc creator/import/gnu/arm/5.4.1/bin/../lib/gcc/arm-none-eabi/5.4.1/../../../../arm-none-eabi/lib/armv7-m\libg_nano.a(lib_a-impure.o)
                0x1fff8158                _impure_ptr
 .data.lconv    0x1fff815c       0x38 c:/program files (x86)/cypress/psoc creator/4.4/psoc creator/import/gnu/arm/5.4.1/bin/../lib/gcc/arm-none-eabi/5.4.1/../../../../arm-none-eabi/lib/armv7-m\libg_nano.a(lib_a-locale.o)
                0x1fff8198                . = ALIGN (0x8)
 *fill*         0x1fff8194        0x4 
 *(.ram)
                0x1fff8198                _edata = .

.igot.plt       0x1fff8198        0x0 load address 0x00004790
 .igot.plt      0x1fff8198        0x0 c:/program files (x86)/cypress/psoc creator/4.4/psoc creator/import/gnu/arm/5.4.1/bin/../lib/gcc/arm-none-eabi/5.4.1/armv7-m/crtbegin.o

.bss            0x1fff8198       0x70 load address 0x00004790
                0x1fff8198                PROVIDE (__bss_start__, .)
 *(.shbss)
 *(.bss .bss.* .gnu.linkonce.b.*)
 .bss           0x1fff8198       0x1c c:/program files (x86)/cypress/psoc creator/4.4/psoc creator/import/gnu/arm/5.4.1/bin/../lib/gcc/arm-none-eabi/5.4.1/armv7-m/crtbegin.o
 .bss           0x1fff81b4        0x8 .\CortexM3\ARM_GCC_541\Debug\main.o
                0x1fff81b4                canal
                0x1fff81b8                time
 .bss           0x1fff81bc        0x8 .\CortexM3\ARM_GCC_541\Debug\ADC+UART.a(ADC.o)
                0x1fff81c0                ADC_stopConversion
                0x1fff81c1                ADC_convDone
                0x1fff81c2                ADC_initVar
                0x1fff81c3                ADC_started
 .bss           0x1fff81c4        0x2 .\CortexM3\ARM_GCC_541\Debug\ADC+UART.a(UART.o)
                0x1fff81c4                UART_initVar
 .bss           0x1fff81c6        0x5 .\CortexM3\ARM_GCC_541\Debug\ADC+UART.a(WaveDAC8_1.o)
                0x1fff81ca                WaveDAC8_1_initVar
 *fill*         0x1fff81cb        0x1 
 .bss.__malloc_sbrk_start
                0x1fff81cc        0x4 c:/program files (x86)/cypress/psoc creator/4.4/psoc creator/import/gnu/arm/5.4.1/bin/../lib/gcc/arm-none-eabi/5.4.1/../../../../arm-none-eabi/lib/armv7-m\libg_nano.a(lib_a-nano-mallocr.o)
                0x1fff81cc                __malloc_sbrk_start
 .bss.__malloc_free_list
                0x1fff81d0        0x4 c:/program files (x86)/cypress/psoc creator/4.4/psoc creator/import/gnu/arm/5.4.1/bin/../lib/gcc/arm-none-eabi/5.4.1/../../../../arm-none-eabi/lib/armv7-m\libg_nano.a(lib_a-nano-mallocr.o)
                0x1fff81d0                __malloc_free_list
 *(COMMON)
 COMMON         0x1fff81d4       0x28 .\CortexM3\ARM_GCC_541\Debug\main.o
                0x1fff81d4                recibir
                0x1fff81d8                VoltsADC
                0x1fff81e4                str
                0x1fff81f0                str2
 COMMON         0x1fff81fc        0x8 .\CortexM3\ARM_GCC_541\Debug\ADC+UART.a(ADC.o)
                0x1fff81fc                ADC_Offset
                0x1fff8200                ADC_CountsPerVolt
 COMMON         0x1fff8204        0x4 c:/program files (x86)/cypress/psoc creator/4.4/psoc creator/import/gnu/arm/5.4.1/bin/../lib/gcc/arm-none-eabi/5.4.1/../../../../arm-none-eabi/lib/armv7-m\libg_nano.a(lib_a-reent.o)
                0x1fff8204                errno
                0x1fff8208                . = ALIGN (0x8)
 *(.ram.b)
                0x1fff8208                _end = .
                0x1fff8208                __end = .
                0x1fff8208                PROVIDE (end, .)
                0x1fff8208                PROVIDE (__bss_end__, .)
                0x000046c0                __cy_region_init_ram = LOADADDR (.data)
                0x000000d0                __cy_region_init_size_ram = (_edata - ADDR (.data))
                0x00000070                __cy_region_zero_size_ram = (_end - _edata)

.heap           0x1fff8208      0x200 load address 0x00004790
                0x1fff8208                . = _end
                0x1fff8408                . = (. + 0x200)
 *fill*         0x1fff8208      0x200 
                0x1fff8408                __cy_heap_limit = .

.stack          0x20007800      0x800
                0x20007800                __cy_stack_limit = .
                0x20008000                . = (. + 0x800)
 *fill*         0x20007800      0x800 
                0x00000001                ASSERT ((__cy_stack_limit >= __cy_heap_limit), region RAM overflowed with stack)
                0x00000000                cy_checksum_exclude_size = (CY_APPL_LOADABLE == 0x1)?SIZEOF (.cy_checksum_exclude):0x0
                0x00000001                ASSERT ((cy_checksum_exclude_size <= CY_CHECKSUM_EXCLUDE_SIZE), CY_BOOT: Section .cy_checksum_exclude size exceedes specified limit.)

.cyloadermeta
 *(.cyloadermeta)

.cyloadablemeta
 *(.cyloadablemeta)

.cyconfigecc    0x80000000      0x4cc
 *(.cyconfigecc)
 .cyconfigecc   0x80000000      0x4cc .\CortexM3\ARM_GCC_541\Debug\cymetadata.o
                0x80000000                cy_meta_configecc

.cycustnvl      0x90000000        0x4
 *(.cycustnvl)
 .cycustnvl     0x90000000        0x4 .\CortexM3\ARM_GCC_541\Debug\cymetadata.o
                0x90000000                cy_meta_custnvl

.cywolatch      0x90100000        0x4
 *(.cywolatch)
 .cywolatch     0x90100000        0x4 .\CortexM3\ARM_GCC_541\Debug\cymetadata.o
                0x90100000                cy_meta_wonvl

.cyeeprom       0x90200000        0x0
 *(.cyeeprom)
                0x00000001                ASSERT ((. <= ((0x90200000 + ee_offset) + ee_size)), .cyeeprom data will not fit in EEPROM)

.cyflashprotect
                0x90400000      0x100
 *(.cyflashprotect)
 .cyflashprotect
                0x90400000      0x100 .\CortexM3\ARM_GCC_541\Debug\cymetadata.o
                0x90400000                cy_meta_flashprotect

.cymeta         0x90500000        0xc
 *(.cymeta)
 .cymeta        0x90500000        0xc .\CortexM3\ARM_GCC_541\Debug\cymetadata.o
                0x90500000                cy_metadata

.rel.dyn        0x00004790        0x0 load address 0x9050000c
 .rel.iplt      0x00004790        0x0 c:/program files (x86)/cypress/psoc creator/4.4/psoc creator/import/gnu/arm/5.4.1/bin/../lib/gcc/arm-none-eabi/5.4.1/armv7-m/crtbegin.o

.stab
 *(.stab)

.stabstr
 *(.stabstr)

.debug
 *(.debug)

.line
 *(.line)

.debug_srcinfo
 *(.debug_srcinfo)

.debug_sfnames
 *(.debug_sfnames)

.debug_aranges  0x00000000      0xdd0
 *(.debug_aranges)
 .debug_aranges
                0x00000000       0x40 .\CortexM3\ARM_GCC_541\Debug\main.o
 .debug_aranges
                0x00000040       0x68 .\CortexM3\ARM_GCC_541\Debug\cyfitter_cfg.o
 .debug_aranges
                0x000000a8       0x18 .\CortexM3\ARM_GCC_541\Debug\cymetadata.o
 .debug_aranges
                0x000000c0       0x48 .\CortexM3\ARM_GCC_541\Debug\Cm3Start.o
 .debug_aranges
                0x00000108       0xe8 .\CortexM3\ARM_GCC_541\Debug\ADC+UART.a(ADC.o)
 .debug_aranges
                0x000001f0       0x38 .\CortexM3\ARM_GCC_541\Debug\ADC+UART.a(ADC_INT.o)
 .debug_aranges
                0x00000228       0x38 .\CortexM3\ARM_GCC_541\Debug\ADC+UART.a(LED.o)
 .debug_aranges
                0x00000260       0x80 .\CortexM3\ARM_GCC_541\Debug\ADC+UART.a(isrEnvio.o)
 .debug_aranges
                0x000002e0       0xf0 .\CortexM3\ARM_GCC_541\Debug\ADC+UART.a(UART.o)
 .debug_aranges
                0x000003d0       0x80 .\CortexM3\ARM_GCC_541\Debug\ADC+UART.a(isrRX.o)
 .debug_aranges
                0x00000450       0x30 .\CortexM3\ARM_GCC_541\Debug\ADC+UART.a(ADC_AMux.o)
 .debug_aranges
                0x00000480       0x70 .\CortexM3\ARM_GCC_541\Debug\ADC+UART.a(ADC_Ext_CP_Clk.o)
 .debug_aranges
                0x000004f0       0x80 .\CortexM3\ARM_GCC_541\Debug\ADC+UART.a(ADC_theACLK.o)
 .debug_aranges
                0x00000570       0x70 .\CortexM3\ARM_GCC_541\Debug\ADC+UART.a(UART_IntClock.o)
 .debug_aranges
                0x000005e0       0xd8 .\CortexM3\ARM_GCC_541\Debug\ADC+UART.a(CyDmac.o)
 .debug_aranges
                0x000006b8      0x2a0 .\CortexM3\ARM_GCC_541\Debug\ADC+UART.a(CyLib.o)
 .debug_aranges
                0x00000958       0x98 .\CortexM3\ARM_GCC_541\Debug\ADC+UART.a(cyPm.o)
 .debug_aranges
                0x000009f0       0x80 .\CortexM3\ARM_GCC_541\Debug\ADC+UART.a(isr_glitch.o)
 .debug_aranges
                0x00000a70       0x50 .\CortexM3\ARM_GCC_541\Debug\ADC+UART.a(WaveDAC8_1.o)
 .debug_aranges
                0x00000ac0       0x70 .\CortexM3\ARM_GCC_541\Debug\ADC+UART.a(WaveDAC8_1_DacClk.o)
 .debug_aranges
                0x00000b30       0x28 .\CortexM3\ARM_GCC_541\Debug\ADC+UART.a(WaveDAC8_1_Wave1_DMA_dma.o)
 .debug_aranges
                0x00000b58       0x28 .\CortexM3\ARM_GCC_541\Debug\ADC+UART.a(WaveDAC8_1_Wave2_DMA_dma.o)
 .debug_aranges
                0x00000b80       0x58 .\CortexM3\ARM_GCC_541\Debug\ADC+UART.a(WaveDAC8_1_VDAC8.o)
 .debug_aranges
                0x00000bd8       0x38 .\CortexM3\ARM_GCC_541\Debug\ADC+UART.a(s0.o)
 .debug_aranges
                0x00000c10       0x38 .\CortexM3\ARM_GCC_541\Debug\ADC+UART.a(s1.o)
 .debug_aranges
                0x00000c48       0x38 .\CortexM3\ARM_GCC_541\Debug\ADC+UART.a(s2.o)
 .debug_aranges
                0x00000c80       0x38 .\CortexM3\ARM_GCC_541\Debug\ADC+UART.a(s3.o)
 .debug_aranges
                0x00000cb8       0x20 .\CortexM3\ARM_GCC_541\Debug\ADC+UART.a(CyBootAsmGnu.o)
 .debug_aranges
                0x00000cd8       0x80 .\CortexM3\ARM_GCC_541\Debug\ADC+UART.a(CyFlash.o)
 .debug_aranges
                0x00000d58       0x78 .\CortexM3\ARM_GCC_541\Debug\ADC+UART.a(CySpc.o)

.debug_pubnames
 *(.debug_pubnames)

.debug_info     0x00000000     0x7635
 *(.debug_info .gnu.linkonce.wi.*)
 .debug_info    0x00000000      0x441 .\CortexM3\ARM_GCC_541\Debug\main.o
 .debug_info    0x00000441      0x5fa .\CortexM3\ARM_GCC_541\Debug\cyfitter_cfg.o
 .debug_info    0x00000a3b      0x136 .\CortexM3\ARM_GCC_541\Debug\cymetadata.o
 .debug_info    0x00000b71      0x3c9 .\CortexM3\ARM_GCC_541\Debug\Cm3Start.o
 .debug_info    0x00000f3a      0xa1d .\CortexM3\ARM_GCC_541\Debug\ADC+UART.a(ADC.o)
 .debug_info    0x00001957       0xd3 .\CortexM3\ARM_GCC_541\Debug\ADC+UART.a(ADC_INT.o)
 .debug_info    0x00001a2a      0x11f .\CortexM3\ARM_GCC_541\Debug\ADC+UART.a(LED.o)
 .debug_info    0x00001b49      0x2d2 .\CortexM3\ARM_GCC_541\Debug\ADC+UART.a(isrEnvio.o)
 .debug_info    0x00001e1b      0x60c .\CortexM3\ARM_GCC_541\Debug\ADC+UART.a(UART.o)
 .debug_info    0x00002427      0x2d2 .\CortexM3\ARM_GCC_541\Debug\ADC+UART.a(isrRX.o)
 .debug_info    0x000026f9      0x165 .\CortexM3\ARM_GCC_541\Debug\ADC+UART.a(ADC_AMux.o)
 .debug_info    0x0000285e      0x283 .\CortexM3\ARM_GCC_541\Debug\ADC+UART.a(ADC_Ext_CP_Clk.o)
 .debug_info    0x00002ae1      0x2c4 .\CortexM3\ARM_GCC_541\Debug\ADC+UART.a(ADC_theACLK.o)
 .debug_info    0x00002da5      0x283 .\CortexM3\ARM_GCC_541\Debug\ADC+UART.a(UART_IntClock.o)
 .debug_info    0x00003028      0x94e .\CortexM3\ARM_GCC_541\Debug\ADC+UART.a(CyDmac.o)
 .debug_info    0x00003976     0x1374 .\CortexM3\ARM_GCC_541\Debug\ADC+UART.a(CyLib.o)
 .debug_info    0x00004cea      0xa1d .\CortexM3\ARM_GCC_541\Debug\ADC+UART.a(cyPm.o)
 .debug_info    0x00005707      0x2d2 .\CortexM3\ARM_GCC_541\Debug\ADC+UART.a(isr_glitch.o)
 .debug_info    0x000059d9      0x519 .\CortexM3\ARM_GCC_541\Debug\ADC+UART.a(WaveDAC8_1.o)
 .debug_info    0x00005ef2      0x283 .\CortexM3\ARM_GCC_541\Debug\ADC+UART.a(WaveDAC8_1_DacClk.o)
 .debug_info    0x00006175      0x1aa .\CortexM3\ARM_GCC_541\Debug\ADC+UART.a(WaveDAC8_1_Wave1_DMA_dma.o)
 .debug_info    0x0000631f      0x1a7 .\CortexM3\ARM_GCC_541\Debug\ADC+UART.a(WaveDAC8_1_Wave2_DMA_dma.o)
 .debug_info    0x000064c6      0x1de .\CortexM3\ARM_GCC_541\Debug\ADC+UART.a(WaveDAC8_1_VDAC8.o)
 .debug_info    0x000066a4      0x11f .\CortexM3\ARM_GCC_541\Debug\ADC+UART.a(s0.o)
 .debug_info    0x000067c3      0x11f .\CortexM3\ARM_GCC_541\Debug\ADC+UART.a(s1.o)
 .debug_info    0x000068e2      0x11f .\CortexM3\ARM_GCC_541\Debug\ADC+UART.a(s2.o)
 .debug_info    0x00006a01      0x11f .\CortexM3\ARM_GCC_541\Debug\ADC+UART.a(s3.o)
 .debug_info    0x00006b20       0x74 .\CortexM3\ARM_GCC_541\Debug\ADC+UART.a(CyBootAsmGnu.o)
 .debug_info    0x00006b94      0x5b8 .\CortexM3\ARM_GCC_541\Debug\ADC+UART.a(CyFlash.o)
 .debug_info    0x0000714c      0x4e9 .\CortexM3\ARM_GCC_541\Debug\ADC+UART.a(CySpc.o)

.debug_abbrev   0x00000000     0x2266
 *(.debug_abbrev)
 .debug_abbrev  0x00000000      0x129 .\CortexM3\ARM_GCC_541\Debug\main.o
 .debug_abbrev  0x00000129      0x21e .\CortexM3\ARM_GCC_541\Debug\cyfitter_cfg.o
 .debug_abbrev  0x00000347       0x77 .\CortexM3\ARM_GCC_541\Debug\cymetadata.o
 .debug_abbrev  0x000003be      0x1e8 .\CortexM3\ARM_GCC_541\Debug\Cm3Start.o
 .debug_abbrev  0x000005a6      0x1cd .\CortexM3\ARM_GCC_541\Debug\ADC+UART.a(ADC.o)
 .debug_abbrev  0x00000773       0x42 .\CortexM3\ARM_GCC_541\Debug\ADC+UART.a(ADC_INT.o)
 .debug_abbrev  0x000007b5       0x90 .\CortexM3\ARM_GCC_541\Debug\ADC+UART.a(LED.o)
 .debug_abbrev  0x00000845      0x173 .\CortexM3\ARM_GCC_541\Debug\ADC+UART.a(isrEnvio.o)
 .debug_abbrev  0x000009b8      0x175 .\CortexM3\ARM_GCC_541\Debug\ADC+UART.a(UART.o)
 .debug_abbrev  0x00000b2d      0x173 .\CortexM3\ARM_GCC_541\Debug\ADC+UART.a(isrRX.o)
 .debug_abbrev  0x00000ca0       0xb1 .\CortexM3\ARM_GCC_541\Debug\ADC+UART.a(ADC_AMux.o)
 .debug_abbrev  0x00000d51      0x139 .\CortexM3\ARM_GCC_541\Debug\ADC+UART.a(ADC_Ext_CP_Clk.o)
 .debug_abbrev  0x00000e8a      0x121 .\CortexM3\ARM_GCC_541\Debug\ADC+UART.a(ADC_theACLK.o)
 .debug_abbrev  0x00000fab      0x139 .\CortexM3\ARM_GCC_541\Debug\ADC+UART.a(UART_IntClock.o)
 .debug_abbrev  0x000010e4      0x1b2 .\CortexM3\ARM_GCC_541\Debug\ADC+UART.a(CyDmac.o)
 .debug_abbrev  0x00001296      0x254 .\CortexM3\ARM_GCC_541\Debug\ADC+UART.a(CyLib.o)
 .debug_abbrev  0x000014ea      0x1ab .\CortexM3\ARM_GCC_541\Debug\ADC+UART.a(cyPm.o)
 .debug_abbrev  0x00001695      0x173 .\CortexM3\ARM_GCC_541\Debug\ADC+UART.a(isr_glitch.o)
 .debug_abbrev  0x00001808      0x114 .\CortexM3\ARM_GCC_541\Debug\ADC+UART.a(WaveDAC8_1.o)
 .debug_abbrev  0x0000191c      0x139 .\CortexM3\ARM_GCC_541\Debug\ADC+UART.a(WaveDAC8_1_DacClk.o)
 .debug_abbrev  0x00001a55       0xcd .\CortexM3\ARM_GCC_541\Debug\ADC+UART.a(WaveDAC8_1_Wave1_DMA_dma.o)
 .debug_abbrev  0x00001b22       0xcd .\CortexM3\ARM_GCC_541\Debug\ADC+UART.a(WaveDAC8_1_Wave2_DMA_dma.o)
 .debug_abbrev  0x00001bef       0xf7 .\CortexM3\ARM_GCC_541\Debug\ADC+UART.a(WaveDAC8_1_VDAC8.o)
 .debug_abbrev  0x00001ce6       0x90 .\CortexM3\ARM_GCC_541\Debug\ADC+UART.a(s0.o)
 .debug_abbrev  0x00001d76       0x90 .\CortexM3\ARM_GCC_541\Debug\ADC+UART.a(s1.o)
 .debug_abbrev  0x00001e06       0x90 .\CortexM3\ARM_GCC_541\Debug\ADC+UART.a(s2.o)
 .debug_abbrev  0x00001e96       0x90 .\CortexM3\ARM_GCC_541\Debug\ADC+UART.a(s3.o)
 .debug_abbrev  0x00001f26       0x14 .\CortexM3\ARM_GCC_541\Debug\ADC+UART.a(CyBootAsmGnu.o)
 .debug_abbrev  0x00001f3a      0x198 .\CortexM3\ARM_GCC_541\Debug\ADC+UART.a(CyFlash.o)
 .debug_abbrev  0x000020d2      0x194 .\CortexM3\ARM_GCC_541\Debug\ADC+UART.a(CySpc.o)

.debug_line     0x00000000     0x3264
 *(.debug_line)
 .debug_line    0x00000000      0x2b3 .\CortexM3\ARM_GCC_541\Debug\main.o
 .debug_line    0x000002b3      0x20d .\CortexM3\ARM_GCC_541\Debug\cyfitter_cfg.o
 .debug_line    0x000004c0      0x141 .\CortexM3\ARM_GCC_541\Debug\cymetadata.o
 .debug_line    0x00000601      0x241 .\CortexM3\ARM_GCC_541\Debug\Cm3Start.o
 .debug_line    0x00000842      0x363 .\CortexM3\ARM_GCC_541\Debug\ADC+UART.a(ADC.o)
 .debug_line    0x00000ba5       0x80 .\CortexM3\ARM_GCC_541\Debug\ADC+UART.a(ADC_INT.o)
 .debug_line    0x00000c25       0x90 .\CortexM3\ARM_GCC_541\Debug\ADC+UART.a(LED.o)
 .debug_line    0x00000cb5      0x135 .\CortexM3\ARM_GCC_541\Debug\ADC+UART.a(isrEnvio.o)
 .debug_line    0x00000dea      0x2bc .\CortexM3\ARM_GCC_541\Debug\ADC+UART.a(UART.o)
 .debug_line    0x000010a6      0x132 .\CortexM3\ARM_GCC_541\Debug\ADC+UART.a(isrRX.o)
 .debug_line    0x000011d8       0xac .\CortexM3\ARM_GCC_541\Debug\ADC+UART.a(ADC_AMux.o)
 .debug_line    0x00001284      0x17d .\CortexM3\ARM_GCC_541\Debug\ADC+UART.a(ADC_Ext_CP_Clk.o)
 .debug_line    0x00001401      0x19d .\CortexM3\ARM_GCC_541\Debug\ADC+UART.a(ADC_theACLK.o)
 .debug_line    0x0000159e      0x17c .\CortexM3\ARM_GCC_541\Debug\ADC+UART.a(UART_IntClock.o)
 .debug_line    0x0000171a      0x2e4 .\CortexM3\ARM_GCC_541\Debug\ADC+UART.a(CyDmac.o)
 .debug_line    0x000019fe      0x816 .\CortexM3\ARM_GCC_541\Debug\ADC+UART.a(CyLib.o)
 .debug_line    0x00002214      0x364 .\CortexM3\ARM_GCC_541\Debug\ADC+UART.a(cyPm.o)
 .debug_line    0x00002578      0x137 .\CortexM3\ARM_GCC_541\Debug\ADC+UART.a(isr_glitch.o)
 .debug_line    0x000026af      0x160 .\CortexM3\ARM_GCC_541\Debug\ADC+UART.a(WaveDAC8_1.o)
 .debug_line    0x0000280f      0x180 .\CortexM3\ARM_GCC_541\Debug\ADC+UART.a(WaveDAC8_1_DacClk.o)
 .debug_line    0x0000298f       0x91 .\CortexM3\ARM_GCC_541\Debug\ADC+UART.a(WaveDAC8_1_Wave1_DMA_dma.o)
 .debug_line    0x00002a20       0x91 .\CortexM3\ARM_GCC_541\Debug\ADC+UART.a(WaveDAC8_1_Wave2_DMA_dma.o)
 .debug_line    0x00002ab1       0xec .\CortexM3\ARM_GCC_541\Debug\ADC+UART.a(WaveDAC8_1_VDAC8.o)
 .debug_line    0x00002b9d       0x8f .\CortexM3\ARM_GCC_541\Debug\ADC+UART.a(s0.o)
 .debug_line    0x00002c2c       0x8f .\CortexM3\ARM_GCC_541\Debug\ADC+UART.a(s1.o)
 .debug_line    0x00002cbb       0x8f .\CortexM3\ARM_GCC_541\Debug\ADC+UART.a(s2.o)
 .debug_line    0x00002d4a       0x8f .\CortexM3\ARM_GCC_541\Debug\ADC+UART.a(s3.o)
 .debug_line    0x00002dd9       0x66 .\CortexM3\ARM_GCC_541\Debug\ADC+UART.a(CyBootAsmGnu.o)
 .debug_line    0x00002e3f      0x1e9 .\CortexM3\ARM_GCC_541\Debug\ADC+UART.a(CyFlash.o)
 .debug_line    0x00003028      0x23c .\CortexM3\ARM_GCC_541\Debug\ADC+UART.a(CySpc.o)

.debug_frame    0x00000000     0x2884
 *(.debug_frame)
 .debug_frame   0x00000000       0x9c .\CortexM3\ARM_GCC_541\Debug\main.o
 .debug_frame   0x0000009c      0x104 .\CortexM3\ARM_GCC_541\Debug\cyfitter_cfg.o
 .debug_frame   0x000001a0       0xb8 .\CortexM3\ARM_GCC_541\Debug\Cm3Start.o
 .debug_frame   0x00000258      0x290 .\CortexM3\ARM_GCC_541\Debug\ADC+UART.a(ADC.o)
 .debug_frame   0x000004e8       0x50 .\CortexM3\ARM_GCC_541\Debug\ADC+UART.a(ADC_INT.o)
 .debug_frame   0x00000538       0x50 .\CortexM3\ARM_GCC_541\Debug\ADC+UART.a(LED.o)
 .debug_frame   0x00000588      0x104 .\CortexM3\ARM_GCC_541\Debug\ADC+UART.a(isrEnvio.o)
 .debug_frame   0x0000068c      0x250 .\CortexM3\ARM_GCC_541\Debug\ADC+UART.a(UART.o)
 .debug_frame   0x000008dc      0x104 .\CortexM3\ARM_GCC_541\Debug\ADC+UART.a(isrRX.o)
 .debug_frame   0x000009e0       0x64 .\CortexM3\ARM_GCC_541\Debug\ADC+UART.a(ADC_AMux.o)
 .debug_frame   0x00000a44       0xe0 .\CortexM3\ARM_GCC_541\Debug\ADC+UART.a(ADC_Ext_CP_Clk.o)
 .debug_frame   0x00000b24      0x100 .\CortexM3\ARM_GCC_541\Debug\ADC+UART.a(ADC_theACLK.o)
 .debug_frame   0x00000c24       0xe0 .\CortexM3\ARM_GCC_541\Debug\ADC+UART.a(UART_IntClock.o)
 .debug_frame   0x00000d04      0x1f8 .\CortexM3\ARM_GCC_541\Debug\ADC+UART.a(CyDmac.o)
 .debug_frame   0x00000efc      0x738 .\CortexM3\ARM_GCC_541\Debug\ADC+UART.a(CyLib.o)
 .debug_frame   0x00001634      0x1f8 .\CortexM3\ARM_GCC_541\Debug\ADC+UART.a(cyPm.o)
 .debug_frame   0x0000182c      0x104 .\CortexM3\ARM_GCC_541\Debug\ADC+UART.a(isr_glitch.o)
 .debug_frame   0x00001930       0xe0 .\CortexM3\ARM_GCC_541\Debug\ADC+UART.a(WaveDAC8_1.o)
 .debug_frame   0x00001a10       0xe0 .\CortexM3\ARM_GCC_541\Debug\ADC+UART.a(WaveDAC8_1_DacClk.o)
 .debug_frame   0x00001af0       0x54 .\CortexM3\ARM_GCC_541\Debug\ADC+UART.a(WaveDAC8_1_Wave1_DMA_dma.o)
 .debug_frame   0x00001b44       0x54 .\CortexM3\ARM_GCC_541\Debug\ADC+UART.a(WaveDAC8_1_Wave2_DMA_dma.o)
 .debug_frame   0x00001b98       0xb4 .\CortexM3\ARM_GCC_541\Debug\ADC+UART.a(WaveDAC8_1_VDAC8.o)
 .debug_frame   0x00001c4c       0x50 .\CortexM3\ARM_GCC_541\Debug\ADC+UART.a(s0.o)
 .debug_frame   0x00001c9c       0x50 .\CortexM3\ARM_GCC_541\Debug\ADC+UART.a(s1.o)
 .debug_frame   0x00001cec       0x50 .\CortexM3\ARM_GCC_541\Debug\ADC+UART.a(s2.o)
 .debug_frame   0x00001d3c       0x50 .\CortexM3\ARM_GCC_541\Debug\ADC+UART.a(s3.o)
 .debug_frame   0x00001d8c      0x174 .\CortexM3\ARM_GCC_541\Debug\ADC+UART.a(CyFlash.o)
 .debug_frame   0x00001f00      0x160 .\CortexM3\ARM_GCC_541\Debug\ADC+UART.a(CySpc.o)
 .debug_frame   0x00002060       0x20 c:/program files (x86)/cypress/psoc creator/4.4/psoc creator/import/gnu/arm/5.4.1/bin/../lib/gcc/arm-none-eabi/5.4.1/../../../../arm-none-eabi/lib/armv7-m\libg_nano.a(lib_a-errno.o)
 .debug_frame   0x00002080       0x28 c:/program files (x86)/cypress/psoc creator/4.4/psoc creator/import/gnu/arm/5.4.1/bin/../lib/gcc/arm-none-eabi/5.4.1/../../../../arm-none-eabi/lib/armv7-m\libg_nano.a(lib_a-exit.o)
 .debug_frame   0x000020a8       0x2c c:/program files (x86)/cypress/psoc creator/4.4/psoc creator/import/gnu/arm/5.4.1/bin/../lib/gcc/arm-none-eabi/5.4.1/../../../../arm-none-eabi/lib/armv7-m\libg_nano.a(lib_a-init.o)
 .debug_frame   0x000020d4       0x28 c:/program files (x86)/cypress/psoc creator/4.4/psoc creator/import/gnu/arm/5.4.1/bin/../lib/gcc/arm-none-eabi/5.4.1/../../../../arm-none-eabi/lib/armv7-m\libg_nano.a(lib_a-memcpy-stub.o)
 .debug_frame   0x000020fc       0x20 c:/program files (x86)/cypress/psoc creator/4.4/psoc creator/import/gnu/arm/5.4.1/bin/../lib/gcc/arm-none-eabi/5.4.1/../../../../arm-none-eabi/lib/armv7-m\libg_nano.a(lib_a-memset.o)
 .debug_frame   0x0000211c       0x8c c:/program files (x86)/cypress/psoc creator/4.4/psoc creator/import/gnu/arm/5.4.1/bin/../lib/gcc/arm-none-eabi/5.4.1/../../../../arm-none-eabi/lib/armv7-m\libg_nano.a(lib_a-nano-vfprintf_float.o)
 .debug_frame   0x000021a8       0x60 c:/program files (x86)/cypress/psoc creator/4.4/psoc creator/import/gnu/arm/5.4.1/bin/../lib/gcc/arm-none-eabi/5.4.1/../../../../arm-none-eabi/lib/armv7-m\libg_nano.a(lib_a-nano-vfprintf_i.o)
 .debug_frame   0x00002208       0x70 c:/program files (x86)/cypress/psoc creator/4.4/psoc creator/import/gnu/arm/5.4.1/bin/../lib/gcc/arm-none-eabi/5.4.1/../../../../arm-none-eabi/lib/armv7-m\libg_nano.a(lib_a-sprintf.o)
 .debug_frame   0x00002278       0x6c c:/program files (x86)/cypress/psoc creator/4.4/psoc creator/import/gnu/arm/5.4.1/bin/../lib/gcc/arm-none-eabi/5.4.1/../../../../arm-none-eabi/lib/armv7-m\libg_nano.a(lib_a-dtoa.o)
 .debug_frame   0x000022e4       0x98 c:/program files (x86)/cypress/psoc creator/4.4/psoc creator/import/gnu/arm/5.4.1/bin/../lib/gcc/arm-none-eabi/5.4.1/../../../../arm-none-eabi/lib/armv7-m\libg_nano.a(lib_a-locale.o)
 .debug_frame   0x0000237c       0x30 c:/program files (x86)/cypress/psoc creator/4.4/psoc creator/import/gnu/arm/5.4.1/bin/../lib/gcc/arm-none-eabi/5.4.1/../../../../arm-none-eabi/lib/armv7-m\libg_nano.a(lib_a-malloc.o)
 .debug_frame   0x000023ac       0x28 c:/program files (x86)/cypress/psoc creator/4.4/psoc creator/import/gnu/arm/5.4.1/bin/../lib/gcc/arm-none-eabi/5.4.1/../../../../arm-none-eabi/lib/armv7-m\libg_nano.a(lib_a-memchr-stub.o)
 .debug_frame   0x000023d4      0x234 c:/program files (x86)/cypress/psoc creator/4.4/psoc creator/import/gnu/arm/5.4.1/bin/../lib/gcc/arm-none-eabi/5.4.1/../../../../arm-none-eabi/lib/armv7-m\libg_nano.a(lib_a-mprec.o)
 .debug_frame   0x00002608       0x2c c:/program files (x86)/cypress/psoc creator/4.4/psoc creator/import/gnu/arm/5.4.1/bin/../lib/gcc/arm-none-eabi/5.4.1/../../../../arm-none-eabi/lib/armv7-m\libg_nano.a(lib_a-nano-callocr.o)
 .debug_frame   0x00002634       0x38 c:/program files (x86)/cypress/psoc creator/4.4/psoc creator/import/gnu/arm/5.4.1/bin/../lib/gcc/arm-none-eabi/5.4.1/../../../../arm-none-eabi/lib/armv7-m\libg_nano.a(lib_a-nano-freer.o)
 .debug_frame   0x0000266c       0x2c c:/program files (x86)/cypress/psoc creator/4.4/psoc creator/import/gnu/arm/5.4.1/bin/../lib/gcc/arm-none-eabi/5.4.1/../../../../arm-none-eabi/lib/armv7-m\libg_nano.a(lib_a-nano-mallocr.o)
 .debug_frame   0x00002698       0x90 c:/program files (x86)/cypress/psoc creator/4.4/psoc creator/import/gnu/arm/5.4.1/bin/../lib/gcc/arm-none-eabi/5.4.1/../../../../arm-none-eabi/lib/armv7-m\libg_nano.a(lib_a-nano-svfprintf.o)
 .debug_frame   0x00002728       0x2c c:/program files (x86)/cypress/psoc creator/4.4/psoc creator/import/gnu/arm/5.4.1/bin/../lib/gcc/arm-none-eabi/5.4.1/../../../../arm-none-eabi/lib/armv7-m\libg_nano.a(lib_a-sbrkr.o)
 .debug_frame   0x00002754       0x20 c:/program files (x86)/cypress/psoc creator/4.4/psoc creator/import/gnu/arm/5.4.1/bin/../lib/gcc/arm-none-eabi/5.4.1/../../../../arm-none-eabi/lib/armv7-m\libg_nano.a(lib_a-strcmp.o)
 .debug_frame   0x00002774       0x28 c:/program files (x86)/cypress/psoc creator/4.4/psoc creator/import/gnu/arm/5.4.1/bin/../lib/gcc/arm-none-eabi/5.4.1/../../../../arm-none-eabi/lib/armv7-m\libg_nano.a(lib_a-memmove.o)
 .debug_frame   0x0000279c       0x30 c:/program files (x86)/cypress/psoc creator/4.4/psoc creator/import/gnu/arm/5.4.1/bin/../lib/gcc/arm-none-eabi/5.4.1/../../../../arm-none-eabi/lib/armv7-m\libg_nano.a(lib_a-mlock.o)
 .debug_frame   0x000027cc       0x3c c:/program files (x86)/cypress/psoc creator/4.4/psoc creator/import/gnu/arm/5.4.1/bin/../lib/gcc/arm-none-eabi/5.4.1/../../../../arm-none-eabi/lib/armv7-m\libg_nano.a(lib_a-nano-reallocr.o)
 .debug_frame   0x00002808       0x5c c:/program files (x86)/cypress/psoc creator/4.4/psoc creator/import/gnu/arm/5.4.1/bin/../lib/gcc/arm-none-eabi/5.4.1/../../../../arm-none-eabi/lib/armv7-m\libg_nano.a(lib_a-reent.o)
 .debug_frame   0x00002864       0x20 c:/program files (x86)/cypress/psoc creator/4.4/psoc creator/import/gnu/arm/5.4.1/bin/../lib/gcc/arm-none-eabi/5.4.1/../../../../arm-none-eabi/lib/armv7-m\libg_nano.a(lib_a-nano-msizer.o)

.debug_str      0x00000000     0x2b1f
 *(.debug_str)
 .debug_str     0x00000000      0x2a5 .\CortexM3\ARM_GCC_541\Debug\main.o
                                0x2f3 (size before relaxing)
 .debug_str     0x000002a5      0x1cd .\CortexM3\ARM_GCC_541\Debug\cyfitter_cfg.o
                                0x33f (size before relaxing)
 .debug_str     0x00000472       0x7f .\CortexM3\ARM_GCC_541\Debug\cymetadata.o
                                0x1c8 (size before relaxing)
 .debug_str     0x000004f1      0x154 .\CortexM3\ARM_GCC_541\Debug\Cm3Start.o
                                0x2fe (size before relaxing)
 .debug_str     0x00000645      0x387 .\CortexM3\ARM_GCC_541\Debug\ADC+UART.a(ADC.o)
                                0x5ad (size before relaxing)
 .debug_str     0x000009cc       0x45 .\CortexM3\ARM_GCC_541\Debug\ADC+UART.a(ADC_INT.o)
                                0x1a4 (size before relaxing)
 .debug_str     0x00000a11       0x4e .\CortexM3\ARM_GCC_541\Debug\ADC+UART.a(LED.o)
                                0x1bc (size before relaxing)
 .debug_str     0x00000a5f      0x117 .\CortexM3\ARM_GCC_541\Debug\ADC+UART.a(isrEnvio.o)
                                0x2b4 (size before relaxing)
 .debug_str     0x00000b76      0x267 .\CortexM3\ARM_GCC_541\Debug\ADC+UART.a(UART.o)
                                0x459 (size before relaxing)
 .debug_str     0x00000ddd       0xd8 .\CortexM3\ARM_GCC_541\Debug\ADC+UART.a(isrRX.o)
                                0x28a (size before relaxing)
 .debug_str     0x00000eb5       0x5f .\CortexM3\ARM_GCC_541\Debug\ADC+UART.a(ADC_AMux.o)
                                0x1e3 (size before relaxing)
 .debug_str     0x00000f14      0x173 .\CortexM3\ARM_GCC_541\Debug\ADC+UART.a(ADC_Ext_CP_Clk.o)
                                0x326 (size before relaxing)
 .debug_str     0x00001087      0x14f .\CortexM3\ARM_GCC_541\Debug\ADC+UART.a(ADC_theACLK.o)
                                0x345 (size before relaxing)
 .debug_str     0x000011d6      0x138 .\CortexM3\ARM_GCC_541\Debug\ADC+UART.a(UART_IntClock.o)
                                0x31a (size before relaxing)
 .debug_str     0x0000130e      0x34e .\CortexM3\ARM_GCC_541\Debug\ADC+UART.a(CyDmac.o)
                                0x52e (size before relaxing)
 .debug_str     0x0000165c      0x7bb .\CortexM3\ARM_GCC_541\Debug\ADC+UART.a(CyLib.o)
                                0xa2b (size before relaxing)
 .debug_str     0x00001e17      0x359 .\CortexM3\ARM_GCC_541\Debug\ADC+UART.a(cyPm.o)
                                0x70b (size before relaxing)
 .debug_str     0x00002170      0x101 .\CortexM3\ARM_GCC_541\Debug\ADC+UART.a(isr_glitch.o)
                                0x2d0 (size before relaxing)
 .debug_str     0x00002271      0x25e .\CortexM3\ARM_GCC_541\Debug\ADC+UART.a(WaveDAC8_1.o)
                                0x44d (size before relaxing)
 .debug_str     0x000024cf      0x160 .\CortexM3\ARM_GCC_541\Debug\ADC+UART.a(WaveDAC8_1_DacClk.o)
                                0x34a (size before relaxing)
 .debug_str     0x0000262f       0xac .\CortexM3\ARM_GCC_541\Debug\ADC+UART.a(WaveDAC8_1_Wave1_DMA_dma.o)
                                0x28c (size before relaxing)
 .debug_str     0x000026db       0x71 .\CortexM3\ARM_GCC_541\Debug\ADC+UART.a(WaveDAC8_1_Wave2_DMA_dma.o)
                                0x28c (size before relaxing)
 .debug_str     0x0000274c       0x7f .\CortexM3\ARM_GCC_541\Debug\ADC+UART.a(WaveDAC8_1_VDAC8.o)
                                0x271 (size before relaxing)
 .debug_str     0x000027cb       0x43 .\CortexM3\ARM_GCC_541\Debug\ADC+UART.a(s0.o)
                                0x1b7 (size before relaxing)
 .debug_str     0x0000280e       0x43 .\CortexM3\ARM_GCC_541\Debug\ADC+UART.a(s1.o)
                                0x1b7 (size before relaxing)
 .debug_str     0x00002851       0x43 .\CortexM3\ARM_GCC_541\Debug\ADC+UART.a(s2.o)
                                0x1b7 (size before relaxing)
 .debug_str     0x00002894       0x43 .\CortexM3\ARM_GCC_541\Debug\ADC+UART.a(s3.o)
                                0x1b7 (size before relaxing)
 .debug_str     0x000028d7      0x19c .\CortexM3\ARM_GCC_541\Debug\ADC+UART.a(CyFlash.o)
                                0x385 (size before relaxing)
 .debug_str     0x00002a73       0xac .\CortexM3\ARM_GCC_541\Debug\ADC+UART.a(CySpc.o)
                                0x30e (size before relaxing)

.debug_loc      0x00000000     0x378f
 *(.debug_loc)
 .debug_loc     0x00000000       0x3a .\CortexM3\ARM_GCC_541\Debug\main.o
 .debug_loc     0x0000003a      0x219 .\CortexM3\ARM_GCC_541\Debug\cyfitter_cfg.o
 .debug_loc     0x00000253      0x144 .\CortexM3\ARM_GCC_541\Debug\Cm3Start.o
 .debug_loc     0x00000397      0x6c1 .\CortexM3\ARM_GCC_541\Debug\ADC+UART.a(ADC.o)
 .debug_loc     0x00000a58       0x42 .\CortexM3\ARM_GCC_541\Debug\ADC+UART.a(LED.o)
 .debug_loc     0x00000a9a       0x56 .\CortexM3\ARM_GCC_541\Debug\ADC+UART.a(isrEnvio.o)
 .debug_loc     0x00000af0      0x258 .\CortexM3\ARM_GCC_541\Debug\ADC+UART.a(UART.o)
 .debug_loc     0x00000d48       0x56 .\CortexM3\ARM_GCC_541\Debug\ADC+UART.a(isrRX.o)
 .debug_loc     0x00000d9e       0x6c .\CortexM3\ARM_GCC_541\Debug\ADC+UART.a(ADC_AMux.o)
 .debug_loc     0x00000e0a      0x12c .\CortexM3\ARM_GCC_541\Debug\ADC+UART.a(ADC_Ext_CP_Clk.o)
 .debug_loc     0x00000f36      0x14d .\CortexM3\ARM_GCC_541\Debug\ADC+UART.a(ADC_theACLK.o)
 .debug_loc     0x00001083      0x128 .\CortexM3\ARM_GCC_541\Debug\ADC+UART.a(UART_IntClock.o)
 .debug_loc     0x000011ab      0xb8e .\CortexM3\ARM_GCC_541\Debug\ADC+UART.a(CyDmac.o)
 .debug_loc     0x00001d39      0xa11 .\CortexM3\ARM_GCC_541\Debug\ADC+UART.a(CyLib.o)
 .debug_loc     0x0000274a      0x1e4 .\CortexM3\ARM_GCC_541\Debug\ADC+UART.a(cyPm.o)
 .debug_loc     0x0000292e       0x56 .\CortexM3\ARM_GCC_541\Debug\ADC+UART.a(isr_glitch.o)
 .debug_loc     0x00002984      0x11b .\CortexM3\ARM_GCC_541\Debug\ADC+UART.a(WaveDAC8_1.o)
 .debug_loc     0x00002a9f      0x128 .\CortexM3\ARM_GCC_541\Debug\ADC+UART.a(WaveDAC8_1_DacClk.o)
 .debug_loc     0x00002bc7       0x84 .\CortexM3\ARM_GCC_541\Debug\ADC+UART.a(WaveDAC8_1_Wave1_DMA_dma.o)
 .debug_loc     0x00002c4b       0x84 .\CortexM3\ARM_GCC_541\Debug\ADC+UART.a(WaveDAC8_1_Wave2_DMA_dma.o)
 .debug_loc     0x00002ccf       0x79 .\CortexM3\ARM_GCC_541\Debug\ADC+UART.a(WaveDAC8_1_VDAC8.o)
 .debug_loc     0x00002d48       0x42 .\CortexM3\ARM_GCC_541\Debug\ADC+UART.a(s0.o)
 .debug_loc     0x00002d8a       0x42 .\CortexM3\ARM_GCC_541\Debug\ADC+UART.a(s1.o)
 .debug_loc     0x00002dcc       0x42 .\CortexM3\ARM_GCC_541\Debug\ADC+UART.a(s2.o)
 .debug_loc     0x00002e0e       0x42 .\CortexM3\ARM_GCC_541\Debug\ADC+UART.a(s3.o)
 .debug_loc     0x00002e50      0x2f2 .\CortexM3\ARM_GCC_541\Debug\ADC+UART.a(CyFlash.o)
 .debug_loc     0x00003142      0x64d .\CortexM3\ARM_GCC_541\Debug\ADC+UART.a(CySpc.o)

.debug_macinfo
 *(.debug_macinfo)

.debug_ranges   0x00000000      0xbd8
 *(.debug_ranges)
 .debug_ranges  0x00000000       0x30 .\CortexM3\ARM_GCC_541\Debug\main.o
 .debug_ranges  0x00000030       0x58 .\CortexM3\ARM_GCC_541\Debug\cyfitter_cfg.o
 .debug_ranges  0x00000088       0x38 .\CortexM3\ARM_GCC_541\Debug\Cm3Start.o
 .debug_ranges  0x000000c0       0xd8 .\CortexM3\ARM_GCC_541\Debug\ADC+UART.a(ADC.o)
 .debug_ranges  0x00000198       0x28 .\CortexM3\ARM_GCC_541\Debug\ADC+UART.a(ADC_INT.o)
 .debug_ranges  0x000001c0       0x28 .\CortexM3\ARM_GCC_541\Debug\ADC+UART.a(LED.o)
 .debug_ranges  0x000001e8       0x70 .\CortexM3\ARM_GCC_541\Debug\ADC+UART.a(isrEnvio.o)
 .debug_ranges  0x00000258       0xe0 .\CortexM3\ARM_GCC_541\Debug\ADC+UART.a(UART.o)
 .debug_ranges  0x00000338       0x70 .\CortexM3\ARM_GCC_541\Debug\ADC+UART.a(isrRX.o)
 .debug_ranges  0x000003a8       0x20 .\CortexM3\ARM_GCC_541\Debug\ADC+UART.a(ADC_AMux.o)
 .debug_ranges  0x000003c8       0x60 .\CortexM3\ARM_GCC_541\Debug\ADC+UART.a(ADC_Ext_CP_Clk.o)
 .debug_ranges  0x00000428       0x70 .\CortexM3\ARM_GCC_541\Debug\ADC+UART.a(ADC_theACLK.o)
 .debug_ranges  0x00000498       0x60 .\CortexM3\ARM_GCC_541\Debug\ADC+UART.a(UART_IntClock.o)
 .debug_ranges  0x000004f8       0xc8 .\CortexM3\ARM_GCC_541\Debug\ADC+UART.a(CyDmac.o)
 .debug_ranges  0x000005c0      0x290 .\CortexM3\ARM_GCC_541\Debug\ADC+UART.a(CyLib.o)
 .debug_ranges  0x00000850       0x88 .\CortexM3\ARM_GCC_541\Debug\ADC+UART.a(cyPm.o)
 .debug_ranges  0x000008d8       0x70 .\CortexM3\ARM_GCC_541\Debug\ADC+UART.a(isr_glitch.o)
 .debug_ranges  0x00000948       0x40 .\CortexM3\ARM_GCC_541\Debug\ADC+UART.a(WaveDAC8_1.o)
 .debug_ranges  0x00000988       0x60 .\CortexM3\ARM_GCC_541\Debug\ADC+UART.a(WaveDAC8_1_DacClk.o)
 .debug_ranges  0x000009e8       0x18 .\CortexM3\ARM_GCC_541\Debug\ADC+UART.a(WaveDAC8_1_Wave1_DMA_dma.o)
 .debug_ranges  0x00000a00       0x18 .\CortexM3\ARM_GCC_541\Debug\ADC+UART.a(WaveDAC8_1_Wave2_DMA_dma.o)
 .debug_ranges  0x00000a18       0x48 .\CortexM3\ARM_GCC_541\Debug\ADC+UART.a(WaveDAC8_1_VDAC8.o)
 .debug_ranges  0x00000a60       0x28 .\CortexM3\ARM_GCC_541\Debug\ADC+UART.a(s0.o)
 .debug_ranges  0x00000a88       0x28 .\CortexM3\ARM_GCC_541\Debug\ADC+UART.a(s1.o)
 .debug_ranges  0x00000ab0       0x28 .\CortexM3\ARM_GCC_541\Debug\ADC+UART.a(s2.o)
 .debug_ranges  0x00000ad8       0x28 .\CortexM3\ARM_GCC_541\Debug\ADC+UART.a(s3.o)
 .debug_ranges  0x00000b00       0x70 .\CortexM3\ARM_GCC_541\Debug\ADC+UART.a(CyFlash.o)
 .debug_ranges  0x00000b70       0x68 .\CortexM3\ARM_GCC_541\Debug\ADC+UART.a(CySpc.o)

.comment        0x00000000       0x6e
 .comment       0x00000000       0x6e .\CortexM3\ARM_GCC_541\Debug\main.o
                                 0x6f (size before relaxing)
 .comment       0x0000006e       0x6f .\CortexM3\ARM_GCC_541\Debug\cyfitter_cfg.o
 .comment       0x0000006e       0x6f .\CortexM3\ARM_GCC_541\Debug\cymetadata.o
 .comment       0x0000006e       0x6f .\CortexM3\ARM_GCC_541\Debug\Cm3Start.o
 .comment       0x0000006e       0x6f .\CortexM3\ARM_GCC_541\Debug\ADC+UART.a(ADC.o)
 .comment       0x0000006e       0x6f .\CortexM3\ARM_GCC_541\Debug\ADC+UART.a(ADC_INT.o)
 .comment       0x0000006e       0x6f .\CortexM3\ARM_GCC_541\Debug\ADC+UART.a(LED.o)
 .comment       0x0000006e       0x6f .\CortexM3\ARM_GCC_541\Debug\ADC+UART.a(isrEnvio.o)
 .comment       0x0000006e       0x6f .\CortexM3\ARM_GCC_541\Debug\ADC+UART.a(UART.o)
 .comment       0x0000006e       0x6f .\CortexM3\ARM_GCC_541\Debug\ADC+UART.a(isrRX.o)
 .comment       0x0000006e       0x6f .\CortexM3\ARM_GCC_541\Debug\ADC+UART.a(ADC_AMux.o)
 .comment       0x0000006e       0x6f .\CortexM3\ARM_GCC_541\Debug\ADC+UART.a(ADC_Ext_CP_Clk.o)
 .comment       0x0000006e       0x6f .\CortexM3\ARM_GCC_541\Debug\ADC+UART.a(ADC_theACLK.o)
 .comment       0x0000006e       0x6f .\CortexM3\ARM_GCC_541\Debug\ADC+UART.a(UART_IntClock.o)
 .comment       0x0000006e       0x6f .\CortexM3\ARM_GCC_541\Debug\ADC+UART.a(CyDmac.o)
 .comment       0x0000006e       0x6f .\CortexM3\ARM_GCC_541\Debug\ADC+UART.a(CyLib.o)
 .comment       0x0000006e       0x6f .\CortexM3\ARM_GCC_541\Debug\ADC+UART.a(cyPm.o)
 .comment       0x0000006e       0x6f .\CortexM3\ARM_GCC_541\Debug\ADC+UART.a(isr_glitch.o)
 .comment       0x0000006e       0x6f .\CortexM3\ARM_GCC_541\Debug\ADC+UART.a(WaveDAC8_1.o)
 .comment       0x0000006e       0x6f .\CortexM3\ARM_GCC_541\Debug\ADC+UART.a(WaveDAC8_1_DacClk.o)
 .comment       0x0000006e       0x6f .\CortexM3\ARM_GCC_541\Debug\ADC+UART.a(WaveDAC8_1_Wave1_DMA_dma.o)
 .comment       0x0000006e       0x6f .\CortexM3\ARM_GCC_541\Debug\ADC+UART.a(WaveDAC8_1_Wave2_DMA_dma.o)
 .comment       0x0000006e       0x6f .\CortexM3\ARM_GCC_541\Debug\ADC+UART.a(WaveDAC8_1_VDAC8.o)
 .comment       0x0000006e       0x6f .\CortexM3\ARM_GCC_541\Debug\ADC+UART.a(s0.o)
 .comment       0x0000006e       0x6f .\CortexM3\ARM_GCC_541\Debug\ADC+UART.a(s1.o)
 .comment       0x0000006e       0x6f .\CortexM3\ARM_GCC_541\Debug\ADC+UART.a(s2.o)
 .comment       0x0000006e       0x6f .\CortexM3\ARM_GCC_541\Debug\ADC+UART.a(s3.o)
 .comment       0x0000006e       0x6f .\CortexM3\ARM_GCC_541\Debug\ADC+UART.a(CyFlash.o)
 .comment       0x0000006e       0x6f .\CortexM3\ARM_GCC_541\Debug\ADC+UART.a(CySpc.o)

.debug_weaknames
 *(.debug_weaknames)

.debug_funcnames
 *(.debug_funcnames)

.debug_typenames
 *(.debug_typenames)

.debug_varnames
 *(.debug_varnames)

.note.gnu.arm.ident
 *(.note.gnu.arm.ident)

.ARM.attributes
                0x00000000       0x29
 *(.ARM.attributes)
 .ARM.attributes
                0x00000000       0x1d c:/program files (x86)/cypress/psoc creator/4.4/psoc creator/import/gnu/arm/5.4.1/bin/../lib/gcc/arm-none-eabi/5.4.1/armv7-m/crti.o
 .ARM.attributes
                0x0000001d       0x2d c:/program files (x86)/cypress/psoc creator/4.4/psoc creator/import/gnu/arm/5.4.1/bin/../lib/gcc/arm-none-eabi/5.4.1/armv7-m/crtbegin.o
 .ARM.attributes
                0x0000004a       0x1b c:/program files (x86)/cypress/psoc creator/4.4/psoc creator/import/gnu/arm/5.4.1/bin/../lib/gcc/arm-none-eabi/5.4.1/../../../../arm-none-eabi/lib/armv7-m/crt0.o
 .ARM.attributes
                0x00000065       0x33 .\CortexM3\ARM_GCC_541\Debug\main.o
 .ARM.attributes
                0x00000098       0x33 .\CortexM3\ARM_GCC_541\Debug\cyfitter_cfg.o
 .ARM.attributes
                0x000000cb       0x33 .\CortexM3\ARM_GCC_541\Debug\cymetadata.o
 .ARM.attributes
                0x000000fe       0x33 .\CortexM3\ARM_GCC_541\Debug\Cm3Start.o
 .ARM.attributes
                0x00000131       0x33 .\CortexM3\ARM_GCC_541\Debug\ADC+UART.a(ADC.o)
 .ARM.attributes
                0x00000164       0x33 .\CortexM3\ARM_GCC_541\Debug\ADC+UART.a(ADC_INT.o)
 .ARM.attributes
                0x00000197       0x33 .\CortexM3\ARM_GCC_541\Debug\ADC+UART.a(LED.o)
 .ARM.attributes
                0x000001ca       0x33 .\CortexM3\ARM_GCC_541\Debug\ADC+UART.a(isrEnvio.o)
 .ARM.attributes
                0x000001fd       0x33 .\CortexM3\ARM_GCC_541\Debug\ADC+UART.a(UART.o)
 .ARM.attributes
                0x00000230       0x33 .\CortexM3\ARM_GCC_541\Debug\ADC+UART.a(isrRX.o)
 .ARM.attributes
                0x00000263       0x33 .\CortexM3\ARM_GCC_541\Debug\ADC+UART.a(ADC_AMux.o)
 .ARM.attributes
                0x00000296       0x33 .\CortexM3\ARM_GCC_541\Debug\ADC+UART.a(ADC_Ext_CP_Clk.o)
 .ARM.attributes
                0x000002c9       0x33 .\CortexM3\ARM_GCC_541\Debug\ADC+UART.a(ADC_theACLK.o)
 .ARM.attributes
                0x000002fc       0x33 .\CortexM3\ARM_GCC_541\Debug\ADC+UART.a(UART_IntClock.o)
 .ARM.attributes
                0x0000032f       0x33 .\CortexM3\ARM_GCC_541\Debug\ADC+UART.a(CyDmac.o)
 .ARM.attributes
                0x00000362       0x33 .\CortexM3\ARM_GCC_541\Debug\ADC+UART.a(CyLib.o)
 .ARM.attributes
                0x00000395       0x33 .\CortexM3\ARM_GCC_541\Debug\ADC+UART.a(cyPm.o)
 .ARM.attributes
                0x000003c8       0x33 .\CortexM3\ARM_GCC_541\Debug\ADC+UART.a(isr_glitch.o)
 .ARM.attributes
                0x000003fb       0x33 .\CortexM3\ARM_GCC_541\Debug\ADC+UART.a(WaveDAC8_1.o)
 .ARM.attributes
                0x0000042e       0x33 .\CortexM3\ARM_GCC_541\Debug\ADC+UART.a(WaveDAC8_1_DacClk.o)
 .ARM.attributes
                0x00000461       0x33 .\CortexM3\ARM_GCC_541\Debug\ADC+UART.a(WaveDAC8_1_Wave1_DMA_dma.o)
 .ARM.attributes
                0x00000494       0x33 .\CortexM3\ARM_GCC_541\Debug\ADC+UART.a(WaveDAC8_1_Wave2_DMA_dma.o)
 .ARM.attributes
                0x000004c7       0x33 .\CortexM3\ARM_GCC_541\Debug\ADC+UART.a(WaveDAC8_1_VDAC8.o)
 .ARM.attributes
                0x000004fa       0x33 .\CortexM3\ARM_GCC_541\Debug\ADC+UART.a(s0.o)
 .ARM.attributes
                0x0000052d       0x33 .\CortexM3\ARM_GCC_541\Debug\ADC+UART.a(s1.o)
 .ARM.attributes
                0x00000560       0x33 .\CortexM3\ARM_GCC_541\Debug\ADC+UART.a(s2.o)
 .ARM.attributes
                0x00000593       0x33 .\CortexM3\ARM_GCC_541\Debug\ADC+UART.a(s3.o)
 .ARM.attributes
                0x000005c6       0x21 .\CortexM3\ARM_GCC_541\Debug\ADC+UART.a(CyBootAsmGnu.o)
 .ARM.attributes
                0x000005e7       0x33 .\CortexM3\ARM_GCC_541\Debug\ADC+UART.a(CyFlash.o)
 .ARM.attributes
                0x0000061a       0x33 .\CortexM3\ARM_GCC_541\Debug\ADC+UART.a(CySpc.o)
 .ARM.attributes
                0x0000064d       0x1d c:/program files (x86)/cypress/psoc creator/4.4/psoc creator/import/gnu/arm/5.4.1/bin/../lib/gcc/arm-none-eabi/5.4.1/armv7-m\libgcc.a(_arm_addsubdf3.o)
 .ARM.attributes
                0x0000066a       0x1d c:/program files (x86)/cypress/psoc creator/4.4/psoc creator/import/gnu/arm/5.4.1/bin/../lib/gcc/arm-none-eabi/5.4.1/armv7-m\libgcc.a(_arm_cmpdf2.o)
 .ARM.attributes
                0x00000687       0x1d c:/program files (x86)/cypress/psoc creator/4.4/psoc creator/import/gnu/arm/5.4.1/bin/../lib/gcc/arm-none-eabi/5.4.1/armv7-m\libgcc.a(_arm_addsubsf3.o)
 .ARM.attributes
                0x000006a4       0x1d c:/program files (x86)/cypress/psoc creator/4.4/psoc creator/import/gnu/arm/5.4.1/bin/../lib/gcc/arm-none-eabi/5.4.1/armv7-m\libgcc.a(_arm_muldivsf3.o)
 .ARM.attributes
                0x000006c1       0x1d c:/program files (x86)/cypress/psoc creator/4.4/psoc creator/import/gnu/arm/5.4.1/bin/../lib/gcc/arm-none-eabi/5.4.1/armv7-m\libgcc.a(_arm_fixunssfsi.o)
 .ARM.attributes
                0x000006de       0x2d c:/program files (x86)/cypress/psoc creator/4.4/psoc creator/import/gnu/arm/5.4.1/bin/../lib/gcc/arm-none-eabi/5.4.1/../../../../arm-none-eabi/lib/armv7-m\libg_nano.a(lib_a-errno.o)
 .ARM.attributes
                0x0000070b       0x2d c:/program files (x86)/cypress/psoc creator/4.4/psoc creator/import/gnu/arm/5.4.1/bin/../lib/gcc/arm-none-eabi/5.4.1/../../../../arm-none-eabi/lib/armv7-m\libg_nano.a(lib_a-exit.o)
 .ARM.attributes
                0x00000738       0x2d c:/program files (x86)/cypress/psoc creator/4.4/psoc creator/import/gnu/arm/5.4.1/bin/../lib/gcc/arm-none-eabi/5.4.1/../../../../arm-none-eabi/lib/armv7-m\libg_nano.a(lib_a-impure.o)
 .ARM.attributes
                0x00000765       0x2d c:/program files (x86)/cypress/psoc creator/4.4/psoc creator/import/gnu/arm/5.4.1/bin/../lib/gcc/arm-none-eabi/5.4.1/../../../../arm-none-eabi/lib/armv7-m\libg_nano.a(lib_a-init.o)
 .ARM.attributes
                0x00000792       0x2d c:/program files (x86)/cypress/psoc creator/4.4/psoc creator/import/gnu/arm/5.4.1/bin/../lib/gcc/arm-none-eabi/5.4.1/../../../../arm-none-eabi/lib/armv7-m\libg_nano.a(lib_a-memcpy-stub.o)
 .ARM.attributes
                0x000007bf       0x2d c:/program files (x86)/cypress/psoc creator/4.4/psoc creator/import/gnu/arm/5.4.1/bin/../lib/gcc/arm-none-eabi/5.4.1/../../../../arm-none-eabi/lib/armv7-m\libg_nano.a(lib_a-memset.o)
 .ARM.attributes
                0x000007ec       0x2d c:/program files (x86)/cypress/psoc creator/4.4/psoc creator/import/gnu/arm/5.4.1/bin/../lib/gcc/arm-none-eabi/5.4.1/../../../../arm-none-eabi/lib/armv7-m\libg_nano.a(lib_a-nano-vfprintf_float.o)
 .ARM.attributes
                0x00000819       0x2d c:/program files (x86)/cypress/psoc creator/4.4/psoc creator/import/gnu/arm/5.4.1/bin/../lib/gcc/arm-none-eabi/5.4.1/../../../../arm-none-eabi/lib/armv7-m\libg_nano.a(lib_a-nano-vfprintf_i.o)
 .ARM.attributes
                0x00000846       0x2d c:/program files (x86)/cypress/psoc creator/4.4/psoc creator/import/gnu/arm/5.4.1/bin/../lib/gcc/arm-none-eabi/5.4.1/../../../../arm-none-eabi/lib/armv7-m\libg_nano.a(lib_a-sprintf.o)
 .ARM.attributes
                0x00000873       0x17 c:/program files (x86)/cypress/psoc creator/4.4/psoc creator/import/gnu/arm/5.4.1/bin/../lib/gcc/arm-none-eabi/5.4.1/../../../../arm-none-eabi/lib/armv7-m\libg_nano.a(lib_a-strlen.o)
 .ARM.attributes
                0x0000088a       0x2d c:/program files (x86)/cypress/psoc creator/4.4/psoc creator/import/gnu/arm/5.4.1/bin/../lib/gcc/arm-none-eabi/5.4.1/../../../../arm-none-eabi/lib/armv7-m\libg_nano.a(lib_a-dtoa.o)
 .ARM.attributes
                0x000008b7       0x2d c:/program files (x86)/cypress/psoc creator/4.4/psoc creator/import/gnu/arm/5.4.1/bin/../lib/gcc/arm-none-eabi/5.4.1/../../../../arm-none-eabi/lib/armv7-m\libg_nano.a(lib_a-locale.o)
 .ARM.attributes
                0x000008e4       0x2d c:/program files (x86)/cypress/psoc creator/4.4/psoc creator/import/gnu/arm/5.4.1/bin/../lib/gcc/arm-none-eabi/5.4.1/../../../../arm-none-eabi/lib/armv7-m\libg_nano.a(lib_a-malloc.o)
 .ARM.attributes
                0x00000911       0x2d c:/program files (x86)/cypress/psoc creator/4.4/psoc creator/import/gnu/arm/5.4.1/bin/../lib/gcc/arm-none-eabi/5.4.1/../../../../arm-none-eabi/lib/armv7-m\libg_nano.a(lib_a-memchr-stub.o)
 .ARM.attributes
                0x0000093e       0x2d c:/program files (x86)/cypress/psoc creator/4.4/psoc creator/import/gnu/arm/5.4.1/bin/../lib/gcc/arm-none-eabi/5.4.1/../../../../arm-none-eabi/lib/armv7-m\libg_nano.a(lib_a-mprec.o)
 .ARM.attributes
                0x0000096b       0x2d c:/program files (x86)/cypress/psoc creator/4.4/psoc creator/import/gnu/arm/5.4.1/bin/../lib/gcc/arm-none-eabi/5.4.1/../../../../arm-none-eabi/lib/armv7-m\libg_nano.a(lib_a-nano-callocr.o)
 .ARM.attributes
                0x00000998       0x2d c:/program files (x86)/cypress/psoc creator/4.4/psoc creator/import/gnu/arm/5.4.1/bin/../lib/gcc/arm-none-eabi/5.4.1/../../../../arm-none-eabi/lib/armv7-m\libg_nano.a(lib_a-nano-freer.o)
 .ARM.attributes
                0x000009c5       0x2d c:/program files (x86)/cypress/psoc creator/4.4/psoc creator/import/gnu/arm/5.4.1/bin/../lib/gcc/arm-none-eabi/5.4.1/../../../../arm-none-eabi/lib/armv7-m\libg_nano.a(lib_a-nano-mallocr.o)
 .ARM.attributes
                0x000009f2       0x2d c:/program files (x86)/cypress/psoc creator/4.4/psoc creator/import/gnu/arm/5.4.1/bin/../lib/gcc/arm-none-eabi/5.4.1/../../../../arm-none-eabi/lib/armv7-m\libg_nano.a(lib_a-nano-svfprintf.o)
 .ARM.attributes
                0x00000a1f       0x2d c:/program files (x86)/cypress/psoc creator/4.4/psoc creator/import/gnu/arm/5.4.1/bin/../lib/gcc/arm-none-eabi/5.4.1/../../../../arm-none-eabi/lib/armv7-m\libg_nano.a(lib_a-sbrkr.o)
 .ARM.attributes
                0x00000a4c       0x1b c:/program files (x86)/cypress/psoc creator/4.4/psoc creator/import/gnu/arm/5.4.1/bin/../lib/gcc/arm-none-eabi/5.4.1/../../../../arm-none-eabi/lib/armv7-m\libg_nano.a(lib_a-strcmp.o)
 .ARM.attributes
                0x00000a67       0x2d c:/program files (x86)/cypress/psoc creator/4.4/psoc creator/import/gnu/arm/5.4.1/bin/../lib/gcc/arm-none-eabi/5.4.1/../../../../arm-none-eabi/lib/armv7-m\libg_nano.a(lib_a-memmove.o)
 .ARM.attributes
                0x00000a94       0x2d c:/program files (x86)/cypress/psoc creator/4.4/psoc creator/import/gnu/arm/5.4.1/bin/../lib/gcc/arm-none-eabi/5.4.1/../../../../arm-none-eabi/lib/armv7-m\libg_nano.a(lib_a-mlock.o)
 .ARM.attributes
                0x00000ac1       0x2d c:/program files (x86)/cypress/psoc creator/4.4/psoc creator/import/gnu/arm/5.4.1/bin/../lib/gcc/arm-none-eabi/5.4.1/../../../../arm-none-eabi/lib/armv7-m\libg_nano.a(lib_a-nano-reallocr.o)
 .ARM.attributes
                0x00000aee       0x2d c:/program files (x86)/cypress/psoc creator/4.4/psoc creator/import/gnu/arm/5.4.1/bin/../lib/gcc/arm-none-eabi/5.4.1/../../../../arm-none-eabi/lib/armv7-m\libg_nano.a(lib_a-reent.o)
 .ARM.attributes
                0x00000b1b       0x2d c:/program files (x86)/cypress/psoc creator/4.4/psoc creator/import/gnu/arm/5.4.1/bin/../lib/gcc/arm-none-eabi/5.4.1/../../../../arm-none-eabi/lib/armv7-m\libg_nano.a(lib_a-nano-msizer.o)
 .ARM.attributes
                0x00000b48       0x1d c:/program files (x86)/cypress/psoc creator/4.4/psoc creator/import/gnu/arm/5.4.1/bin/../lib/gcc/arm-none-eabi/5.4.1/armv7-m\libgcc.a(_arm_muldivdf3.o)
 .ARM.attributes