Archive member included because of file (symbol)

.\CortexM3\ARM_GCC_493\Debug\ADC+UART.a(cyfitter_cfg.o)
                              .\CortexM3\ARM_GCC_493\Debug\Cm3Start.o (cyfitter_cfg)
.\CortexM3\ARM_GCC_493\Debug\ADC+UART.a(LCD.o)
                              .\CortexM3\ARM_GCC_493\Debug\main.o (LCD_PrintString)
.\CortexM3\ARM_GCC_493\Debug\ADC+UART.a(ADC.o)
                              .\CortexM3\ARM_GCC_493\Debug\main.o (ADC_Start)
.\CortexM3\ARM_GCC_493\Debug\ADC+UART.a(ADC_INT.o)
                              .\CortexM3\ARM_GCC_493\Debug\ADC+UART.a(ADC.o) (ADC_ISR1)
.\CortexM3\ARM_GCC_493\Debug\ADC+UART.a(AMux.o)
                              .\CortexM3\ARM_GCC_493\Debug\main.o (AMux_Start)
.\CortexM3\ARM_GCC_493\Debug\ADC+UART.a(PWM.o)
                              .\CortexM3\ARM_GCC_493\Debug\main.o (PWM_Start)
.\CortexM3\ARM_GCC_493\Debug\ADC+UART.a(isrEnvio.o)
                              .\CortexM3\ARM_GCC_493\Debug\main.o (isrEnvio_StartEx)
.\CortexM3\ARM_GCC_493\Debug\ADC+UART.a(UART.o)
                              .\CortexM3\ARM_GCC_493\Debug\main.o (UART_Start)
.\CortexM3\ARM_GCC_493\Debug\ADC+UART.a(isrRX.o)
                              .\CortexM3\ARM_GCC_493\Debug\main.o (isrRX_StartEx)
.\CortexM3\ARM_GCC_493\Debug\ADC+UART.a(ADC_AMux.o)
                              .\CortexM3\ARM_GCC_493\Debug\ADC+UART.a(ADC.o) (ADC_AMux_Select)
.\CortexM3\ARM_GCC_493\Debug\ADC+UART.a(ADC_Ext_CP_Clk.o)
                              .\CortexM3\ARM_GCC_493\Debug\ADC+UART.a(ADC.o) (ADC_Ext_CP_Clk_SetModeRegister)
.\CortexM3\ARM_GCC_493\Debug\ADC+UART.a(ADC_theACLK.o)
                              .\CortexM3\ARM_GCC_493\Debug\ADC+UART.a(ADC.o) (ADC_theACLK_SetModeRegister)
.\CortexM3\ARM_GCC_493\Debug\ADC+UART.a(UART_IntClock.o)
                              .\CortexM3\ARM_GCC_493\Debug\ADC+UART.a(UART.o) (UART_IntClock_Start)
.\CortexM3\ARM_GCC_493\Debug\ADC+UART.a(CyLib.o)
                              .\CortexM3\ARM_GCC_493\Debug\Cm3Start.o (CyHalt)
.\CortexM3\ARM_GCC_493\Debug\ADC+UART.a(cyPm.o)
                              .\CortexM3\ARM_GCC_493\Debug\ADC+UART.a(CyLib.o) (CyPmReadStatus)
.\CortexM3\ARM_GCC_493\Debug\ADC+UART.a(CyBootAsmGnu.o)
                              .\CortexM3\ARM_GCC_493\Debug\ADC+UART.a(cyfitter_cfg.o) (CyDelayCycles)
.\CortexM3\ARM_GCC_493\Debug\ADC+UART.a(CyFlash.o)
                              .\CortexM3\ARM_GCC_493\Debug\ADC+UART.a(cyPm.o) (CyFlash_SetWaitCycles)
.\CortexM3\ARM_GCC_493\Debug\ADC+UART.a(CySpc.o)
                              .\CortexM3\ARM_GCC_493\Debug\ADC+UART.a(CyFlash.o) (CySpcStart)
c:/program files (x86)/cypress/psoc creator/4.0/psoc creator/import/gnu/arm/4.9.3/bin/../lib/gcc/arm-none-eabi/4.9.3/armv7-m\libgcc.a(_arm_addsubdf3.o)
                              .\CortexM3\ARM_GCC_493\Debug\main.o (__aeabi_f2d)
c:/program files (x86)/cypress/psoc creator/4.0/psoc creator/import/gnu/arm/4.9.3/bin/../lib/gcc/arm-none-eabi/4.9.3/armv7-m\libgcc.a(_arm_cmpdf2.o)
                              .\CortexM3\ARM_GCC_493\Debug\ADC+UART.a(ADC.o) (__aeabi_dcmpgt)
c:/program files (x86)/cypress/psoc creator/4.0/psoc creator/import/gnu/arm/4.9.3/bin/../lib/gcc/arm-none-eabi/4.9.3/armv7-m\libgcc.a(_arm_addsubsf3.o)
                              .\CortexM3\ARM_GCC_493\Debug\ADC+UART.a(ADC.o) (__aeabi_ui2f)
c:/program files (x86)/cypress/psoc creator/4.0/psoc creator/import/gnu/arm/4.9.3/bin/../lib/gcc/arm-none-eabi/4.9.3/armv7-m\libgcc.a(_arm_muldivsf3.o)
                              .\CortexM3\ARM_GCC_493\Debug\ADC+UART.a(ADC.o) (__aeabi_fmul)
c:/program files (x86)/cypress/psoc creator/4.0/psoc creator/import/gnu/arm/4.9.3/bin/../lib/gcc/arm-none-eabi/4.9.3/armv7-m\libgcc.a(_arm_fixunssfsi.o)
                              .\CortexM3\ARM_GCC_493\Debug\ADC+UART.a(ADC.o) (__aeabi_f2uiz)
c:/program files (x86)/cypress/psoc creator/4.0/psoc creator/import/gnu/arm/4.9.3/bin/../lib/gcc/arm-none-eabi/4.9.3/../../../../arm-none-eabi/lib/armv7-m\libg_nano.a(lib_a-errno.o)
                              .\CortexM3\ARM_GCC_493\Debug\Cm3Start.o (__errno)
c:/program files (x86)/cypress/psoc creator/4.0/psoc creator/import/gnu/arm/4.9.3/bin/../lib/gcc/arm-none-eabi/4.9.3/../../../../arm-none-eabi/lib/armv7-m\libg_nano.a(lib_a-exit.o)
                              c:/program files (x86)/cypress/psoc creator/4.0/psoc creator/import/gnu/arm/4.9.3/bin/../lib/gcc/arm-none-eabi/4.9.3/../../../../arm-none-eabi/lib/armv7-m/crt0.o (exit)
c:/program files (x86)/cypress/psoc creator/4.0/psoc creator/import/gnu/arm/4.9.3/bin/../lib/gcc/arm-none-eabi/4.9.3/../../../../arm-none-eabi/lib/armv7-m\libg_nano.a(lib_a-impure.o)
                              c:/program files (x86)/cypress/psoc creator/4.0/psoc creator/import/gnu/arm/4.9.3/bin/../lib/gcc/arm-none-eabi/4.9.3/../../../../arm-none-eabi/lib/armv7-m\libg_nano.a(lib_a-exit.o) (_global_impure_ptr)
[...]
Memory Configuration

Name             Origin             Length             Attributes
rom              0x00000000         0x00040000         xr
ram              0x1fff8000         0x00010000         xrw
*default*        0x00000000         0xffffffff

Linker script and memory map

LOAD c:/program files (x86)/cypress/psoc creator/4.0/psoc creator/import/gnu/arm/4.9.3/bin/../lib/gcc/arm-none-eabi/4.9.3/armv7-m/crti.o
LOAD c:/program files (x86)/cypress/psoc creator/4.0/psoc creator/import/gnu/arm/4.9.3/bin/../lib/gcc/arm-none-eabi/4.9.3/armv7-m/crtbegin.o
LOAD c:/program files (x86)/cypress/psoc creator/4.0/psoc creator/import/gnu/arm/4.9.3/bin/../lib/gcc/arm-none-eabi/4.9.3/../../../../arm-none-eabi/lib/armv7-m/crt0.o
START GROUP
LOAD .\CortexM3\ARM_GCC_493\Debug\main.o
LOAD .\CortexM3\ARM_GCC_493\Debug\cymetadata.o
LOAD .\CortexM3\ARM_GCC_493\Debug\Cm3Start.o
LOAD .\CortexM3\ARM_GCC_493\Debug\ADC+UART.a
LOAD C:\Program Files (x86)\Cypress\PSoC Creator\4.0\PSoC Creator\psoc\content\cycomponentlibrary\CyComponentLibrary.cylib\CortexM3\ARM_GCC_493\Debug\CyComponentLibrary.a
END GROUP
START GROUP
LOAD c:/program files (x86)/cypress/psoc creator/4.0/psoc creator/import/gnu/arm/4.9.3/bin/../lib/gcc/arm-none-eabi/4.9.3/armv7-m\libgcc.a
LOAD c:/program files (x86)/cypress/psoc creator/4.0/psoc creator/import/gnu/arm/4.9.3/bin/../lib/gcc/arm-none-eabi/4.9.3/../../../../arm-none-eabi/lib/armv7-m\libg_nano.a
LOAD c:/program files (x86)/cypress/psoc creator/4.0/psoc creator/import/gnu/arm/4.9.3/bin/../lib/gcc/arm-none-eabi/4.9.3/../../../../arm-none-eabi/lib/armv7-m\libc_nano.a
END GROUP
START GROUP
LOAD c:/program files (x86)/cypress/psoc creator/4.0/psoc creator/import/gnu/arm/4.9.3/bin/../lib/gcc/arm-none-eabi/4.9.3/armv7-m\libgcc.a
LOAD c:/program files (x86)/cypress/psoc creator/4.0/psoc creator/import/gnu/arm/4.9.3/bin/../lib/gcc/arm-none-eabi/4.9.3/../../../../arm-none-eabi/lib/armv7-m\libc_nano.a
END GROUP
LOAD c:/program files (x86)/cypress/psoc creator/4.0/psoc creator/import/gnu/arm/4.9.3/bin/../lib/gcc/arm-none-eabi/4.9.3/armv7-m/crtend.o
LOAD c:/program files (x86)/cypress/psoc creator/4.0/psoc creator/import/gnu/arm/4.9.3/bin/../lib/gcc/arm-none-eabi/4.9.3/armv7-m/crtn.o
START GROUP
LOAD c:/program files (x86)/cypress/psoc creator/4.0/psoc creator/import/gnu/arm/4.9.3/bin/../lib/gcc/arm-none-eabi/4.9.3/armv7-m\libgcc.a
LOAD c:/program files (x86)/cypress/psoc creator/4.0/psoc creator/import/gnu/arm/4.9.3/bin/../lib/gcc/arm-none-eabi/4.9.3/../../../../arm-none-eabi/lib/armv7-m\libc.a
LOAD c:/program files (x86)/cypress/psoc creator/4.0/psoc creator/import/gnu/arm/4.9.3/bin/../lib/gcc/arm-none-eabi/4.9.3/../../../../arm-none-eabi/lib/armv7-m\libnosys.a
END GROUP
                0x00000000                CY_APPL_ORIGIN = 0x0
                0x00000100                CY_FLASH_ROW_SIZE = 0x100
                0x00000020                CY_ECC_ROW_SIZE = 0x20
                0x00000000                CY_EE_IN_BTLDR = 0x0
                0x00000000                CY_APPL_LOADABLE = 0x0
                0x00000800                CY_EE_SIZE = 0x800
                0x00000001                CY_APPL_NUM = 0x1
                0x00000001                CY_APPL_MAX = 0x1
                0x00000040                CY_METADATA_SIZE = 0x40
                0x00000000                CY_APPL_LOADABLE = 0x0
                0x00000000                CY_CHECKSUM_EXCLUDE_SIZE = ALIGN (0x0, CY_FLASH_ROW_SIZE)
                0x1fff8238                PROVIDE (__cy_heap_start, _end)
                0x00000001                PROVIDE (__cy_region_num, ((__cy_regions_end - __cy_regions) / 0x10))
                0x20008000                PROVIDE (__cy_stack, (ORIGIN (ram) + 0x10000))
                0x20007800                PROVIDE (__cy_heap_end, (__cy_stack - 0x800))

.cybootloader   0x00000000        0x0
 *(.cybootloader)
                0x00000000                appl1_start = CY_APPL_ORIGIN?CY_APPL_ORIGIN:ALIGN (CY_FLASH_ROW_SIZE)
                0x0001ff00                appl2_start = (appl1_start + ALIGN ((((0x40000 - appl1_start) - (0x2 * CY_FLASH_ROW_SIZE)) / 0x2), CY_FLASH_ROW_SIZE))
                0x00000000                appl_start = (CY_APPL_NUM == 0x1)?appl1_start:appl2_start
                0x00000000                ecc_offset = ((appl_start / CY_FLASH_ROW_SIZE) * CY_ECC_ROW_SIZE)
                0x00000000                ee_offset = (CY_APPL_LOADABLE && ! (CY_EE_IN_BTLDR))?((CY_EE_SIZE / CY_APPL_MAX) * (CY_APPL_NUM - 0x1)):0x0
                0x00000800                ee_size = (CY_APPL_LOADABLE && ! (CY_EE_IN_BTLDR))?(CY_EE_SIZE / CY_APPL_MAX):CY_EE_SIZE
                0x00000000                PROVIDE (CY_ECC_OFFSET, ecc_offset)

.text           0x00000000     0x4274
 CREATE_OBJECT_SYMBOLS
                0x00000000                PROVIDE (__cy_interrupt_vector, RomVectors)
 *(.romvectors)
 .romvectors    0x00000000       0x10 .\CortexM3\ARM_GCC_493\Debug\Cm3Start.o
                0x00000000                RomVectors
                0x00000001                ASSERT ((. != __cy_interrupt_vector), No interrupt vector)
                0x00000001                ASSERT (CY_APPL_ORIGIN?(SIZEOF (.cybootloader) <= CY_APPL_ORIGIN):0x1, Wrong image location)
                0x00000010                PROVIDE (__cy_reset, Reset)
 *(.text.Reset)
 .text.Reset    0x00000010       0x18 .\CortexM3\ARM_GCC_493\Debug\Cm3Start.o
                0x00000010                Reset
                0x00000001                ASSERT ((. != __cy_reset), No reset code)
 *(.dma_init)
                0x00000001                ASSERT ((((appl_start + .) <= 0x10000) || 0x1), DMA Init must be within the first 64k of flash)
 *(.text .text.* .gnu.linkonce.t.*)
 .text          0x00000028       0x5c c:/program files (x86)/cypress/psoc creator/4.0/psoc creator/import/gnu/arm/4.9.3/bin/../lib/gcc/arm-none-eabi/4.9.3/armv7-m/crtbegin.o
 .text.Enviar   0x00000084       0x80 .\CortexM3\ARM_GCC_493\Debug\main.o
                0x00000084                Enviar
 .text.InterruptRX
                0x00000104       0x34 .\CortexM3\ARM_GCC_493\Debug\main.o
                0x00000104                InterruptRX
 .text.main     0x00000138      0x15c .\CortexM3\ARM_GCC_493\Debug\main.o
                0x00000138                main
 .text.IntDefaultHandler
                0x00000294       0x10 .\CortexM3\ARM_GCC_493\Debug\Cm3Start.o
                0x00000294                IntDefaultHandler
 .text._sbrk    0x000002a4       0x30 .\CortexM3\ARM_GCC_493\Debug\Cm3Start.o
                0x000002a4                _sbrk
 .text.Start_c  0x000002d4       0x4c .\CortexM3\ARM_GCC_493\Debug\Cm3Start.o
                0x000002d4                Start_c
 .text.initialize_psoc
                0x00000320       0x74 .\CortexM3\ARM_GCC_493\Debug\Cm3Start.o
                0x00000320                initialize_psoc
 .text.CyClockStartupError
                0x00000394        0x4 .\CortexM3\ARM_GCC_493\Debug\ADC+UART.a(cyfitter_cfg.o)
 .text.cfg_write_bytes32
                0x00000398       0x34 .\CortexM3\ARM_GCC_493\Debug\ADC+UART.a(cyfitter_cfg.o)
 .text.AnalogSetDefault
                0x000003cc       0x28 .\CortexM3\ARM_GCC_493\Debug\ADC+UART.a(cyfitter_cfg.o)
 .text.CYMEMZERO
                0x000003f4        0xc .\CortexM3\ARM_GCC_493\Debug\ADC+UART.a(cyfitter_cfg.o)
 .text.CYCONFIGCPY
                0x00000400        0x8 .\CortexM3\ARM_GCC_493\Debug\ADC+UART.a(cyfitter_cfg.o)
 .text.ClockSetup
                0x00000408       0xfc .\CortexM3\ARM_GCC_493\Debug\ADC+UART.a(cyfitter_cfg.o)
 .text.AMux_Set
                0x00000504       0x38 .\CortexM3\ARM_GCC_493\Debug\ADC+UART.a(cyfitter_cfg.o)
                0x00000504                AMux_Set
 .text.AMux_Unset
                0x0000053c       0x3c .\CortexM3\ARM_GCC_493\Debug\ADC+UART.a(cyfitter_cfg.o)
                0x0000053c                AMux_Unset
 .text.ADC_AMux_Set
                0x00000578       0x20 .\CortexM3\ARM_GCC_493\Debug\ADC+UART.a(cyfitter_cfg.o)
                0x00000578                ADC_AMux_Set
 .text.ADC_AMux_Unset
                0x00000598       0x20 .\CortexM3\ARM_GCC_493\Debug\ADC+UART.a(cyfitter_cfg.o)
                0x00000598                ADC_AMux_Unset
 .text.cyfitter_cfg
                0x000005b8      0x14c .\CortexM3\ARM_GCC_493\Debug\ADC+UART.a(cyfitter_cfg.o)
                0x000005b8                cyfitter_cfg
 .text.LCD_WrCntrlNib
                0x00000704       0x34 .\CortexM3\ARM_GCC_493\Debug\ADC+UART.a(LCD.o)
 .text.LCD_WrDatNib
                0x00000738       0x3c .\CortexM3\ARM_GCC_493\Debug\ADC+UART.a(LCD.o)
 .text.LCD_WriteData
                0x00000774       0x20 .\CortexM3\ARM_GCC_493\Debug\ADC+UART.a(LCD.o)
                0x00000774                LCD_WriteData
 .text.LCD_PrintString
                0x00000794       0x1c .\CortexM3\ARM_GCC_493\Debug\ADC+UART.a(LCD.o)
                0x00000794                LCD_PrintString
 .text.LCD_WriteControl
                0x000007b0       0x24 .\CortexM3\ARM_GCC_493\Debug\ADC+UART.a(LCD.o)
                0x000007b0                LCD_WriteControl
 .text.LCD_Init
                0x000007d4       0x6c .\CortexM3\ARM_GCC_493\Debug\ADC+UART.a(LCD.o)
                0x000007d4                LCD_Init
 .text.LCD_Enable
                0x00000840       0x14 .\CortexM3\ARM_GCC_493\Debug\ADC+UART.a(LCD.o)
                0x00000840                LCD_Enable
 .text.LCD_Start
                0x00000854       0x1c .\CortexM3\ARM_GCC_493\Debug\ADC+UART.a(LCD.o)
                0x00000854                LCD_Start
 .text.LCD_Position
                0x00000870       0x3c .\CortexM3\ARM_GCC_493\Debug\ADC+UART.a(LCD.o)
                0x00000870                LCD_Position
 .text.LCD_PrintNumber
                0x000008ac       0x8c .\CortexM3\ARM_GCC_493\Debug\ADC+UART.a(LCD.o)
                0x000008ac                LCD_PrintNumber
 .text.ADC_GainCompensation
                0x00000938       0xcc .\CortexM3\ARM_GCC_493\Debug\ADC+UART.a(ADC.o)
 .text.ADC_SetDSMRef0Reg
                0x00000a04       0x4c .\CortexM3\ARM_GCC_493\Debug\ADC+UART.a(ADC.o)
 .text.ADC_InitConfig
                0x00000a50       0xe8 .\CortexM3\ARM_GCC_493\Debug\ADC+UART.a(ADC.o)
 .text.ADC_Init
                0x00000b38       0xc4 .\CortexM3\ARM_GCC_493\Debug\ADC+UART.a(ADC.o)
                0x00000b38                ADC_Init
 .text.ADC_Enable
                0x00000bfc       0xd8 .\CortexM3\ARM_GCC_493\Debug\ADC+UART.a(ADC.o)
                0x00000bfc                ADC_Enable
 .text.ADC_Start
                0x00000cd4       0x28 .\CortexM3\ARM_GCC_493\Debug\ADC+UART.a(ADC.o)
                0x00000cd4                ADC_Start
 .text.ADC_StartConvert
                0x00000cfc       0x10 .\CortexM3\ARM_GCC_493\Debug\ADC+UART.a(ADC.o)
                0x00000cfc                ADC_StartConvert
 .text.ADC_StopConvert
                0x00000d0c       0x10 .\CortexM3\ARM_GCC_493\Debug\ADC+UART.a(ADC.o)
                0x00000d0c                ADC_StopConvert
 .text.ADC_IsEndConversion
                0x00000d1c       0x30 .\CortexM3\ARM_GCC_493\Debug\ADC+UART.a(ADC.o)
                0x00000d1c                ADC_IsEndConversion
 .text.ADC_GetResult32
                0x00000d4c       0x6c .\CortexM3\ARM_GCC_493\Debug\ADC+UART.a(ADC.o)
                0x00000d4c                ADC_GetResult32
 .text.ADC_CountsTo_Volts
                0x00000db8       0x28 .\CortexM3\ARM_GCC_493\Debug\ADC+UART.a(ADC.o)
                0x00000db8                ADC_CountsTo_Volts
 .text.ADC_ISR1
                0x00000de0        0x4 .\CortexM3\ARM_GCC_493\Debug\ADC+UART.a(ADC_INT.o)
                0x00000de0                ADC_ISR1
 .text.AMux_Start
                0x00000de4       0x20 .\CortexM3\ARM_GCC_493\Debug\ADC+UART.a(AMux.o)
                0x00000de4                AMux_Start
 .text.AMux_FastSelect
                0x00000e04       0x20 .\CortexM3\ARM_GCC_493\Debug\ADC+UART.a(AMux.o)
                0x00000e04                AMux_FastSelect
 .text.PWM_Enable
                0x00000e24       0x10 .\CortexM3\ARM_GCC_493\Debug\ADC+UART.a(PWM.o)
                0x00000e24                PWM_Enable
 .text.PWM_WriteCounter
                0x00000e34        0xc .\CortexM3\ARM_GCC_493\Debug\ADC+UART.a(PWM.o)
                0x00000e34                PWM_WriteCounter
 .text.PWM_WritePeriod
                0x00000e40        0xc .\CortexM3\ARM_GCC_493\Debug\ADC+UART.a(PWM.o)
                0x00000e40                PWM_WritePeriod
 .text.PWM_WriteCompare
                0x00000e4c        0xc .\CortexM3\ARM_GCC_493\Debug\ADC+UART.a(PWM.o)
                0x00000e4c                PWM_WriteCompare
 .text.PWM_SetInterruptMode
                0x00000e58        0xc .\CortexM3\ARM_GCC_493\Debug\ADC+UART.a(PWM.o)
                0x00000e58                PWM_SetInterruptMode
 .text.PWM_ReadStatusRegister
                0x00000e64        0xc .\CortexM3\ARM_GCC_493\Debug\ADC+UART.a(PWM.o)
                0x00000e64                PWM_ReadStatusRegister
 .text.PWM_ReadCapture
                0x00000e70        0xc .\CortexM3\ARM_GCC_493\Debug\ADC+UART.a(PWM.o)
                0x00000e70                PWM_ReadCapture
 .text.PWM_ClearFIFO
                0x00000e7c       0x14 .\CortexM3\ARM_GCC_493\Debug\ADC+UART.a(PWM.o)
                0x00000e7c                PWM_ClearFIFO
 .text.PWM_Init
                0x00000e90       0x50 .\CortexM3\ARM_GCC_493\Debug\ADC+UART.a(PWM.o)
                0x00000e90                PWM_Init
 .text.PWM_Start
                0x00000ee0       0x1c .\CortexM3\ARM_GCC_493\Debug\ADC+UART.a(PWM.o)
                0x00000ee0                PWM_Start
 .text.isrEnvio_SetVector
                0x00000efc        0xc .\CortexM3\ARM_GCC_493\Debug\ADC+UART.a(isrEnvio.o)
                0x00000efc                isrEnvio_SetVector
 .text.isrEnvio_SetPriority
                0x00000f08       0x10 .\CortexM3\ARM_GCC_493\Debug\ADC+UART.a(isrEnvio.o)
                0x00000f08                isrEnvio_SetPriority
 .text.isrEnvio_Enable
                0x00000f18        0xc .\CortexM3\ARM_GCC_493\Debug\ADC+UART.a(isrEnvio.o)
                0x00000f18                isrEnvio_Enable
 .text.isrEnvio_Disable
                0x00000f24        0xc .\CortexM3\ARM_GCC_493\Debug\ADC+UART.a(isrEnvio.o)
                0x00000f24                isrEnvio_Disable
 .text.isrEnvio_StartEx
                0x00000f30       0x1c .\CortexM3\ARM_GCC_493\Debug\ADC+UART.a(isrEnvio.o)
                0x00000f30                isrEnvio_StartEx
 .text.UART_Init
                0x00000f4c       0x28 .\CortexM3\ARM_GCC_493\Debug\ADC+UART.a(UART.o)
                0x00000f4c                UART_Init
 .text.UART_Enable
                0x00000f74       0x3c .\CortexM3\ARM_GCC_493\Debug\ADC+UART.a(UART.o)
                0x00000f74                UART_Enable
 .text.UART_Start
                0x00000fb0       0x1c .\CortexM3\ARM_GCC_493\Debug\ADC+UART.a(UART.o)
                0x00000fb0                UART_Start
 .text.UART_GetChar
                0x00000fcc       0x2c .\CortexM3\ARM_GCC_493\Debug\ADC+UART.a(UART.o)
                0x00000fcc                UART_GetChar
 .text.UART_PutChar
                0x00000ff8       0x18 .\CortexM3\ARM_GCC_493\Debug\ADC+UART.a(UART.o)
                0x00000ff8                UART_PutChar
 .text.UART_PutString
                0x00001010       0x24 .\CortexM3\ARM_GCC_493\Debug\ADC+UART.a(UART.o)
                0x00001010                UART_PutString
 .text.isrRX_SetVector
                0x00001034        0xc .\CortexM3\ARM_GCC_493\Debug\ADC+UART.a(isrRX.o)
                0x00001034                isrRX_SetVector
 .text.isrRX_SetPriority
                0x00001040       0x10 .\CortexM3\ARM_GCC_493\Debug\ADC+UART.a(isrRX.o)
                0x00001040                isrRX_SetPriority
 .text.isrRX_Enable
                0x00001050        0xc .\CortexM3\ARM_GCC_493\Debug\ADC+UART.a(isrRX.o)
                0x00001050                isrRX_Enable
 .text.isrRX_Disable
                0x0000105c        0xc .\CortexM3\ARM_GCC_493\Debug\ADC+UART.a(isrRX.o)
                0x0000105c                isrRX_Disable
 .text.isrRX_StartEx
                0x00001068       0x1c .\CortexM3\ARM_GCC_493\Debug\ADC+UART.a(isrRX.o)
                0x00001068                isrRX_StartEx
 .text.ADC_AMux_Start
                0x00001084       0x20 .\CortexM3\ARM_GCC_493\Debug\ADC+UART.a(ADC_AMux.o)
                0x00001084                ADC_AMux_Start
 .text.ADC_AMux_Select
                0x000010a4       0x18 .\CortexM3\ARM_GCC_493\Debug\ADC+UART.a(ADC_AMux.o)
                0x000010a4                ADC_AMux_Select
 .text.ADC_Ext_CP_Clk_GetDividerRegister
                0x000010bc        0xc .\CortexM3\ARM_GCC_493\Debug\ADC+UART.a(ADC_Ext_CP_Clk.o)
                0x000010bc                ADC_Ext_CP_Clk_GetDividerRegister
 .text.ADC_Ext_CP_Clk_SetModeRegister
                0x000010c8       0x14 .\CortexM3\ARM_GCC_493\Debug\ADC+UART.a(ADC_Ext_CP_Clk.o)
                0x000010c8                ADC_Ext_CP_Clk_SetModeRegister
 .text.ADC_Ext_CP_Clk_GetSourceRegister
                0x000010dc       0x10 .\CortexM3\ARM_GCC_493\Debug\ADC+UART.a(ADC_Ext_CP_Clk.o)
                0x000010dc                ADC_Ext_CP_Clk_GetSourceRegister
 .text.ADC_Ext_CP_Clk_SetDividerRegister
                0x000010ec       0xd8 .\CortexM3\ARM_GCC_493\Debug\ADC+UART.a(ADC_Ext_CP_Clk.o)
                0x000010ec                ADC_Ext_CP_Clk_SetDividerRegister
 .text.ADC_theACLK_GetDividerRegister
                0x000011c4        0xc .\CortexM3\ARM_GCC_493\Debug\ADC+UART.a(ADC_theACLK.o)
                0x000011c4                ADC_theACLK_GetDividerRegister
 .text.ADC_theACLK_SetModeRegister
                0x000011d0       0x14 .\CortexM3\ARM_GCC_493\Debug\ADC+UART.a(ADC_theACLK.o)
                0x000011d0                ADC_theACLK_SetModeRegister
 .text.ADC_theACLK_GetSourceRegister
                0x000011e4       0x10 .\CortexM3\ARM_GCC_493\Debug\ADC+UART.a(ADC_theACLK.o)
                0x000011e4                ADC_theACLK_GetSourceRegister
 .text.ADC_theACLK_SetDividerRegister
                0x000011f4       0xd8 .\CortexM3\ARM_GCC_493\Debug\ADC+UART.a(ADC_theACLK.o)
                0x000011f4                ADC_theACLK_SetDividerRegister
 .text.UART_IntClock_Start
                0x000012cc       0x1c .\CortexM3\ARM_GCC_493\Debug\ADC+UART.a(UART_IntClock.o)
                0x000012cc                UART_IntClock_Start
 .text.CyHalt   0x000012e8        0x4 .\CortexM3\ARM_GCC_493\Debug\ADC+UART.a(CyLib.o)
                0x000012e8                CyHalt
 .text.CyDelay  0x000012ec       0x2c .\CortexM3\ARM_GCC_493\Debug\ADC+UART.a(CyLib.o)
                0x000012ec                CyDelay
 .text.CyDelayUs
                0x00001318       0x14 .\CortexM3\ARM_GCC_493\Debug\ADC+UART.a(CyLib.o)
                0x00001318                CyDelayUs
 .text.CyIntSetVector
                0x0000132c       0x28 .\CortexM3\ARM_GCC_493\Debug\ADC+UART.a(CyLib.o)
                0x0000132c                CyIntSetVector
 .text.CyIntSetPriority
                0x00001354       0x30 .\CortexM3\ARM_GCC_493\Debug\ADC+UART.a(CyLib.o)
                0x00001354                CyIntSetPriority
 *fill*         0x00001384        0x4 
 .text          0x00001388       0x20 .\CortexM3\ARM_GCC_493\Debug\ADC+UART.a(CyBootAsmGnu.o)
                0x00001388                CyDelayCycles
                0x00001398                CyEnterCriticalSection
                0x000013a0                CyExitCriticalSection
 .text          0x000013a8      0x370 c:/program files (x86)/cypress/psoc creator/4.0/psoc creator/import/gnu/arm/4.9.3/bin/../lib/gcc/arm-none-eabi/4.9.3/armv7-m\libgcc.a(_arm_addsubdf3.o)
                0x000013a8                __aeabi_drsub
                0x000013b0                __aeabi_dsub
                0x000013b0                __subdf3
                0x000013b4                __aeabi_dadd
                0x000013b4                __adddf3
                0x0000162c                __floatunsidf
                0x0000162c                __aeabi_ui2d
                0x0000164c                __floatsidf
                0x0000164c                __aeabi_i2d
                0x00001670                __aeabi_f2d
                0x00001670                __extendsfdf2
                0x000016ac                __floatundidf
                0x000016ac                __aeabi_ul2d
                0x000016bc                __floatdidf
                0x000016bc                __aeabi_l2d
 .text          0x00001718      0x110 c:/program files (x86)/cypress/psoc creator/4.0/psoc creator/import/gnu/arm/4.9.3/bin/../lib/gcc/arm-none-eabi/4.9.3/armv7-m\libgcc.a(_arm_cmpdf2.o)
                0x00001718                __gtdf2
                0x00001718                __gedf2
                0x00001720                __ltdf2
                0x00001720                __ledf2
                0x00001728                __nedf2
                0x00001728                __eqdf2
                0x00001728                __cmpdf2
                0x000017a4                __aeabi_cdrcmple
                0x000017b4                __aeabi_cdcmpeq
                0x000017b4                __aeabi_cdcmple
                0x000017c4                __aeabi_dcmpeq
                0x000017d8                __aeabi_dcmplt
                0x000017ec                __aeabi_dcmple
                0x00001800                __aeabi_dcmpge
                0x00001814                __aeabi_dcmpgt
 .text          0x00001828      0x21c c:/program files (x86)/cypress/psoc creator/4.0/psoc creator/import/gnu/arm/4.9.3/bin/../lib/gcc/arm-none-eabi/4.9.3/armv7-m\libgcc.a(_arm_addsubsf3.o)
                0x00001828                __aeabi_frsub
                0x00001830                __subsf3
                0x00001830                __aeabi_fsub
                0x00001834                __aeabi_fadd
                0x00001834                __addsf3
                0x00001994                __aeabi_ui2f
                0x00001994                __floatunsisf
                0x0000199c                __aeabi_i2f
                0x0000199c                __floatsisf
                0x000019b8                __aeabi_ul2f
                0x000019b8                __floatundisf
                0x000019c8                __aeabi_l2f
                0x000019c8                __floatdisf
 .text          0x00001a44      0x2a0 c:/program files (x86)/cypress/psoc creator/4.0/psoc creator/import/gnu/arm/4.9.3/bin/../lib/gcc/arm-none-eabi/4.9.3/armv7-m\libgcc.a(_arm_muldivsf3.o)
                0x00001a44                __mulsf3
                0x00001a44                __aeabi_fmul
                0x00001bac                __aeabi_fdiv
                0x00001bac                __divsf3
 .text.__errno  0x00001ce4        0xc c:/program files (x86)/cypress/psoc creator/4.0/psoc creator/import/gnu/arm/4.9.3/bin/../lib/gcc/arm-none-eabi/4.9.3/../../../../arm-none-eabi/lib/armv7-m\libg_nano.a(lib_a-errno.o)
                0x00001ce4                __errno
 .text.__libc_init_array
                0x00001cf0       0x4c c:/program files (x86)/cypress/psoc creator/4.0/psoc creator/import/gnu/arm/4.9.3/bin/../lib/gcc/arm-none-eabi/4.9.3/../../../../arm-none-eabi/lib/armv7-m\libg_nano.a(lib_a-init.o)
                0x00001cf0                __libc_init_array
 .text.memcpy   0x00001d3c       0x16 c:/program files (x86)/cypress/psoc creator/4.0/psoc creator/import/gnu/arm/4.9.3/bin/../lib/gcc/arm-none-eabi/4.9.3/../../../../arm-none-eabi/lib/armv7-m\libg_nano.a(lib_a-memcpy.o)
                0x00001d3c                memcpy
 .text.memset   0x00001d52       0x10 c:/program files (x86)/cypress/psoc creator/4.0/psoc creator/import/gnu/arm/4.9.3/bin/../lib/gcc/arm-none-eabi/4.9.3/../../../../arm-none-eabi/lib/armv7-m\libg_nano.a(lib_a-memset.o)
                0x00001d52                memset
 .text.__cvt    0x00001d62       0xbc c:/program files (x86)/cypress/psoc creator/4.0/psoc creator/import/gnu/arm/4.9.3/bin/../lib/gcc/arm-none-eabi/4.9.3/../../../../arm-none-eabi/lib/armv7-m\libg_nano.a(lib_a-nano-vfprintf_float.o)
                0x00001d62                __cvt
 .text.__exponent
                0x00001e1e       0x62 c:/program files (x86)/cypress/psoc creator/4.0/psoc creator/import/gnu/arm/4.9.3/bin/../lib/gcc/arm-none-eabi/4.9.3/../../../../arm-none-eabi/lib/armv7-m\libg_nano.a(lib_a-nano-vfprintf_float.o)
                0x00001e1e                __exponent
 .text._printf_float
                0x00001e80      0x48c c:/program files (x86)/cypress/psoc creator/4.0/psoc creator/import/gnu/arm/4.9.3/bin/../lib/gcc/arm-none-eabi/4.9.3/../../../../arm-none-eabi/lib/armv7-m\libg_nano.a(lib_a-nano-vfprintf_float.o)
                0x00001e80                _printf_float
 .text._printf_common
                0x0000230c       0xea c:/program files (x86)/cypress/psoc creator/4.0/psoc creator/import/gnu/arm/4.9.3/bin/../lib/gcc/arm-none-eabi/4.9.3/../../../../arm-none-eabi/lib/armv7-m\libg_nano.a(lib_a-nano-vfprintf_i.o)
                0x0000230c                _printf_common
 *fill*         0x000023f6        0x2 
 .text._printf_i
                0x000023f8      0x240 c:/program files (x86)/cypress/psoc creator/4.0/psoc creator/import/gnu/arm/4.9.3/bin/../lib/gcc/arm-none-eabi/4.9.3/../../../../arm-none-eabi/lib/armv7-m\libg_nano.a(lib_a-nano-vfprintf_i.o)
                0x000023f8                _printf_i
 .text.__fpclassifyd
                0x00002638       0x50 c:/program files (x86)/cypress/psoc creator/4.0/psoc creator/import/gnu/arm/4.9.3/bin/../lib/gcc/arm-none-eabi/4.9.3/../../../../arm-none-eabi/lib/armv7-m\libg_nano.a(lib_a-s_fpclassify.o)
                0x00002638                __fpclassifyd
 .text.sprintf  0x00002688       0x48 c:/program files (x86)/cypress/psoc creator/4.0/psoc creator/import/gnu/arm/4.9.3/bin/../lib/gcc/arm-none-eabi/4.9.3/../../../../arm-none-eabi/lib/armv7-m\libg_nano.a(lib_a-sprintf.o)
                0x00002688                siprintf
                0x00002688                sprintf
 .text.strlen   0x000026d0       0x10 c:/program files (x86)/cypress/psoc creator/4.0/psoc creator/import/gnu/arm/4.9.3/bin/../lib/gcc/arm-none-eabi/4.9.3/../../../../arm-none-eabi/lib/armv7-m\libg_nano.a(lib_a-strlen.o)
                0x000026d0                strlen
 .text.quorem   0x000026e0      0x114 c:/program files (x86)/cypress/psoc creator/4.0/psoc creator/import/gnu/arm/4.9.3/bin/../lib/gcc/arm-none-eabi/4.9.3/../../../../arm-none-eabi/lib/armv7-m\libg_nano.a(lib_a-dtoa.o)
 *fill*         0x000027f4        0x4 
 .text._dtoa_r  0x000027f8      0xb78 c:/program files (x86)/cypress/psoc creator/4.0/psoc creator/import/gnu/arm/4.9.3/bin/../lib/gcc/arm-none-eabi/4.9.3/../../../../arm-none-eabi/lib/armv7-m\libg_nano.a(lib_a-dtoa.o)
                0x000027f8                _dtoa_r
 .text._localeconv_r
                0x00003370        0x8 c:/program files (x86)/cypress/psoc creator/4.0/psoc creator/import/gnu/arm/4.9.3/bin/../lib/gcc/arm-none-eabi/4.9.3/../../../../arm-none-eabi/lib/armv7-m\libg_nano.a(lib_a-locale.o)
                0x00003370                _localeconv_r
 .text.malloc   0x00003378       0x10 c:/program files (x86)/cypress/psoc creator/4.0/psoc creator/import/gnu/arm/4.9.3/bin/../lib/gcc/arm-none-eabi/4.9.3/../../../../arm-none-eabi/lib/armv7-m\libg_nano.a(lib_a-malloc.o)
                0x00003378                malloc
 .text.memchr   0x00003388       0x1c c:/program files (x86)/cypress/psoc creator/4.0/psoc creator/import/gnu/arm/4.9.3/bin/../lib/gcc/arm-none-eabi/4.9.3/../../../../arm-none-eabi/lib/armv7-m\libg_nano.a(lib_a-memchr.o)
                0x00003388                memchr
 .text._Balloc  0x000033a4       0x6a c:/program files (x86)/cypress/psoc creator/4.0/psoc creator/import/gnu/arm/4.9.3/bin/../lib/gcc/arm-none-eabi/4.9.3/../../../../arm-none-eabi/lib/armv7-m\libg_nano.a(lib_a-mprec.o)
                0x000033a4                _Balloc
 .text._Bfree   0x0000340e       0x2e c:/program files (x86)/cypress/psoc creator/4.0/psoc creator/import/gnu/arm/4.9.3/bin/../lib/gcc/arm-none-eabi/4.9.3/../../../../arm-none-eabi/lib/armv7-m\libg_nano.a(lib_a-mprec.o)
                0x0000340e                _Bfree
 .text.__multadd
                0x0000343c       0x7c c:/program files (x86)/cypress/psoc creator/4.0/psoc creator/import/gnu/arm/4.9.3/bin/../lib/gcc/arm-none-eabi/4.9.3/../../../../arm-none-eabi/lib/armv7-m\libg_nano.a(lib_a-mprec.o)
                0x0000343c                __multadd
 .text.__hi0bits
                0x000034b8       0x40 c:/program files (x86)/cypress/psoc creator/4.0/psoc creator/import/gnu/arm/4.9.3/bin/../lib/gcc/arm-none-eabi/4.9.3/../../../../arm-none-eabi/lib/armv7-m\libg_nano.a(lib_a-mprec.o)
                0x000034b8                __hi0bits
 .text.__lo0bits
                0x000034f8       0x5a c:/program files (x86)/cypress/psoc creator/4.0/psoc creator/import/gnu/arm/4.9.3/bin/../lib/gcc/arm-none-eabi/4.9.3/../../../../arm-none-eabi/lib/armv7-m\libg_nano.a(lib_a-mprec.o)
                0x000034f8                __lo0bits
 .text.__i2b    0x00003552       0x12 c:/program files (x86)/cypress/psoc creator/4.0/psoc creator/import/gnu/arm/4.9.3/bin/../lib/gcc/arm-none-eabi/4.9.3/../../../../arm-none-eabi/lib/armv7-m\libg_nano.a(lib_a-mprec.o)
                0x00003552                __i2b
 .text.__multiply
                0x00003564      0x120 c:/program files (x86)/cypress/psoc creator/4.0/psoc creator/import/gnu/arm/4.9.3/bin/../lib/gcc/arm-none-eabi/4.9.3/../../../../arm-none-eabi/lib/armv7-m\libg_nano.a(lib_a-mprec.o)
                0x00003564                __multiply
 .text.__pow5mult
                0x00003684       0x9c c:/program files (x86)/cypress/psoc creator/4.0/psoc creator/import/gnu/arm/4.9.3/bin/../lib/gcc/arm-none-eabi/4.9.3/../../../../arm-none-eabi/lib/armv7-m\libg_nano.a(lib_a-mprec.o)
                0x00003684                __pow5mult
 .text.__lshift
                0x00003720       0xa6 c:/program files (x86)/cypress/psoc creator/4.0/psoc creator/import/gnu/arm/4.9.3/bin/../lib/gcc/arm-none-eabi/4.9.3/../../../../arm-none-eabi/lib/armv7-m\libg_nano.a(lib_a-mprec.o)
                0x00003720                __lshift
 .text.__mcmp   0x000037c6       0x38 c:/program files (x86)/cypress/psoc creator/4.0/psoc creator/import/gnu/arm/4.9.3/bin/../lib/gcc/arm-none-eabi/4.9.3/../../../../arm-none-eabi/lib/armv7-m\libg_nano.a(lib_a-mprec.o)
                0x000037c6                __mcmp
 .text.__mdiff  0x000037fe       0xbe c:/program files (x86)/cypress/psoc creator/4.0/psoc creator/import/gnu/arm/4.9.3/bin/../lib/gcc/arm-none-eabi/4.9.3/../../../../arm-none-eabi/lib/armv7-m\libg_nano.a(lib_a-mprec.o)
                0x000037fe                __mdiff
 .text.__d2b    0x000038bc       0xa4 c:/program files (x86)/cypress/psoc creator/4.0/psoc creator/import/gnu/arm/4.9.3/bin/../lib/gcc/arm-none-eabi/4.9.3/../../../../arm-none-eabi/lib/armv7-m\libg_nano.a(lib_a-mprec.o)
                0x000038bc                __d2b
 .text._calloc_r
                0x00003960       0x1c c:/program files (x86)/cypress/psoc creator/4.0/psoc creator/import/gnu/arm/4.9.3/bin/../lib/gcc/arm-none-eabi/4.9.3/../../../../arm-none-eabi/lib/armv7-m\libg_nano.a(lib_a-nano-callocr.o)
                0x00003960                _calloc_r
 .text._free_r  0x0000397c       0x88 c:/program files (x86)/cypress/psoc creator/4.0/psoc creator/import/gnu/arm/4.9.3/bin/../lib/gcc/arm-none-eabi/4.9.3/../../../../arm-none-eabi/lib/armv7-m\libg_nano.a(lib_a-nano-freer.o)
                0x0000397c                _free_r
 .text._malloc_r
                0x00003a04       0xac c:/program files (x86)/cypress/psoc creator/4.0/psoc creator/import/gnu/arm/4.9.3/bin/../lib/gcc/arm-none-eabi/4.9.3/../../../../arm-none-eabi/lib/armv7-m\libg_nano.a(lib_a-nano-mallocr.o)
                0x00003a04                _malloc_r
 .text.__ssputs_r
                0x00003ab0       0xb2 c:/program files (x86)/cypress/psoc creator/4.0/psoc creator/import/gnu/arm/4.9.3/bin/../lib/gcc/arm-none-eabi/4.9.3/../../../../arm-none-eabi/lib/armv7-m\libg_nano.a(lib_a-nano-svfprintf.o)
                0x00003ab0                __ssputs_r
 *fill*         0x00003b62        0x2 
 .text._svfprintf_r
                0x00003b64      0x1e4 c:/program files (x86)/cypress/psoc creator/4.0/psoc creator/import/gnu/arm/4.9.3/bin/../lib/gcc/arm-none-eabi/4.9.3/../../../../arm-none-eabi/lib/armv7-m\libg_nano.a(lib_a-nano-svfprintf.o)
                0x00003b64                _svfiprintf_r
                0x00003b64                _svfprintf_r
 .text._sbrk_r  0x00003d48       0x20 c:/program files (x86)/cypress/psoc creator/4.0/psoc creator/import/gnu/arm/4.9.3/bin/../lib/gcc/arm-none-eabi/4.9.3/../../../../arm-none-eabi/lib/armv7-m\libg_nano.a(lib_a-sbrkr.o)
                0x00003d48                _sbrk_r
 .text.memmove  0x00003d68       0x36 c:/program files (x86)/cypress/psoc creator/4.0/psoc creator/import/gnu/arm/4.9.3/bin/../lib/gcc/arm-none-eabi/4.9.3/../../../../arm-none-eabi/lib/armv7-m\libg_nano.a(lib_a-memmove.o)
                0x00003d68                memmove
 .text._realloc_r
                0x00003d9e       0x4c c:/program files (x86)/cypress/psoc creator/4.0/psoc creator/import/gnu/arm/4.9.3/bin/../lib/gcc/arm-none-eabi/4.9.3/../../../../arm-none-eabi/lib/armv7-m\libg_nano.a(lib_a-nano-reallocr.o)
                0x00003d9e                _realloc_r
 .text._malloc_usable_size_r
                0x00003dea       0x14 c:/program files (x86)/cypress/psoc creator/4.0/psoc creator/import/gnu/arm/4.9.3/bin/../lib/gcc/arm-none-eabi/4.9.3/../../../../arm-none-eabi/lib/armv7-m\libg_nano.a(lib_a-nano-msizer.o)
                0x00003dea                _malloc_usable_size_r
 *fill*         0x00003dfe        0x2 
 .text          0x00003e00      0x424 c:/program files (x86)/cypress/psoc creator/4.0/psoc creator/import/gnu/arm/4.9.3/bin/../lib/gcc/arm-none-eabi/4.9.3/armv7-m\libgcc.a(_arm_muldivdf3.o)
                0x00003e00                __aeabi_dmul
                0x00003e00                __muldf3
                0x00004054                __divdf3
                0x00004054                __aeabi_ddiv
 .text          0x00004224       0x50 c:/program files (x86)/cypress/psoc creator/4.0/psoc creator/import/gnu/arm/4.9.3/bin/../lib/gcc/arm-none-eabi/4.9.3/armv7-m\libgcc.a(_arm_fixdfsi.o)
                0x00004224                __aeabi_d2iz
                0x00004224                __fixdfsi
 *(.plt)
 *(.gnu.warning)
 *(.glue_7t)
 .glue_7t       0x00000000        0x0 linker stubs
 *(.glue_7)
 .glue_7        0x00000000        0x0 linker stubs
 *(.vfp11_veneer)
 .vfp11_veneer  0x00000000        0x0 linker stubs
 *(.bootloader)
 *(.ARM.extab* .gnu.linkonce.armextab.*)
 *(.gcc_except_table)

.v4_bx          0x00004274        0x0
 .v4_bx         0x00000000        0x0 linker stubs

.iplt           0x00004274        0x0
 .iplt          0x00000000        0x0 c:/program files (x86)/cypress/psoc creator/4.0/psoc creator/import/gnu/arm/4.9.3/bin/../lib/gcc/arm-none-eabi/4.9.3/armv7-m/crtbegin.o

.eh_frame_hdr
 *(.eh_frame_hdr)

.eh_frame       0x00004274        0x4
 *(.eh_frame)
 .eh_frame      0x00004274        0x0 c:/program files (x86)/cypress/psoc creator/4.0/psoc creator/import/gnu/arm/4.9.3/bin/../lib/gcc/arm-none-eabi/4.9.3/armv7-m/crtbegin.o
 .eh_frame      0x00004274        0x0 c:/program files (x86)/cypress/psoc creator/4.0/psoc creator/import/gnu/arm/4.9.3/bin/../lib/gcc/arm-none-eabi/4.9.3/../../../../arm-none-eabi/lib/armv7-m\libg_nano.a(lib_a-strcmp.o)
                                 0x28 (size before relaxing)
 .eh_frame      0x00004274        0x4 c:/program files (x86)/cypress/psoc creator/4.0/psoc creator/import/gnu/arm/4.9.3/bin/../lib/gcc/arm-none-eabi/4.9.3/armv7-m/crtend.o
                0x00004278                PROVIDE (__exidx_start, .)

.ARM.exidx
 *(.ARM.exidx* .gnu.linkonce.armexidx.*)
                0x00004278                __exidx_end = .

.rodata         0x00004278      0x238
 *(.rodata .rodata.* .gnu.linkonce.r.*)
 .rodata.str1.4
                0x00004278       0x48 .\CortexM3\ARM_GCC_493\Debug\main.o
 .rodata        0x000042c0       0x5c .\CortexM3\ARM_GCC_493\Debug\ADC+UART.a(cyfitter_cfg.o)
                0x000042c0                AMux__addrTable
                0x000042d8                AMux__maskTable
                0x000042e0                ADC_AMux__addrTable
                0x000042e8                ADC_AMux__maskTable
 .rodata.str1.1
                0x0000431c        0x2 c:/program files (x86)/cypress/psoc creator/4.0/psoc creator/import/gnu/arm/4.9.3/bin/../lib/gcc/arm-none-eabi/4.9.3/../../../../arm-none-eabi/lib/armv7-m\libg_nano.a(lib_a-impure.o)
 .rodata.str1.1
                0x0000431e       0x12 c:/program files (x86)/cypress/psoc creator/4.0/psoc creator/import/gnu/arm/4.9.3/bin/../lib/gcc/arm-none-eabi/4.9.3/../../../../arm-none-eabi/lib/armv7-m\libg_nano.a(lib_a-nano-vfprintf_float.o)
 .rodata.str1.1
                0x00004330       0x22 c:/program files (x86)/cypress/psoc creator/4.0/psoc creator/import/gnu/arm/4.9.3/bin/../lib/gcc/arm-none-eabi/4.9.3/../../../../arm-none-eabi/lib/armv7-m\libg_nano.a(lib_a-nano-vfprintf_i.o)
 .rodata.str1.1
                0x00004352        0xd c:/program files (x86)/cypress/psoc creator/4.0/psoc creator/import/gnu/arm/4.9.3/bin/../lib/gcc/arm-none-eabi/4.9.3/../../../../arm-none-eabi/lib/armv7-m\libg_nano.a(lib_a-dtoa.o)
                                  0xf (size before relaxing)
 .rodata.str1.1
                0x0000435f        0x8 c:/program files (x86)/cypress/psoc creator/4.0/psoc creator/import/gnu/arm/4.9.3/bin/../lib/gcc/arm-none-eabi/4.9.3/../../../../arm-none-eabi/lib/armv7-m\libg_nano.a(lib_a-locale.o)
                                  0xb (size before relaxing)
 *fill*         0x00004367        0x1 
 .rodata.__mprec_tens
                0x00004368       0xc8 c:/program files (x86)/cypress/psoc creator/4.0/psoc creator/import/gnu/arm/4.9.3/bin/../lib/gcc/arm-none-eabi/4.9.3/../../../../arm-none-eabi/lib/armv7-m\libg_nano.a(lib_a-mprec.o)
                0x00004368                __mprec_tens
 .rodata.__mprec_bigtens
                0x00004430       0x28 c:/program files (x86)/cypress/psoc creator/4.0/psoc creator/import/gnu/arm/4.9.3/bin/../lib/gcc/arm-none-eabi/4.9.3/../../../../arm-none-eabi/lib/armv7-m\libg_nano.a(lib_a-mprec.o)
                0x00004430                __mprec_bigtens
 .rodata.p05.5308
                0x00004458        0xc c:/program files (x86)/cypress/psoc creator/4.0/psoc creator/import/gnu/arm/4.9.3/bin/../lib/gcc/arm-none-eabi/4.9.3/../../../../arm-none-eabi/lib/armv7-m\libg_nano.a(lib_a-mprec.o)
 .rodata.str1.1
                0x00004464       0x11 c:/program files (x86)/cypress/psoc creator/4.0/psoc creator/import/gnu/arm/4.9.3/bin/../lib/gcc/arm-none-eabi/4.9.3/../../../../arm-none-eabi/lib/armv7-m\libg_nano.a(lib_a-nano-svfprintf.o)
                0x00004478                . = ALIGN (0x4)
 *fill*         0x00004475        0x3 
 *(.init)
 .init          0x00004478        0x4 c:/program files (x86)/cypress/psoc creator/4.0/psoc creator/import/gnu/arm/4.9.3/bin/../lib/gcc/arm-none-eabi/4.9.3/armv7-m/crti.o
                0x00004478                _init
 .init          0x0000447c        0x8 c:/program files (x86)/cypress/psoc creator/4.0/psoc creator/import/gnu/arm/4.9.3/bin/../lib/gcc/arm-none-eabi/4.9.3/armv7-m/crtn.o
                0x00004484                . = ALIGN (0x4)
                0x00004484                __preinit_array_start = .
 *(.preinit_array)
                0x00004484                __preinit_array_end = .
                0x00004484                . = ALIGN (0x4)
                0x00004484                __init_array_start = .
 *(SORT(.init_array.*))
 *(.init_array)
 .init_array    0x00004484        0x4 c:/program files (x86)/cypress/psoc creator/4.0/psoc creator/import/gnu/arm/4.9.3/bin/../lib/gcc/arm-none-eabi/4.9.3/armv7-m/crtbegin.o
 .init_array    0x00004488        0x4 .\CortexM3\ARM_GCC_493\Debug\Cm3Start.o
                0x0000448c                __init_array_end = .
                0x0000448c                . = ALIGN (0x4)
 *(.fini)
 .fini          0x0000448c        0x4 c:/program files (x86)/cypress/psoc creator/4.0/psoc creator/import/gnu/arm/4.9.3/bin/../lib/gcc/arm-none-eabi/4.9.3/armv7-m/crti.o
                0x0000448c                _fini
 .fini          0x00004490        0x8 c:/program files (x86)/cypress/psoc creator/4.0/psoc creator/import/gnu/arm/4.9.3/bin/../lib/gcc/arm-none-eabi/4.9.3/armv7-m/crtn.o
                0x00004498                . = ALIGN (0x4)
                0x00004498                __fini_array_start = .
 *(.fini_array)
 .fini_array    0x00004498        0x4 c:/program files (x86)/cypress/psoc creator/4.0/psoc creator/import/gnu/arm/4.9.3/bin/../lib/gcc/arm-none-eabi/4.9.3/armv7-m/crtbegin.o
 *(SORT(.fini_array.*))
                0x0000449c                __fini_array_end = .
                0x0000449c                . = ALIGN (0x4)
 *crtbegin.o(.ctors)
 *(EXCLUDE_FILE(*crtend.o) .ctors)
 *(SORT(.ctors.*))
 *crtend.o(.ctors)
                0x0000449c                . = ALIGN (0x4)
 *crtbegin.o(.dtors)
 *(EXCLUDE_FILE(*crtend.o) .dtors)
 *(SORT(.dtors.*))
 *crtend.o(.dtors)
                0x0000449c                . = ALIGN (0x4)
                0x0000449c                __cy_regions = .
                0x0000449c        0x4 LONG 0x44b0 __cy_region_init_ram
                0x000044a0        0x4 LONG 0x1fff8108 __cy_region_start_data
                0x000044a4        0x4 LONG 0xb8 __cy_region_init_size_ram
                0x000044a8        0x4 LONG 0x78 __cy_region_zero_size_ram
                0x000044ac                __cy_regions_end = .
                0x000044b0                . = ALIGN (0x8)
 *fill*         0x000044ac        0x4 
                0x000044b0                _etext = .

.cy_checksum_exclude
                0x000044b0        0x0
 *(.cy_checksum_exclude)

.ramvectors     0x1fff8000      0x100
                0x1fff8000                __cy_region_start_ram = .
 *(.ramvectors)
 .ramvectors    0x1fff8000      0x100 .\CortexM3\ARM_GCC_493\Debug\Cm3Start.o
                0x1fff8000                CyRamVectors

.noinit         0x1fff8100        0x5
 *(.noinit)
 .noinit        0x1fff8100        0x4 .\CortexM3\ARM_GCC_493\Debug\Cm3Start.o
 .noinit        0x1fff8104        0x1 .\CortexM3\ARM_GCC_493\Debug\ADC+UART.a(CyLib.o)
                0x1fff8104                CyResetStatus

.data           0x1fff8108       0xb8 load address 0x000044b0
                0x1fff8108                __cy_region_start_data = .
 *(.jcr)
 .jcr           0x1fff8108        0x0 c:/program files (x86)/cypress/psoc creator/4.0/psoc creator/import/gnu/arm/4.9.3/bin/../lib/gcc/arm-none-eabi/4.9.3/armv7-m/crtbegin.o
 .jcr           0x1fff8108        0x4 c:/program files (x86)/cypress/psoc creator/4.0/psoc creator/import/gnu/arm/4.9.3/bin/../lib/gcc/arm-none-eabi/4.9.3/armv7-m/crtend.o
 *(.got.plt)
 *(.got)
 *(.shdata)
 *(.data .data.* .gnu.linkonce.d.*)
 .data          0x1fff810c        0x4 .\CortexM3\ARM_GCC_493\Debug\Cm3Start.o
 .data          0x1fff8110        0x1 .\CortexM3\ARM_GCC_493\Debug\ADC+UART.a(ADC.o)
                0x1fff8110                ADC_Config
 .data          0x1fff8111        0x1 .\CortexM3\ARM_GCC_493\Debug\ADC+UART.a(AMux.o)
 .data          0x1fff8112        0x1 .\CortexM3\ARM_GCC_493\Debug\ADC+UART.a(ADC_AMux.o)
 *fill*         0x1fff8113        0x1 
 .data          0x1fff8114       0x10 .\CortexM3\ARM_GCC_493\Debug\ADC+UART.a(CyLib.o)
                0x1fff8114                cydelay_32k_ms
                0x1fff8118                cydelay_freq_khz
                0x1fff811c                cydelay_freq_mhz
                0x1fff8120                cydelay_freq_hz
 .data.impure_data
                0x1fff8124       0x60 c:/program files (x86)/cypress/psoc creator/4.0/psoc creator/import/gnu/arm/4.9.3/bin/../lib/gcc/arm-none-eabi/4.9.3/../../../../arm-none-eabi/lib/armv7-m\libg_nano.a(lib_a-impure.o)
 .data._impure_ptr
                0x1fff8184        0x4 c:/program files (x86)/cypress/psoc creator/4.0/psoc creator/import/gnu/arm/4.9.3/bin/../lib/gcc/arm-none-eabi/4.9.3/../../../../arm-none-eabi/lib/armv7-m\libg_nano.a(lib_a-impure.o)
                0x1fff8184                _impure_ptr
 .data.lconv    0x1fff8188       0x38 c:/program files (x86)/cypress/psoc creator/4.0/psoc creator/import/gnu/arm/4.9.3/bin/../lib/gcc/arm-none-eabi/4.9.3/../../../../arm-none-eabi/lib/armv7-m\libg_nano.a(lib_a-locale.o)
                0x1fff81c0                . = ALIGN (0x8)
 *(.ram)
                0x1fff81c0                _edata = .

.igot.plt       0x1fff81c0        0x0 load address 0x00004568
 .igot.plt      0x00000000        0x0 c:/program files (x86)/cypress/psoc creator/4.0/psoc creator/import/gnu/arm/4.9.3/bin/../lib/gcc/arm-none-eabi/4.9.3/armv7-m/crtbegin.o

.bss            0x1fff81c0       0x78 load address 0x00004568
                0x1fff81c0                PROVIDE (__bss_start__, .)
 *(.shbss)
 *(.bss .bss.* .gnu.linkonce.b.*)
 .bss           0x1fff81c0       0x1c c:/program files (x86)/cypress/psoc creator/4.0/psoc creator/import/gnu/arm/4.9.3/bin/../lib/gcc/arm-none-eabi/4.9.3/armv7-m/crtbegin.o
 .bss           0x1fff81dc        0x4 .\CortexM3\ARM_GCC_493\Debug\main.o
                0x1fff81dc                canal
 .bss           0x1fff81e0        0x2 .\CortexM3\ARM_GCC_493\Debug\ADC+UART.a(LCD.o)
                0x1fff81e0                LCD_enableState
                0x1fff81e1                LCD_initVar
 *fill*         0x1fff81e2        0x2 
 .bss           0x1fff81e4        0x8 .\CortexM3\ARM_GCC_493\Debug\ADC+UART.a(ADC.o)
                0x1fff81e8                ADC_stopConversion
                0x1fff81e9                ADC_convDone
                0x1fff81ea                ADC_initVar
                0x1fff81eb                ADC_started
 .bss           0x1fff81ec        0x1 .\CortexM3\ARM_GCC_493\Debug\ADC+UART.a(PWM.o)
                0x1fff81ec                PWM_initVar
 .bss           0x1fff81ed        0x2 .\CortexM3\ARM_GCC_493\Debug\ADC+UART.a(UART.o)
                0x1fff81ed                UART_initVar
 *fill*         0x1fff81ef        0x1 
 .bss.__malloc_sbrk_start
                0x1fff81f0        0x4 c:/program files (x86)/cypress/psoc creator/4.0/psoc creator/import/gnu/arm/4.9.3/bin/../lib/gcc/arm-none-eabi/4.9.3/../../../../arm-none-eabi/lib/armv7-m\libg_nano.a(lib_a-nano-mallocr.o)
                0x1fff81f0                __malloc_sbrk_start
 .bss.__malloc_free_list
                0x1fff81f4        0x4 c:/program files (x86)/cypress/psoc creator/4.0/psoc creator/import/gnu/arm/4.9.3/bin/../lib/gcc/arm-none-eabi/4.9.3/../../../../arm-none-eabi/lib/armv7-m\libg_nano.a(lib_a-nano-mallocr.o)
                0x1fff81f4                __malloc_free_list
 *(COMMON)
 COMMON         0x1fff81f8       0x34 .\CortexM3\ARM_GCC_493\Debug\main.o
                0x1fff81f8                recibir
                0x1fff81fc                enteros
                0x1fff8208                VoltsADC
                0x1fff8214                str
                0x1fff8220                str2
 COMMON         0x1fff822c        0x8 .\CortexM3\ARM_GCC_493\Debug\ADC+UART.a(ADC.o)
                0x1fff822c                ADC_Offset
                0x1fff8230                ADC_CountsPerVolt
 COMMON         0x1fff8234        0x4 c:/program files (x86)/cypress/psoc creator/4.0/psoc creator/import/gnu/arm/4.9.3/bin/../lib/gcc/arm-none-eabi/4.9.3/../../../../arm-none-eabi/lib/armv7-m\libg_nano.a(lib_a-reent.o)
                0x1fff8234                errno
                0x1fff8238                . = ALIGN (0x8)
 *(.ram.b)
                0x1fff8238                _end = .
                0x1fff8238                __end = .
                0x1fff8238                PROVIDE (end, .)
                0x1fff8238                PROVIDE (__bss_end__, .)
                0x000044b0                __cy_region_init_ram = LOADADDR (.data)
                0x000000b8                __cy_region_init_size_ram = (_edata - ADDR (.data))
                0x00000078                __cy_region_zero_size_ram = (_end - _edata)

.heap           0x1fff8238      0x200 load address 0x00004568
                0x1fff8238                . = _end
                0x1fff8438                . = (. + 0x200)
 *fill*         0x1fff8238      0x200 
                0x1fff8438                __cy_heap_limit = .

.stack          0x20007800      0x800
                0x20007800                __cy_stack_limit = .
                0x20008000                . = (. + 0x800)
 *fill*         0x20007800      0x800 
                0x00000001                ASSERT ((__cy_stack_limit >= __cy_heap_limit), region RAM overflowed with stack)
                0x00000000                cy_checksum_exclude_size = (CY_APPL_LOADABLE == 0x1)?SIZEOF (.cy_checksum_exclude):0x0
                0x00000001                ASSERT ((cy_checksum_exclude_size <= CY_CHECKSUM_EXCLUDE_SIZE), CY_BOOT: Section .cy_checksum_exclude size exceedes specified limit.)

.cyloadermeta
 *(.cyloadermeta)

.cyloadablemeta
 *(.cyloadablemeta)

.cyconfigecc    0x80000000      0x500
 *(.cyconfigecc)
 .cyconfigecc   0x80000000      0x500 .\CortexM3\ARM_GCC_493\Debug\cymetadata.o
                0x80000000                cy_meta_configecc

.cycustnvl      0x90000000        0x4
 *(.cycustnvl)
 .cycustnvl     0x90000000        0x4 .\CortexM3\ARM_GCC_493\Debug\cymetadata.o
                0x90000000                cy_meta_custnvl

.cywolatch      0x90100000        0x4
 *(.cywolatch)
 .cywolatch     0x90100000        0x4 .\CortexM3\ARM_GCC_493\Debug\cymetadata.o
                0x90100000                cy_meta_wonvl

.cyeeprom       0x90200000        0x0
 *(.cyeeprom)
                0x00000001                ASSERT ((. <= ((0x90200000 + ee_offset) + ee_size)), .cyeeprom data will not fit in EEPROM)

.cyflashprotect
                0x90400000      0x100
 *(.cyflashprotect)
 .cyflashprotect
                0x90400000      0x100 .\CortexM3\ARM_GCC_493\Debug\cymetadata.o
                0x90400000                cy_meta_flashprotect

.cymeta         0x90500000        0xc
 *(.cymeta)
 .cymeta        0x90500000        0xc .\CortexM3\ARM_GCC_493\Debug\cymetadata.o
                0x90500000                cy_metadata

.rel.dyn        0x00004568        0x0 load address 0x9050000c
 .rel.iplt      0x00000000        0x0 c:/program files (x86)/cypress/psoc creator/4.0/psoc creator/import/gnu/arm/4.9.3/bin/../lib/gcc/arm-none-eabi/4.9.3/armv7-m/crtbegin.o

.stab
 *(.stab)

.stabstr
 *(.stabstr)

.debug
 *(.debug)

.line
 *(.line)

.debug_srcinfo
 *(.debug_srcinfo)

.debug_sfnames
 *(.debug_sfnames)

.debug_aranges  0x00000000      0xb50
 *(.debug_aranges)
 .debug_aranges
                0x00000000       0x30 .\CortexM3\ARM_GCC_493\Debug\main.o
 .debug_aranges
                0x00000030       0x18 .\CortexM3\ARM_GCC_493\Debug\cymetadata.o
 .debug_aranges
                0x00000048       0x48 .\CortexM3\ARM_GCC_493\Debug\Cm3Start.o
 .debug_aranges
                0x00000090       0x78 .\CortexM3\ARM_GCC_493\Debug\ADC+UART.a(cyfitter_cfg.o)
 .debug_aranges
                0x00000108       0x90 .\CortexM3\ARM_GCC_493\Debug\ADC+UART.a(LCD.o)
 .debug_aranges
                0x00000198       0xe8 .\CortexM3\ARM_GCC_493\Debug\ADC+UART.a(ADC.o)
 .debug_aranges
                0x00000280       0x38 .\CortexM3\ARM_GCC_493\Debug\ADC+UART.a(ADC_INT.o)
 .debug_aranges
                0x000002b8       0x30 .\CortexM3\ARM_GCC_493\Debug\ADC+UART.a(AMux.o)
 .debug_aranges
                0x000002e8       0x98 .\CortexM3\ARM_GCC_493\Debug\ADC+UART.a(PWM.o)
 .debug_aranges
                0x00000380       0x80 .\CortexM3\ARM_GCC_493\Debug\ADC+UART.a(isrEnvio.o)
 .debug_aranges
                0x00000400       0xf0 .\CortexM3\ARM_GCC_493\Debug\ADC+UART.a(UART.o)
 .debug_aranges
                0x000004f0       0x80 .\CortexM3\ARM_GCC_493\Debug\ADC+UART.a(isrRX.o)
 .debug_aranges
                0x00000570       0x30 .\CortexM3\ARM_GCC_493\Debug\ADC+UART.a(ADC_AMux.o)
 .debug_aranges
                0x000005a0       0x70 .\CortexM3\ARM_GCC_493\Debug\ADC+UART.a(ADC_Ext_CP_Clk.o)
 .debug_aranges
                0x00000610       0x80 .\CortexM3\ARM_GCC_493\Debug\ADC+UART.a(ADC_theACLK.o)
 .debug_aranges
                0x00000690       0x70 .\CortexM3\ARM_GCC_493\Debug\ADC+UART.a(UART_IntClock.o)
 .debug_aranges
                0x00000700      0x2a0 .\CortexM3\ARM_GCC_493\Debug\ADC+UART.a(CyLib.o)
 .debug_aranges
                0x000009a0       0x98 .\CortexM3\ARM_GCC_493\Debug\ADC+UART.a(cyPm.o)
 .debug_aranges
                0x00000a38       0x20 .\CortexM3\ARM_GCC_493\Debug\ADC+UART.a(CyBootAsmGnu.o)
 .debug_aranges
                0x00000a58       0x80 .\CortexM3\ARM_GCC_493\Debug\ADC+UART.a(CyFlash.o)
 .debug_aranges
                0x00000ad8       0x78 .\CortexM3\ARM_GCC_493\Debug\ADC+UART.a(CySpc.o)

.debug_pubnames
 *(.debug_pubnames)

.debug_info     0x00000000     0x6752
 *(.debug_info .gnu.linkonce.wi.*)
 .debug_info    0x00000000      0x649 .\CortexM3\ARM_GCC_493\Debug\main.o
 .debug_info    0x00000649      0x13c .\CortexM3\ARM_GCC_493\Debug\cymetadata.o
 .debug_info    0x00000785      0x3b3 .\CortexM3\ARM_GCC_493\Debug\Cm3Start.o
 .debug_info    0x00000b38      0x76d .\CortexM3\ARM_GCC_493\Debug\ADC+UART.a(cyfitter_cfg.o)
 .debug_info    0x000012a5      0x6a2 .\CortexM3\ARM_GCC_493\Debug\ADC+UART.a(LCD.o)
 .debug_info    0x00001947      0xa79 .\CortexM3\ARM_GCC_493\Debug\ADC+UART.a(ADC.o)
 .debug_info    0x000023c0       0xcc .\CortexM3\ARM_GCC_493\Debug\ADC+UART.a(ADC_INT.o)
 .debug_info    0x0000248c      0x16d .\CortexM3\ARM_GCC_493\Debug\ADC+UART.a(AMux.o)
 .debug_info    0x000025f9      0x32f .\CortexM3\ARM_GCC_493\Debug\ADC+UART.a(PWM.o)
 .debug_info    0x00002928      0x2cb .\CortexM3\ARM_GCC_493\Debug\ADC+UART.a(isrEnvio.o)
 .debug_info    0x00002bf3      0x603 .\CortexM3\ARM_GCC_493\Debug\ADC+UART.a(UART.o)
 .debug_info    0x000031f6      0x2cb .\CortexM3\ARM_GCC_493\Debug\ADC+UART.a(isrRX.o)
 .debug_info    0x000034c1      0x16d .\CortexM3\ARM_GCC_493\Debug\ADC+UART.a(ADC_AMux.o)
 .debug_info    0x0000362e      0x283 .\CortexM3\ARM_GCC_493\Debug\ADC+UART.a(ADC_Ext_CP_Clk.o)
 .debug_info    0x000038b1      0x2c4 .\CortexM3\ARM_GCC_493\Debug\ADC+UART.a(ADC_theACLK.o)
 .debug_info    0x00003b75      0x283 .\CortexM3\ARM_GCC_493\Debug\ADC+UART.a(UART_IntClock.o)
 .debug_info    0x00003df8     0x1385 .\CortexM3\ARM_GCC_493\Debug\ADC+UART.a(CyLib.o)
 .debug_info    0x0000517d      0xa57 .\CortexM3\ARM_GCC_493\Debug\ADC+UART.a(cyPm.o)
 .debug_info    0x00005bd4       0x8c .\CortexM3\ARM_GCC_493\Debug\ADC+UART.a(CyBootAsmGnu.o)
 .debug_info    0x00005c60      0x608 .\CortexM3\ARM_GCC_493\Debug\ADC+UART.a(CyFlash.o)
 .debug_info    0x00006268      0x4ea .\CortexM3\ARM_GCC_493\Debug\ADC+UART.a(CySpc.o)

.debug_abbrev   0x00000000     0x1d31
 *(.debug_abbrev)
 .debug_abbrev  0x00000000      0x18f .\CortexM3\ARM_GCC_493\Debug\main.o
 .debug_abbrev  0x0000018f       0x77 .\CortexM3\ARM_GCC_493\Debug\cymetadata.o
 .debug_abbrev  0x00000206      0x1f7 .\CortexM3\ARM_GCC_493\Debug\Cm3Start.o
 .debug_abbrev  0x000003fd      0x21f .\CortexM3\ARM_GCC_493\Debug\ADC+UART.a(cyfitter_cfg.o)
 .debug_abbrev  0x0000061c      0x171 .\CortexM3\ARM_GCC_493\Debug\ADC+UART.a(LCD.o)
 .debug_abbrev  0x0000078d      0x21f .\CortexM3\ARM_GCC_493\Debug\ADC+UART.a(ADC.o)
 .debug_abbrev  0x000009ac       0x42 .\CortexM3\ARM_GCC_493\Debug\ADC+UART.a(ADC_INT.o)
 .debug_abbrev  0x000009ee       0xcb .\CortexM3\ARM_GCC_493\Debug\ADC+UART.a(AMux.o)
 .debug_abbrev  0x00000ab9      0x14d .\CortexM3\ARM_GCC_493\Debug\ADC+UART.a(PWM.o)
 .debug_abbrev  0x00000c06      0x173 .\CortexM3\ARM_GCC_493\Debug\ADC+UART.a(isrEnvio.o)
 .debug_abbrev  0x00000d79      0x1a2 .\CortexM3\ARM_GCC_493\Debug\ADC+UART.a(UART.o)
 .debug_abbrev  0x00000f1b      0x173 .\CortexM3\ARM_GCC_493\Debug\ADC+UART.a(isrRX.o)
 .debug_abbrev  0x0000108e       0xcb .\CortexM3\ARM_GCC_493\Debug\ADC+UART.a(ADC_AMux.o)
 .debug_abbrev  0x00001159      0x139 .\CortexM3\ARM_GCC_493\Debug\ADC+UART.a(ADC_Ext_CP_Clk.o)
 .debug_abbrev  0x00001292      0x121 .\CortexM3\ARM_GCC_493\Debug\ADC+UART.a(ADC_theACLK.o)
 .debug_abbrev  0x000013b3      0x139 .\CortexM3\ARM_GCC_493\Debug\ADC+UART.a(UART_IntClock.o)
 .debug_abbrev  0x000014ec      0x296 .\CortexM3\ARM_GCC_493\Debug\ADC+UART.a(CyLib.o)
 .debug_abbrev  0x00001782      0x1ed .\CortexM3\ARM_GCC_493\Debug\ADC+UART.a(cyPm.o)
 .debug_abbrev  0x0000196f       0x14 .\CortexM3\ARM_GCC_493\Debug\ADC+UART.a(CyBootAsmGnu.o)
 .debug_abbrev  0x00001983      0x1ed .\CortexM3\ARM_GCC_493\Debug\ADC+UART.a(CyFlash.o)
 .debug_abbrev  0x00001b70      0x1c1 .\CortexM3\ARM_GCC_493\Debug\ADC+UART.a(CySpc.o)

.debug_line     0x00000000     0x299b
 *(.debug_line)
 .debug_line    0x00000000      0x295 .\CortexM3\ARM_GCC_493\Debug\main.o
 .debug_line    0x00000295       0x51 .\CortexM3\ARM_GCC_493\Debug\cymetadata.o
 .debug_line    0x000002e6      0x24f .\CortexM3\ARM_GCC_493\Debug\Cm3Start.o
 .debug_line    0x00000535      0x256 .\CortexM3\ARM_GCC_493\Debug\ADC+UART.a(cyfitter_cfg.o)
 .debug_line    0x0000078b      0x196 .\CortexM3\ARM_GCC_493\Debug\ADC+UART.a(LCD.o)
 .debug_line    0x00000921      0x364 .\CortexM3\ARM_GCC_493\Debug\ADC+UART.a(ADC.o)
 .debug_line    0x00000c85       0x80 .\CortexM3\ARM_GCC_493\Debug\ADC+UART.a(ADC_INT.o)
 .debug_line    0x00000d05       0xa8 .\CortexM3\ARM_GCC_493\Debug\ADC+UART.a(AMux.o)
 .debug_line    0x00000dad      0x183 .\CortexM3\ARM_GCC_493\Debug\ADC+UART.a(PWM.o)
 .debug_line    0x00000f30      0x135 .\CortexM3\ARM_GCC_493\Debug\ADC+UART.a(isrEnvio.o)
 .debug_line    0x00001065      0x2bc .\CortexM3\ARM_GCC_493\Debug\ADC+UART.a(UART.o)
 .debug_line    0x00001321      0x132 .\CortexM3\ARM_GCC_493\Debug\ADC+UART.a(isrRX.o)
 .debug_line    0x00001453       0xac .\CortexM3\ARM_GCC_493\Debug\ADC+UART.a(ADC_AMux.o)
 .debug_line    0x000014ff      0x17d .\CortexM3\ARM_GCC_493\Debug\ADC+UART.a(ADC_Ext_CP_Clk.o)
 .debug_line    0x0000167c      0x19d .\CortexM3\ARM_GCC_493\Debug\ADC+UART.a(ADC_theACLK.o)
 .debug_line    0x00001819      0x17c .\CortexM3\ARM_GCC_493\Debug\ADC+UART.a(UART_IntClock.o)
 .debug_line    0x00001995      0x816 .\CortexM3\ARM_GCC_493\Debug\ADC+UART.a(CyLib.o)
 .debug_line    0x000021ab      0x364 .\CortexM3\ARM_GCC_493\Debug\ADC+UART.a(cyPm.o)
 .debug_line    0x0000250f       0x66 .\CortexM3\ARM_GCC_493\Debug\ADC+UART.a(CyBootAsmGnu.o)
 .debug_line    0x00002575      0x1ea .\CortexM3\ARM_GCC_493\Debug\ADC+UART.a(CyFlash.o)
 .debug_line    0x0000275f      0x23c .\CortexM3\ARM_GCC_493\Debug\ADC+UART.a(CySpc.o)

.debug_frame    0x00000000     0x2410
 *(.debug_frame)
 .debug_frame   0x00000000       0x64 .\CortexM3\ARM_GCC_493\Debug\main.o
 .debug_frame   0x00000064       0xb8 .\CortexM3\ARM_GCC_493\Debug\Cm3Start.o
 .debug_frame   0x0000011c      0x13c .\CortexM3\ARM_GCC_493\Debug\ADC+UART.a(cyfitter_cfg.o)
 .debug_frame   0x00000258      0x1c0 .\CortexM3\ARM_GCC_493\Debug\ADC+UART.a(LCD.o)
 .debug_frame   0x00000418      0x290 .\CortexM3\ARM_GCC_493\Debug\ADC+UART.a(ADC.o)
 .debug_frame   0x000006a8       0x50 .\CortexM3\ARM_GCC_493\Debug\ADC+UART.a(ADC_INT.o)
 .debug_frame   0x000006f8       0x64 .\CortexM3\ARM_GCC_493\Debug\ADC+UART.a(AMux.o)
 .debug_frame   0x0000075c      0x134 .\CortexM3\ARM_GCC_493\Debug\ADC+UART.a(PWM.o)
 .debug_frame   0x00000890      0x104 .\CortexM3\ARM_GCC_493\Debug\ADC+UART.a(isrEnvio.o)
 .debug_frame   0x00000994      0x250 .\CortexM3\ARM_GCC_493\Debug\ADC+UART.a(UART.o)
 .debug_frame   0x00000be4      0x104 .\CortexM3\ARM_GCC_493\Debug\ADC+UART.a(isrRX.o)
 .debug_frame   0x00000ce8       0x64 .\CortexM3\ARM_GCC_493\Debug\ADC+UART.a(ADC_AMux.o)
 .debug_frame   0x00000d4c       0xe0 .\CortexM3\ARM_GCC_493\Debug\ADC+UART.a(ADC_Ext_CP_Clk.o)
 .debug_frame   0x00000e2c      0x100 .\CortexM3\ARM_GCC_493\Debug\ADC+UART.a(ADC_theACLK.o)
 .debug_frame   0x00000f2c       0xe0 .\CortexM3\ARM_GCC_493\Debug\ADC+UART.a(UART_IntClock.o)
 .debug_frame   0x0000100c      0x738 .\CortexM3\ARM_GCC_493\Debug\ADC+UART.a(CyLib.o)
 .debug_frame   0x00001744      0x1f8 .\CortexM3\ARM_GCC_493\Debug\ADC+UART.a(cyPm.o)
 .debug_frame   0x0000193c      0x174 .\CortexM3\ARM_GCC_493\Debug\ADC+UART.a(CyFlash.o)
 .debug_frame   0x00001ab0      0x160 .\CortexM3\ARM_GCC_493\Debug\ADC+UART.a(CySpc.o)
 .debug_frame   0x00001c10       0x20 c:/program files (x86)/cypress/psoc creator/4.0/psoc creator/import/gnu/arm/4.9.3/bin/../lib/gcc/arm-none-eabi/4.9.3/../../../../arm-none-eabi/lib/armv7-m\libg_nano.a(lib_a-errno.o)
 .debug_frame   0x00001c30       0x28 c:/program files (x86)/cypress/psoc creator/4.0/psoc creator/import/gnu/arm/4.9.3/bin/../lib/gcc/arm-none-eabi/4.9.3/../../../../arm-none-eabi/lib/armv7-m\libg_nano.a(lib_a-exit.o)
 .debug_frame   0x00001c58       0x2c c:/program files (x86)/cypress/psoc creator/4.0/psoc creator/import/gnu/arm/4.9.3/bin/../lib/gcc/arm-none-eabi/4.9.3/../../../../arm-none-eabi/lib/armv7-m\libg_nano.a(lib_a-init.o)
 .debug_frame   0x00001c84       0x28 c:/program files (x86)/cypress/psoc creator/4.0/psoc creator/import/gnu/arm/4.9.3/bin/../lib/gcc/arm-none-eabi/4.9.3/../../../../arm-none-eabi/lib/armv7-m\libg_nano.a(lib_a-memcpy.o)
 .debug_frame   0x00001cac       0x20 c:/program files (x86)/cypress/psoc creator/4.0/psoc creator/import/gnu/arm/4.9.3/bin/../lib/gcc/arm-none-eabi/4.9.3/../../../../arm-none-eabi/lib/armv7-m\libg_nano.a(lib_a-memset.o)
 .debug_frame   0x00001ccc       0x8c c:/program files (x86)/cypress/psoc creator/4.0/psoc creator/import/gnu/arm/4.9.3/bin/../lib/gcc/arm-none-eabi/4.9.3/../../../../arm-none-eabi/lib/armv7-m\libg_nano.a(lib_a-nano-vfprintf_float.o)
 .debug_frame   0x00001d58       0x58 c:/program files (x86)/cypress/psoc creator/4.0/psoc creator/import/gnu/arm/4.9.3/bin/../lib/gcc/arm-none-eabi/4.9.3/../../../../arm-none-eabi/lib/armv7-m\libg_nano.a(lib_a-nano-vfprintf_i.o)
 .debug_frame   0x00001db0       0x28 c:/program files (x86)/cypress/psoc creator/4.0/psoc creator/import/gnu/arm/4.9.3/bin/../lib/gcc/arm-none-eabi/4.9.3/../../../../arm-none-eabi/lib/armv7-m\libg_nano.a(lib_a-s_fpclassify.o)
 .debug_frame   0x00001dd8       0x70 c:/program files (x86)/cypress/psoc creator/4.0/psoc creator/import/gnu/arm/4.9.3/bin/../lib/gcc/arm-none-eabi/4.9.3/../../../../arm-none-eabi/lib/armv7-m\libg_nano.a(lib_a-sprintf.o)
 .debug_frame   0x00001e48       0x20 c:/program files (x86)/cypress/psoc creator/4.0/psoc creator/import/gnu/arm/4.9.3/bin/../lib/gcc/arm-none-eabi/4.9.3/../../../../arm-none-eabi/lib/armv7-m\libg_nano.a(lib_a-strlen.o)
 .debug_frame   0x00001e68       0x6c c:/program files (x86)/cypress/psoc creator/4.0/psoc creator/import/gnu/arm/4.9.3/bin/../lib/gcc/arm-none-eabi/4.9.3/../../../../arm-none-eabi/lib/armv7-m\libg_nano.a(lib_a-dtoa.o)
 .debug_frame   0x00001ed4       0x98 c:/program files (x86)/cypress/psoc creator/4.0/psoc creator/import/gnu/arm/4.9.3/bin/../lib/gcc/arm-none-eabi/4.9.3/../../../../arm-none-eabi/lib/armv7-m\libg_nano.a(lib_a-locale.o)
 .debug_frame   0x00001f6c       0x30 c:/program files (x86)/cypress/psoc creator/4.0/psoc creator/import/gnu/arm/4.9.3/bin/../lib/gcc/arm-none-eabi/4.9.3/../../../../arm-none-eabi/lib/armv7-m\libg_nano.a(lib_a-malloc.o)
 .debug_frame   0x00001f9c       0x28 c:/program files (x86)/cypress/psoc creator/4.0/psoc creator/import/gnu/arm/4.9.3/bin/../lib/gcc/arm-none-eabi/4.9.3/../../../../arm-none-eabi/lib/armv7-m\libg_nano.a(lib_a-memchr.o)
 .debug_frame   0x00001fc4      0x230 c:/program files (x86)/cypress/psoc creator/4.0/psoc creator/import/gnu/arm/4.9.3/bin/../lib/gcc/arm-none-eabi/4.9.3/../../../../arm-none-eabi/lib/armv7-m\libg_nano.a(lib_a-mprec.o)
 .debug_frame   0x000021f4       0x2c c:/program files (x86)/cypress/psoc creator/4.0/psoc creator/import/gnu/arm/4.9.3/bin/../lib/gcc/arm-none-eabi/4.9.3/../../../../arm-none-eabi/lib/armv7-m\libg_nano.a(lib_a-nano-callocr.o)
 .debug_frame   0x00002220       0x2c c:/program files (x86)/cypress/psoc creator/4.0/psoc creator/import/gnu/arm/4.9.3/bin/../lib/gcc/arm-none-eabi/4.9.3/../../../../arm-none-eabi/lib/armv7-m\libg_nano.a(lib_a-nano-freer.o)
 .debug_frame   0x0000224c       0x2c c:/program files (x86)/cypress/psoc creator/4.0/psoc creator/import/gnu/arm/4.9.3/bin/../lib/gcc/arm-none-eabi/4.9.3/../../../../arm-none-eabi/lib/armv7-m\libg_nano.a(lib_a-nano-mallocr.o)
 .debug_frame   0x00002278       0x8c c:/program files (x86)/cypress/psoc creator/4.0/psoc creator/import/gnu/arm/4.9.3/bin/../lib/gcc/arm-none-eabi/4.9.3/../../../../arm-none-eabi/lib/armv7-m\libg_nano.a(lib_a-nano-svfprintf.o)
 .debug_frame   0x00002304       0x2c c:/program files (x86)/cypress/psoc creator/4.0/psoc creator/import/gnu/arm/4.9.3/bin/../lib/gcc/arm-none-eabi/4.9.3/../../../../arm-none-eabi/lib/armv7-m\libg_nano.a(lib_a-sbrkr.o)
 .debug_frame   0x00002330       0x28 c:/program files (x86)/cypress/psoc creator/4.0/psoc creator/import/gnu/arm/4.9.3/bin/../lib/gcc/arm-none-eabi/4.9.3/../../../../arm-none-eabi/lib/armv7-m\libg_nano.a(lib_a-memmove.o)
 .debug_frame   0x00002358       0x3c c:/program files (x86)/cypress/psoc creator/4.0/psoc creator/import/gnu/arm/4.9.3/bin/../lib/gcc/arm-none-eabi/4.9.3/../../../../arm-none-eabi/lib/armv7-m\libg_nano.a(lib_a-nano-reallocr.o)
 .debug_frame   0x00002394       0x5c c:/program files (x86)/cypress/psoc creator/4.0/psoc creator/import/gnu/arm/4.9.3/bin/../lib/gcc/arm-none-eabi/4.9.3/../../../../arm-none-eabi/lib/armv7-m\libg_nano.a(lib_a-reent.o)
 .debug_frame   0x000023f0       0x20 c:/program files (x86)/cypress/psoc creator/4.0/psoc creator/import/gnu/arm/4.9.3/bin/../lib/gcc/arm-none-eabi/4.9.3/../../../../arm-none-eabi/lib/armv7-m\libg_nano.a(lib_a-nano-msizer.o)

.debug_str      0x00000000     0x22ad
 *(.debug_str)
 .debug_str     0x00000000      0x2a5 .\CortexM3\ARM_GCC_493\Debug\main.o
                                0x307 (size before relaxing)
 .debug_str     0x000002a5       0x75 .\CortexM3\ARM_GCC_493\Debug\cymetadata.o
                                0x1e6 (size before relaxing)
 .debug_str     0x0000031a      0x15d .\CortexM3\ARM_GCC_493\Debug\Cm3Start.o
                                0x2fa (size before relaxing)
 .debug_str     0x00000477      0x1d5 .\CortexM3\ARM_GCC_493\Debug\ADC+UART.a(cyfitter_cfg.o)
                                0x3b4 (size before relaxing)
 .debug_str     0x0000064c      0x13a .\CortexM3\ARM_GCC_493\Debug\ADC+UART.a(LCD.o)
                                0x301 (size before relaxing)
 .debug_str     0x00000786      0x369 .\CortexM3\ARM_GCC_493\Debug\ADC+UART.a(ADC.o)
                                0x5c6 (size before relaxing)
 .debug_str     0x00000aef       0x45 .\CortexM3\ARM_GCC_493\Debug\ADC+UART.a(ADC_INT.o)
                                0x1b0 (size before relaxing)
 .debug_str     0x00000b34       0x23 .\CortexM3\ARM_GCC_493\Debug\ADC+UART.a(AMux.o)
                                0x1df (size before relaxing)
 .debug_str     0x00000b57      0x167 .\CortexM3\ARM_GCC_493\Debug\ADC+UART.a(PWM.o)
                                0x31b (size before relaxing)
 .debug_str     0x00000cbe      0x117 .\CortexM3\ARM_GCC_493\Debug\ADC+UART.a(isrEnvio.o)
                                0x2c0 (size before relaxing)
 .debug_str     0x00000dd5      0x252 .\CortexM3\ARM_GCC_493\Debug\ADC+UART.a(UART.o)
                                0x465 (size before relaxing)
 .debug_str     0x00001027       0xd8 .\CortexM3\ARM_GCC_493\Debug\ADC+UART.a(isrRX.o)
                                0x296 (size before relaxing)
 .debug_str     0x000010ff       0x5a .\CortexM3\ARM_GCC_493\Debug\ADC+UART.a(ADC_AMux.o)
                                0x1fb (size before relaxing)
 .debug_str     0x00001159      0x173 .\CortexM3\ARM_GCC_493\Debug\ADC+UART.a(ADC_Ext_CP_Clk.o)
                                0x33e (size before relaxing)
 .debug_str     0x000012cc      0x14f .\CortexM3\ARM_GCC_493\Debug\ADC+UART.a(ADC_theACLK.o)
                                0x35d (size before relaxing)
 .debug_str     0x0000141b      0x138 .\CortexM3\ARM_GCC_493\Debug\ADC+UART.a(UART_IntClock.o)
                                0x332 (size before relaxing)
 .debug_str     0x00001553      0x7b9 .\CortexM3\ARM_GCC_493\Debug\ADC+UART.a(CyLib.o)
                                0xa37 (size before relaxing)
 .debug_str     0x00001d0c      0x359 .\CortexM3\ARM_GCC_493\Debug\ADC+UART.a(cyPm.o)
                                0x717 (size before relaxing)
 .debug_str     0x00002065      0x19c .\CortexM3\ARM_GCC_493\Debug\ADC+UART.a(CyFlash.o)
                                0x391 (size before relaxing)
 .debug_str     0x00002201       0xac .\CortexM3\ARM_GCC_493\Debug\ADC+UART.a(CySpc.o)
                                0x31a (size before relaxing)

.debug_loc      0x00000000     0x2a6f
 *(.debug_loc)
 .debug_loc     0x00000000      0x144 .\CortexM3\ARM_GCC_493\Debug\Cm3Start.o
 .debug_loc     0x00000144      0x29b .\CortexM3\ARM_GCC_493\Debug\ADC+UART.a(cyfitter_cfg.o)
 .debug_loc     0x000003df      0x2f5 .\CortexM3\ARM_GCC_493\Debug\ADC+UART.a(LCD.o)
 .debug_loc     0x000006d4      0x6b6 .\CortexM3\ARM_GCC_493\Debug\ADC+UART.a(ADC.o)
 .debug_loc     0x00000d8a       0x6c .\CortexM3\ARM_GCC_493\Debug\ADC+UART.a(AMux.o)
 .debug_loc     0x00000df6       0x26 .\CortexM3\ARM_GCC_493\Debug\ADC+UART.a(PWM.o)
 .debug_loc     0x00000e1c       0x56 .\CortexM3\ARM_GCC_493\Debug\ADC+UART.a(isrEnvio.o)
 .debug_loc     0x00000e72      0x258 .\CortexM3\ARM_GCC_493\Debug\ADC+UART.a(UART.o)
 .debug_loc     0x000010ca       0x56 .\CortexM3\ARM_GCC_493\Debug\ADC+UART.a(isrRX.o)
 .debug_loc     0x00001120       0x6c .\CortexM3\ARM_GCC_493\Debug\ADC+UART.a(ADC_AMux.o)
 .debug_loc     0x0000118c      0x12c .\CortexM3\ARM_GCC_493\Debug\ADC+UART.a(ADC_Ext_CP_Clk.o)
 .debug_loc     0x000012b8      0x14d .\CortexM3\ARM_GCC_493\Debug\ADC+UART.a(ADC_theACLK.o)
 .debug_loc     0x00001405      0x128 .\CortexM3\ARM_GCC_493\Debug\ADC+UART.a(UART_IntClock.o)
 .debug_loc     0x0000152d      0xa11 .\CortexM3\ARM_GCC_493\Debug\ADC+UART.a(CyLib.o)
 .debug_loc     0x00001f3e      0x1e4 .\CortexM3\ARM_GCC_493\Debug\ADC+UART.a(cyPm.o)
 .debug_loc     0x00002122      0x300 .\CortexM3\ARM_GCC_493\Debug\ADC+UART.a(CyFlash.o)
 .debug_loc     0x00002422      0x64d .\CortexM3\ARM_GCC_493\Debug\ADC+UART.a(CySpc.o)

.debug_macinfo
 *(.debug_macinfo)

.debug_ranges   0x00000000      0x9e8
 *(.debug_ranges)
 .debug_ranges  0x00000000       0x20 .\CortexM3\ARM_GCC_493\Debug\main.o
 .debug_ranges  0x00000020       0x38 .\CortexM3\ARM_GCC_493\Debug\Cm3Start.o
 .debug_ranges  0x00000058       0x68 .\CortexM3\ARM_GCC_493\Debug\ADC+UART.a(cyfitter_cfg.o)
 .debug_ranges  0x000000c0       0x80 .\CortexM3\ARM_GCC_493\Debug\ADC+UART.a(LCD.o)
 .debug_ranges  0x00000140       0xd8 .\CortexM3\ARM_GCC_493\Debug\ADC+UART.a(ADC.o)
 .debug_ranges  0x00000218       0x28 .\CortexM3\ARM_GCC_493\Debug\ADC+UART.a(ADC_INT.o)
 .debug_ranges  0x00000240       0x20 .\CortexM3\ARM_GCC_493\Debug\ADC+UART.a(AMux.o)
 .debug_ranges  0x00000260       0x88 .\CortexM3\ARM_GCC_493\Debug\ADC+UART.a(PWM.o)
 .debug_ranges  0x000002e8       0x70 .\CortexM3\ARM_GCC_493\Debug\ADC+UART.a(isrEnvio.o)
 .debug_ranges  0x00000358       0xe0 .\CortexM3\ARM_GCC_493\Debug\ADC+UART.a(UART.o)
 .debug_ranges  0x00000438       0x70 .\CortexM3\ARM_GCC_493\Debug\ADC+UART.a(isrRX.o)
 .debug_ranges  0x000004a8       0x20 .\CortexM3\ARM_GCC_493\Debug\ADC+UART.a(ADC_AMux.o)
 .debug_ranges  0x000004c8       0x60 .\CortexM3\ARM_GCC_493\Debug\ADC+UART.a(ADC_Ext_CP_Clk.o)
 .debug_ranges  0x00000528       0x70 .\CortexM3\ARM_GCC_493\Debug\ADC+UART.a(ADC_theACLK.o)
 .debug_ranges  0x00000598       0x60 .\CortexM3\ARM_GCC_493\Debug\ADC+UART.a(UART_IntClock.o)
 .debug_ranges  0x000005f8      0x290 .\CortexM3\ARM_GCC_493\Debug\ADC+UART.a(CyLib.o)
 .debug_ranges  0x00000888       0x88 .\CortexM3\ARM_GCC_493\Debug\ADC+UART.a(cyPm.o)
 .debug_ranges  0x00000910       0x70 .\CortexM3\ARM_GCC_493\Debug\ADC+UART.a(CyFlash.o)
 .debug_ranges  0x00000980       0x68 .\CortexM3\ARM_GCC_493\Debug\ADC+UART.a(CySpc.o)

.comment        0x00000000       0x70
 .comment       0x00000000       0x70 .\CortexM3\ARM_GCC_493\Debug\main.o
                                 0x71 (size before relaxing)
 .comment       0x00000000       0x71 .\CortexM3\ARM_GCC_493\Debug\cymetadata.o
 .comment       0x00000000       0x71 .\CortexM3\ARM_GCC_493\Debug\Cm3Start.o
 .comment       0x00000000       0x71 .\CortexM3\ARM_GCC_493\Debug\ADC+UART.a(cyfitter_cfg.o)
 .comment       0x00000000       0x71 .\CortexM3\ARM_GCC_493\Debug\ADC+UART.a(LCD.o)
 .comment       0x00000000       0x71 .\CortexM3\ARM_GCC_493\Debug\ADC+UART.a(ADC.o)
 .comment       0x00000000       0x71 .\CortexM3\ARM_GCC_493\Debug\ADC+UART.a(ADC_INT.o)
 .comment       0x00000000       0x71 .\CortexM3\ARM_GCC_493\Debug\ADC+UART.a(AMux.o)
 .comment       0x00000000       0x71 .\CortexM3\ARM_GCC_493\Debug\ADC+UART.a(PWM.o)
 .comment       0x00000000       0x71 .\CortexM3\ARM_GCC_493\Debug\ADC+UART.a(isrEnvio.o)
 .comment       0x00000000       0x71 .\CortexM3\ARM_GCC_493\Debug\ADC+UART.a(UART.o)
 .comment       0x00000000       0x71 .\CortexM3\ARM_GCC_493\Debug\ADC+UART.a(isrRX.o)
 .comment       0x00000000       0x71 .\CortexM3\ARM_GCC_493\Debug\ADC+UART.a(ADC_AMux.o)
 .comment       0x00000000       0x71 .\CortexM3\ARM_GCC_493\Debug\ADC+UART.a(ADC_Ext_CP_Clk.o)
 .comment       0x00000000       0x71 .\CortexM3\ARM_GCC_493\Debug\ADC+UART.a(ADC_theACLK.o)
 .comment       0x00000000       0x71 .\CortexM3\ARM_GCC_493\Debug\ADC+UART.a(UART_IntClock.o)
 .comment       0x00000000       0x71 .\CortexM3\ARM_GCC_493\Debug\ADC+UART.a(CyLib.o)
 .comment       0x00000000       0x71 .\CortexM3\ARM_GCC_493\Debug\ADC+UART.a(cyPm.o)
 .comment       0x00000000       0x71 .\CortexM3\ARM_GCC_493\Debug\ADC+UART.a(CyFlash.o)
 .comment       0x00000000       0x71 .\CortexM3\ARM_GCC_493\Debug\ADC+UART.a(CySpc.o)

.debug_weaknames
 *(.debug_weaknames)

.debug_funcnames
 *(.debug_funcnames)

.debug_typenames
 *(.debug_typenames)

.debug_varnames
 *(.debug_varnames)

.note.gnu.arm.ident
 *(.note.gnu.arm.ident)

.ARM.attributes
                0x00000000       0x29
 *(.ARM.attributes)
 .ARM.attributes
                0x00000000       0x1d c:/program files (x86)/cypress/psoc creator/4.0/psoc creator/import/gnu/arm/4.9.3/bin/../lib/gcc/arm-none-eabi/4.9.3/armv7-m/crti.o
 .ARM.attributes
                0x0000001d       0x2d c:/program files (x86)/cypress/psoc creator/4.0/psoc creator/import/gnu/arm/4.9.3/bin/../lib/gcc/arm-none-eabi/4.9.3/armv7-m/crtbegin.o
 .ARM.attributes
                0x0000004a       0x1b c:/program files (x86)/cypress/psoc creator/4.0/psoc creator/import/gnu/arm/4.9.3/bin/../lib/gcc/arm-none-eabi/4.9.3/../../../../arm-none-eabi/lib/armv7-m/crt0.o
 .ARM.attributes
                0x00000065       0x33 .\CortexM3\ARM_GCC_493\Debug\main.o
 .ARM.attributes
                0x00000098       0x33 .\CortexM3\ARM_GCC_493\Debug\cymetadata.o
 .ARM.attributes
                0x000000cb       0x33 .\CortexM3\ARM_GCC_493\Debug\Cm3Start.o
 .ARM.attributes
                0x000000fe       0x33 .\CortexM3\ARM_GCC_493\Debug\ADC+UART.a(cyfitter_cfg.o)
 .ARM.attributes
                0x00000131       0x33 .\CortexM3\ARM_GCC_493\Debug\ADC+UART.a(LCD.o)
 .ARM.attributes
                0x00000164       0x33 .\CortexM3\ARM_GCC_493\Debug\ADC+UART.a(ADC.o)
 .ARM.attributes
                0x00000197       0x33 .\CortexM3\ARM_GCC_493\Debug\ADC+UART.a(ADC_INT.o)
 .ARM.attributes
                0x000001ca       0x33 .\CortexM3\ARM_GCC_493\Debug\ADC+UART.a(AMux.o)
 .ARM.attributes
                0x000001fd       0x33 .\CortexM3\ARM_GCC_493\Debug\ADC+UART.a(PWM.o)
 .ARM.attributes
                0x00000230       0x33 .\CortexM3\ARM_GCC_493\Debug\ADC+UART.a(isrEnvio.o)
 .ARM.attributes
                0x00000263       0x33 .\CortexM3\ARM_GCC_493\Debug\ADC+UART.a(UART.o)
 .ARM.attributes
                0x00000296       0x33 .\CortexM3\ARM_GCC_493\Debug\ADC+UART.a(isrRX.o)
 .ARM.attributes
                0x000002c9       0x33 .\CortexM3\ARM_GCC_493\Debug\ADC+UART.a(ADC_AMux.o)
 .ARM.attributes
                0x000002fc       0x33 .\CortexM3\ARM_GCC_493\Debug\ADC+UART.a(ADC_Ext_CP_Clk.o)
 .ARM.attributes
                0x0000032f       0x33 .\CortexM3\ARM_GCC_493\Debug\ADC+UART.a(ADC_theACLK.o)
 .ARM.attributes
                0x00000362       0x33 .\CortexM3\ARM_GCC_493\Debug\ADC+UART.a(UART_IntClock.o)
 .ARM.attributes
                0x00000395       0x33 .\CortexM3\ARM_GCC_493\Debug\ADC+UART.a(CyLib.o)
 .ARM.attributes
                0x000003c8       0x33 .\CortexM3\ARM_GCC_493\Debug\ADC+UART.a(cyPm.o)
 .ARM.attributes
                0x000003fb       0x21 .\CortexM3\ARM_GCC_493\Debug\ADC+UART.a(CyBootAsmGnu.o)
 .ARM.attributes
                0x0000041c       0x33 .\CortexM3\ARM_GCC_493\Debug\ADC+UART.a(CyFlash.o)
 .ARM.attributes
                0x0000044f       0x33 .\CortexM3\ARM_GCC_493\Debug\ADC+UART.a(CySpc.o)
 .ARM.attributes
                0x00000482       0x1d c:/program files (x86)/cypress/psoc creator/4.0/psoc creator/import/gnu/arm/4.9.3/bin/../lib/gcc/arm-none-eabi/4.9.3/armv7-m\libgcc.a(_arm_addsubdf3.o)
 .ARM.attributes
                0x0000049f       0x1d c:/program files (x86)/cypress/psoc creator/4.0/psoc creator/import/gnu/arm/4.9.3/bin/../lib/gcc/arm-none-eabi/4.9.3/armv7-m\libgcc.a(_arm_cmpdf2.o)
 .ARM.attributes
                0x000004bc       0x1d c:/program files (x86)/cypress/psoc creator/4.0/psoc creator/import/gnu/arm/4.9.3/bin/../lib/gcc/arm-none-eabi/4.9.3/armv7-m\libgcc.a(_arm_addsubsf3.o)
 .ARM.attributes
                0x000004d9       0x1d c:/program files (x86)/cypress/psoc creator/4.0/psoc creator/import/gnu/arm/4.9.3/bin/../lib/gcc/arm-none-eabi/4.9.3/armv7-m\libgcc.a(_arm_muldivsf3.o)
 .ARM.attributes
                0x000004f6       0x1d c:/program files (x86)/cypress/psoc creator/4.0/psoc creator/import/gnu/arm/4.9.3/bin/../lib/gcc/arm-none-eabi/4.9.3/armv7-m\libgcc.a(_arm_fixunssfsi.o)
 .ARM.attributes
                0x00000513       0x2d c:/program files (x86)/cypress/psoc creator/4.0/psoc creator/import/gnu/arm/4.9.3/bin/../lib/gcc/arm-none-eabi/4.9.3/../../../../arm-none-eabi/lib/armv7-m\libg_nano.a(lib_a-errno.o)
 .ARM.attributes
                0x00000540       0x2d c:/program files (x86)/cypress/psoc creator/4.0/psoc creator/import/gnu/arm/4.9.3/bin/../lib/gcc/arm-none-eabi/4.9.3/../../../../arm-none-eabi/lib/armv7-m\libg_nano.a(lib_a-exit.o)
 .ARM.attributes
                0x0000056d       0x2d c:/program files (x86)/cypress/psoc creator/4.0/psoc creator/import/gnu/arm/4.9.3/bin/../lib/gcc/arm-none-eabi/4.9.3/../../../../arm-none-eabi/lib/armv7-m\libg_nano.a(lib_a-impure.o)
 .ARM.attributes
                0x0000059a       0x2d c:/program files (x86)/cypress/psoc creator/4.0/psoc creator/import/gnu/arm/4.9.3/bin/../lib/gcc/arm-none-eabi/4.9.3/../../../../arm-none-eabi/lib/armv7-m\libg_nano.a(lib_a-init.o)
 .ARM.attributes
                0x000005c7       0x2d c:/program files (x86)/cypress/psoc creator/4.0/psoc creator/import/gnu/arm/4.9.3/bin/../lib/gcc/arm-none-eabi/4.9.3/../../../../arm-none-eabi/lib/armv7-m\libg_nano.a(lib_a-memcpy.o)
 .ARM.attributes
                0x000005f4       0x2d c:/program files (x86)/cypress/psoc creator/4.0/psoc creator/import/gnu/arm/4.9.3/bin/../lib/gcc/arm-none-eabi/4.9.3/../../../../arm-none-eabi/lib/armv7-m\libg_nano.a(lib_a-memset.o)
 .ARM.attributes
                0x00000621       0x2d c:/program files (x86)/cypress/psoc creator/4.0/psoc creator/import/gnu/arm/4.9.3/bin/../lib/gcc/arm-none-eabi/4.9.3/../../../../arm-none-eabi/lib/armv7-m\libg_nano.a(lib_a-nano-vfprintf_float.o)
 .ARM.attributes
                0x0000064e       0x2d c:/program files (x86)/cypress/psoc creator/4.0/psoc creator/import/gnu/arm/4.9.3/bin/../lib/gcc/arm-none-eabi/4.9.3/../../../../arm-none-eabi/lib/armv7-m\libg_nano.a(lib_a-nano-vfprintf_i.o)
 .ARM.attributes
                0x0000067b       0x2d c:/program files (x86)/cypress/psoc creator/4.0/psoc creator/import/gnu/arm/4.9.3/bin/../lib/gcc/arm-none-eabi/4.9.3/../../../../arm-none-eabi/lib/armv7-m\libg_nano.a(lib_a-s_fpclassify.o)
 .ARM.attributes
                0x000006a8       0x2d c:/program files (x86)/cypress/psoc creator/4.0/psoc creator/import/gnu/arm/4.9.3/bin/../lib/gcc/arm-none-eabi/4.9.3/../../../../arm-none-eabi/lib/armv7-m\libg_nano.a(lib_a-sprintf.o)
 .ARM.attributes
                0x000006d5       0x2d c:/program files (x86)/cypress/psoc creator/4.0/psoc creator/import/gnu/arm/4.9.3/bin/../lib/gcc/arm-none-eabi/4.9.3/../../../../arm-none-eabi/lib/armv7-m\libg_nano.a(lib_a-strlen.o)
 .ARM.attributes
                0x00000702       0x2d c:/program files (x86)/cypress/psoc creator/4.0/psoc creator/import/gnu/arm/4.9.3/bin/../lib/gcc/arm-none-eabi/4.9.3/../../../../arm-none-eabi/lib/armv7-m\libg_nano.a(lib_a-dtoa.o)
 .ARM.attributes
                0x0000072f       0x2d c:/program files (x86)/cypress/psoc creator/4.0/psoc creator/import/gnu/arm/4.9.3/bin/../lib/gcc/arm-none-eabi/4.9.3/../../../../arm-none-eabi/lib/armv7-m\libg_nano.a(lib_a-locale.o)
 .ARM.attributes
                0x0000075c       0x2d c:/program files (x86)/cypress/psoc creator/4.0/psoc creator/import/gnu/arm/4.9.3/bin/../lib/gcc/arm-none-eabi/4.9.3/../../../../arm-none-eabi/lib/armv7-m\libg_nano.a(lib_a-malloc.o)
 .ARM.attributes
                0x00000789       0x2d c:/program files (x86)/cypress/psoc creator/4.0/psoc creator/import/gnu/arm/4.9.3/bin/../lib/gcc/arm-none-eabi/4.9.3/../../../../arm-none-eabi/lib/armv7-m\libg_nano.a(lib_a-memchr.o)
 .ARM.attributes
                0x000007b6       0x2d c:/program files (x86)/cypress/psoc creator/4.0/psoc creator/import/gnu/arm/4.9.3/bin/../lib/gcc/arm-none-eabi/4.9.3/../../../../arm-none-eabi/lib/armv7-m\libg_nano.a(lib_a-mprec.o)
 .ARM.attributes
                0x000007e3       0x2d c:/program files (x86)/cypress/psoc creator/4.0/psoc creator/import/gnu/arm/4.9.3/bin/../lib/gcc/arm-none-eabi/4.9.3/../../../../arm-none-eabi/lib/armv7-m\libg_nano.a(lib_a-nano-callocr.o)
 .ARM.attributes
                0x00000810       0x2d c:/program files (x86)/cypress/psoc creator/4.0/psoc creator/import/gnu/arm/4.9.3/bin/../lib/gcc/arm-none-eabi/4.9.3/../../../../arm-none-eabi/lib/armv7-m\libg_nano.a(lib_a-nano-freer.o)
 .ARM.attributes
                0x0000083d       0x2d c:/program files (x86)/cypress/psoc creator/4.0/psoc creator/import/gnu/arm/4.9.3/bin/../lib/gcc/arm-none-eabi/4.9.3/../../../../arm-none-eabi/lib/armv7-m\libg_nano.a(lib_a-nano-mallocr.o)
 .ARM.attributes
                0x0000086a       0x2d c:/program files (x86)/cypress/psoc creator/4.0/psoc creator/import/gnu/arm/4.9.3/bin/../lib/gcc/arm-none-eabi/4.9.3/../../../../arm-none-eabi/lib/armv7-m\libg_nano.a(lib_a-nano-svfprintf.o)
 .ARM.attributes
                0x00000897       0x2d c:/program files (x86)/cypress/psoc creator/4.0/psoc creator/import/gnu/arm/4.9.3/bin/../lib/gcc/arm-none-eabi/4.9.3/../../../../arm-none-eabi/lib/armv7-m\libg_nano.a(lib_a-sbrkr.o)
 .ARM.attributes
                0x000008c4       0x1b c:/program files (x86)/cypress/psoc creator/4.0/psoc creator/import/gnu/arm/4.9.3/bin/../lib/gcc/arm-none-eabi/4.9.3/../../../../arm-none-eabi/lib/armv7-m\libg_nano.a(lib_a-strcmp.o)
 .ARM.attributes
                0x000008df       0x2d c:/program files (x86)/cypress/psoc creator/4.0/psoc creator/import/gnu/arm/4.9.3/bin/../lib/gcc/arm-none-eabi/4.9.3/../../../../arm-none-eabi/lib/armv7-m\libg_nano.a(lib_a-memmove.o)
 .ARM.attributes
                0x0000090c       0x2d c:/program files (x86)/cypress/psoc creator/4.0/psoc creator/import/gnu/arm/4.9.3/bin/../lib/gcc/arm-none-eabi/4.9.3/../../../../arm-none-eabi/lib/armv7-m\libg_nano.a(lib_a-nano-reallocr.o)
 .ARM.attributes
                0x00000939       0x2d c:/program files (x86)/cypress/psoc creator/4.0/psoc creator/import/gnu/arm/4.9.3/bin/../lib/gcc/arm-none-eabi/4.9.3/../../../../arm-none-eabi/lib/armv7-m\libg_nano.a(lib_a-reent.o)
 .ARM.attributes
                0x00000966       0x2d c:/program files (x86)/cypress/psoc creator/4.0/psoc creator/import/gnu/arm/4.9.3/bin/../lib/gcc/arm-none-eabi/4.9.3/../../../../arm-none-eabi/lib/armv7-m\libg_nano.a(lib_a-nano-msizer.o)
 .ARM.attributes
                0x00000993       0x1d c:/program files (x86)/cypress/psoc creator/4.0/psoc creator/import/gnu/arm/4.9.3/bin/../lib/gcc/arm-none-eabi/4.9.3/armv7-m\libgcc.a(_arm_muldivdf3.o)
 .ARM.attributes
                0x000009b0       0x1d c:/program files (x86)/cypress/psoc creator/4.0/psoc creator/import/gnu/arm/4.9.3/bin/../lib/gcc/arm-none-eabi/4.9.3/armv7-m\libgcc.a(_arm_fixdfsi.o)
 .ARM.attributes
                0x000009cd       0x2d c:/program files (x86)/cypress/psoc creator/4.0/psoc creator/import/gnu/arm/4.9.3/bin/../lib/gcc/arm-none-eabi/4.9.3/armv7-m/crtend.o
 .ARM.attributes
                0x000009fa       0x1d c:/program files (x86)/cypress/psoc creator/4.0/psoc creator/import/gnu/arm/4.9.3/bin/../lib/gcc/arm-none-eabi/4.9.3/armv7-m/crtn.o

/DISCARD/
 *(.note.GNU-stack)
OUTPUT(.\CortexM3\ARM_GCC_493\Debug\ADC+UART.elf elf32-littlearm)
